Archive member included to satisfy reference by file (symbol)

c:/program files (x86)/atollic/truestudio for stm32 9.3.0/armtools/bin/../lib/gcc/arm-atollic-eabi/6.3.1/../../../../arm-atollic-eabi/lib/armv7e-m/fpu\libc_nano.a(lib_a-errno.o)
                              Src\syscalls.o (__errno)
c:/program files (x86)/atollic/truestudio for stm32 9.3.0/armtools/bin/../lib/gcc/arm-atollic-eabi/6.3.1/../../../../arm-atollic-eabi/lib/armv7e-m/fpu\libc_nano.a(lib_a-impure.o)
                              c:/program files (x86)/atollic/truestudio for stm32 9.3.0/armtools/bin/../lib/gcc/arm-atollic-eabi/6.3.1/../../../../arm-atollic-eabi/lib/armv7e-m/fpu\libc_nano.a(lib_a-errno.o) (_impure_ptr)
c:/program files (x86)/atollic/truestudio for stm32 9.3.0/armtools/bin/../lib/gcc/arm-atollic-eabi/6.3.1/../../../../arm-atollic-eabi/lib/armv7e-m/fpu\libc_nano.a(lib_a-init.o)
                              startup\startup_stm32wb55xx_cm4.o (__libc_init_array)
c:/program files (x86)/atollic/truestudio for stm32 9.3.0/armtools/bin/../lib/gcc/arm-atollic-eabi/6.3.1/../../../../arm-atollic-eabi/lib/armv7e-m/fpu\libc_nano.a(lib_a-memcpy-stub.o)
                              Middlewares\Third_Party\FreeRTOS\Source\CMSIS_RTOS_V2\cmsis_os2.o (memcpy)
c:/program files (x86)/atollic/truestudio for stm32 9.3.0/armtools/bin/../lib/gcc/arm-atollic-eabi/6.3.1/../../../../arm-atollic-eabi/lib/armv7e-m/fpu\libc_nano.a(lib_a-memset.o)
                              Drivers\CMSIS\DSP\Source\ControllerFunctions\arm_pid_init_f32.o (memset)
c:/program files (x86)/atollic/truestudio for stm32 9.3.0/armtools/bin/../lib/gcc/arm-atollic-eabi/6.3.1/../../../../arm-atollic-eabi/lib/armv7e-m/fpu\libc_nano.a(lib_a-strlen.o)
                              Src\UART_Print.o (strlen)
c:/program files (x86)/atollic/truestudio for stm32 9.3.0/armtools/bin/../lib/gcc/arm-atollic-eabi/6.3.1/../../../../arm-atollic-eabi/lib/armv7e-m/fpu\libm.a(lib_a-wf_sqrt.o)
                              Drivers\CMSIS\DSP\Source\ComplexMathFunctions\arm_cmplx_mag_f32.o (sqrtf)
c:/program files (x86)/atollic/truestudio for stm32 9.3.0/armtools/bin/../lib/gcc/arm-atollic-eabi/6.3.1/../../../../arm-atollic-eabi/lib/armv7e-m/fpu\libm.a(lib_a-ef_sqrt.o)
                              c:/program files (x86)/atollic/truestudio for stm32 9.3.0/armtools/bin/../lib/gcc/arm-atollic-eabi/6.3.1/../../../../arm-atollic-eabi/lib/armv7e-m/fpu\libm.a(lib_a-wf_sqrt.o) (__ieee754_sqrtf)
c:/program files (x86)/atollic/truestudio for stm32 9.3.0/armtools/bin/../lib/gcc/arm-atollic-eabi/6.3.1/../../../../arm-atollic-eabi/lib/armv7e-m/fpu\libm.a(lib_a-s_lib_ver.o)
                              c:/program files (x86)/atollic/truestudio for stm32 9.3.0/armtools/bin/../lib/gcc/arm-atollic-eabi/6.3.1/../../../../arm-atollic-eabi/lib/armv7e-m/fpu\libm.a(lib_a-wf_sqrt.o) (__fdlib_version)
c:/program files (x86)/atollic/truestudio for stm32 9.3.0/armtools/bin/../lib/gcc/arm-atollic-eabi/6.3.1/../../../../arm-atollic-eabi/lib/armv7e-m/fpu\libm.a(lib_a-s_matherr.o)
                              c:/program files (x86)/atollic/truestudio for stm32 9.3.0/armtools/bin/../lib/gcc/arm-atollic-eabi/6.3.1/../../../../arm-atollic-eabi/lib/armv7e-m/fpu\libm.a(lib_a-wf_sqrt.o) (matherr)
c:/program files (x86)/atollic/truestudio for stm32 9.3.0/armtools/bin/../lib/gcc/arm-atollic-eabi/6.3.1/armv7e-m/fpu\libgcc.a(_arm_addsubdf3.o)
                              Drivers\CMSIS\DSP\Source\MatrixFunctions\arm_mat_inverse_f64.o (__aeabi_dsub)
c:/program files (x86)/atollic/truestudio for stm32 9.3.0/armtools/bin/../lib/gcc/arm-atollic-eabi/6.3.1/armv7e-m/fpu\libgcc.a(_arm_muldivdf3.o)
                              Drivers\CMSIS\DSP\Source\FilteringFunctions\arm_biquad_cascade_df2T_f64.o (__aeabi_dmul)
c:/program files (x86)/atollic/truestudio for stm32 9.3.0/armtools/bin/../lib/gcc/arm-atollic-eabi/6.3.1/armv7e-m/fpu\libgcc.a(_arm_cmpdf2.o)
                              Drivers\CMSIS\DSP\Source\MatrixFunctions\arm_mat_inverse_f64.o (__aeabi_dcmpeq)
c:/program files (x86)/atollic/truestudio for stm32 9.3.0/armtools/bin/../lib/gcc/arm-atollic-eabi/6.3.1/armv7e-m/fpu\libgcc.a(_arm_truncdfsf2.o)
                              c:/program files (x86)/atollic/truestudio for stm32 9.3.0/armtools/bin/../lib/gcc/arm-atollic-eabi/6.3.1/../../../../arm-atollic-eabi/lib/armv7e-m/fpu\libm.a(lib_a-wf_sqrt.o) (__aeabi_d2f)
c:/program files (x86)/atollic/truestudio for stm32 9.3.0/armtools/bin/../lib/gcc/arm-atollic-eabi/6.3.1/armv7e-m/fpu\libgcc.a(_aeabi_ldivmod.o)
                              Drivers\CMSIS\DSP\Source\StatisticsFunctions\arm_mean_q31.o (__aeabi_ldivmod)
c:/program files (x86)/atollic/truestudio for stm32 9.3.0/armtools/bin/../lib/gcc/arm-atollic-eabi/6.3.1/armv7e-m/fpu\libgcc.a(_aeabi_uldivmod.o)
                              Drivers\STM32WBxx_HAL_Driver\Src\stm32wbxx_hal_uart.o (__aeabi_uldivmod)
[...]
Memory Configuration

Name             Origin             Length             Attributes
FLASH            0x08000000         0x00080000         xr
RAM1             0x20000004         0x0002fffc         xrw
RAM_SHARED       0x20030000         0x00002800         xrw
*default*        0x00000000         0xffffffff

Linker script and memory map

LOAD c:/program files (x86)/atollic/truestudio for stm32 9.3.0/armtools/bin/../lib/gcc/arm-atollic-eabi/6.3.1/armv7e-m/fpu/crti.o
LOAD c:/program files (x86)/atollic/truestudio for stm32 9.3.0/armtools/bin/../lib/gcc/arm-atollic-eabi/6.3.1/armv7e-m/fpu/crtbegin.o
LOAD Drivers\CMSIS\DSP\Source\BasicMathFunctions\arm_abs_f32.o
LOAD Drivers\CMSIS\DSP\Source\BasicMathFunctions\arm_abs_q15.o
LOAD Drivers\CMSIS\DSP\Source\BasicMathFunctions\arm_abs_q31.o
LOAD Drivers\CMSIS\DSP\Source\BasicMathFunctions\arm_abs_q7.o
LOAD Drivers\CMSIS\DSP\Source\BasicMathFunctions\arm_add_f32.o
LOAD Drivers\CMSIS\DSP\Source\BasicMathFunctions\arm_add_q15.o
LOAD Drivers\CMSIS\DSP\Source\BasicMathFunctions\arm_add_q31.o
LOAD Drivers\CMSIS\DSP\Source\BasicMathFunctions\arm_add_q7.o
LOAD Drivers\CMSIS\DSP\Source\BasicMathFunctions\arm_dot_prod_f32.o
LOAD Drivers\CMSIS\DSP\Source\BasicMathFunctions\arm_dot_prod_q15.o
LOAD Drivers\CMSIS\DSP\Source\BasicMathFunctions\arm_dot_prod_q31.o
LOAD Drivers\CMSIS\DSP\Source\BasicMathFunctions\arm_dot_prod_q7.o
LOAD Drivers\CMSIS\DSP\Source\BasicMathFunctions\arm_mult_f32.o
LOAD Drivers\CMSIS\DSP\Source\BasicMathFunctions\arm_mult_q15.o
LOAD Drivers\CMSIS\DSP\Source\BasicMathFunctions\arm_mult_q31.o
LOAD Drivers\CMSIS\DSP\Source\BasicMathFunctions\arm_mult_q7.o
LOAD Drivers\CMSIS\DSP\Source\BasicMathFunctions\arm_negate_f32.o
LOAD Drivers\CMSIS\DSP\Source\BasicMathFunctions\arm_negate_q15.o
LOAD Drivers\CMSIS\DSP\Source\BasicMathFunctions\arm_negate_q31.o
LOAD Drivers\CMSIS\DSP\Source\BasicMathFunctions\arm_negate_q7.o
LOAD Drivers\CMSIS\DSP\Source\BasicMathFunctions\arm_offset_f32.o
LOAD Drivers\CMSIS\DSP\Source\BasicMathFunctions\arm_offset_q15.o
LOAD Drivers\CMSIS\DSP\Source\BasicMathFunctions\arm_offset_q31.o
LOAD Drivers\CMSIS\DSP\Source\BasicMathFunctions\arm_offset_q7.o
LOAD Drivers\CMSIS\DSP\Source\BasicMathFunctions\arm_scale_f32.o
LOAD Drivers\CMSIS\DSP\Source\BasicMathFunctions\arm_scale_q15.o
LOAD Drivers\CMSIS\DSP\Source\BasicMathFunctions\arm_scale_q31.o
LOAD Drivers\CMSIS\DSP\Source\BasicMathFunctions\arm_scale_q7.o
LOAD Drivers\CMSIS\DSP\Source\BasicMathFunctions\arm_shift_q15.o
LOAD Drivers\CMSIS\DSP\Source\BasicMathFunctions\arm_shift_q31.o
LOAD Drivers\CMSIS\DSP\Source\BasicMathFunctions\arm_shift_q7.o
LOAD Drivers\CMSIS\DSP\Source\BasicMathFunctions\arm_sub_f32.o
LOAD Drivers\CMSIS\DSP\Source\BasicMathFunctions\arm_sub_q15.o
LOAD Drivers\CMSIS\DSP\Source\BasicMathFunctions\arm_sub_q31.o
LOAD Drivers\CMSIS\DSP\Source\BasicMathFunctions\arm_sub_q7.o
LOAD Drivers\CMSIS\DSP\Source\CommonTables\arm_common_tables.o
LOAD Drivers\CMSIS\DSP\Source\CommonTables\arm_const_structs.o
LOAD Drivers\CMSIS\DSP\Source\ComplexMathFunctions\arm_cmplx_conj_f32.o
LOAD Drivers\CMSIS\DSP\Source\ComplexMathFunctions\arm_cmplx_conj_q15.o
LOAD Drivers\CMSIS\DSP\Source\ComplexMathFunctions\arm_cmplx_conj_q31.o
LOAD Drivers\CMSIS\DSP\Source\ComplexMathFunctions\arm_cmplx_dot_prod_f32.o
LOAD Drivers\CMSIS\DSP\Source\ComplexMathFunctions\arm_cmplx_dot_prod_q15.o
LOAD Drivers\CMSIS\DSP\Source\ComplexMathFunctions\arm_cmplx_dot_prod_q31.o
LOAD Drivers\CMSIS\DSP\Source\ComplexMathFunctions\arm_cmplx_mag_f32.o
LOAD Drivers\CMSIS\DSP\Source\ComplexMathFunctions\arm_cmplx_mag_q15.o
LOAD Drivers\CMSIS\DSP\Source\ComplexMathFunctions\arm_cmplx_mag_q31.o
LOAD Drivers\CMSIS\DSP\Source\ComplexMathFunctions\arm_cmplx_mag_squared_f32.o
LOAD Drivers\CMSIS\DSP\Source\ComplexMathFunctions\arm_cmplx_mag_squared_q15.o
LOAD Drivers\CMSIS\DSP\Source\ComplexMathFunctions\arm_cmplx_mag_squared_q31.o
LOAD Drivers\CMSIS\DSP\Source\ComplexMathFunctions\arm_cmplx_mult_cmplx_f32.o
LOAD Drivers\CMSIS\DSP\Source\ComplexMathFunctions\arm_cmplx_mult_cmplx_q15.o
LOAD Drivers\CMSIS\DSP\Source\ComplexMathFunctions\arm_cmplx_mult_cmplx_q31.o
LOAD Drivers\CMSIS\DSP\Source\ComplexMathFunctions\arm_cmplx_mult_real_f32.o
LOAD Drivers\CMSIS\DSP\Source\ComplexMathFunctions\arm_cmplx_mult_real_q15.o
LOAD Drivers\CMSIS\DSP\Source\ComplexMathFunctions\arm_cmplx_mult_real_q31.o
LOAD Drivers\CMSIS\DSP\Source\ControllerFunctions\arm_pid_init_f32.o
LOAD Drivers\CMSIS\DSP\Source\ControllerFunctions\arm_pid_init_q15.o
LOAD Drivers\CMSIS\DSP\Source\ControllerFunctions\arm_pid_init_q31.o
LOAD Drivers\CMSIS\DSP\Source\ControllerFunctions\arm_pid_reset_f32.o
LOAD Drivers\CMSIS\DSP\Source\ControllerFunctions\arm_pid_reset_q15.o
LOAD Drivers\CMSIS\DSP\Source\ControllerFunctions\arm_pid_reset_q31.o
LOAD Drivers\CMSIS\DSP\Source\ControllerFunctions\arm_sin_cos_f32.o
LOAD Drivers\CMSIS\DSP\Source\ControllerFunctions\arm_sin_cos_q31.o
LOAD Drivers\CMSIS\DSP\Source\FastMathFunctions\arm_cos_f32.o
LOAD Drivers\CMSIS\DSP\Source\FastMathFunctions\arm_cos_q15.o
LOAD Drivers\CMSIS\DSP\Source\FastMathFunctions\arm_cos_q31.o
LOAD Drivers\CMSIS\DSP\Source\FastMathFunctions\arm_sin_f32.o
LOAD Drivers\CMSIS\DSP\Source\FastMathFunctions\arm_sin_q15.o
LOAD Drivers\CMSIS\DSP\Source\FastMathFunctions\arm_sin_q31.o
LOAD Drivers\CMSIS\DSP\Source\FastMathFunctions\arm_sqrt_q15.o
LOAD Drivers\CMSIS\DSP\Source\FastMathFunctions\arm_sqrt_q31.o
LOAD Drivers\CMSIS\DSP\Source\FilteringFunctions\arm_biquad_cascade_df1_32x64_init_q31.o
LOAD Drivers\CMSIS\DSP\Source\FilteringFunctions\arm_biquad_cascade_df1_32x64_q31.o
LOAD Drivers\CMSIS\DSP\Source\FilteringFunctions\arm_biquad_cascade_df1_f32.o
LOAD Drivers\CMSIS\DSP\Source\FilteringFunctions\arm_biquad_cascade_df1_fast_q15.o
LOAD Drivers\CMSIS\DSP\Source\FilteringFunctions\arm_biquad_cascade_df1_fast_q31.o
LOAD Drivers\CMSIS\DSP\Source\FilteringFunctions\arm_biquad_cascade_df1_init_f32.o
LOAD Drivers\CMSIS\DSP\Source\FilteringFunctions\arm_biquad_cascade_df1_init_q15.o
LOAD Drivers\CMSIS\DSP\Source\FilteringFunctions\arm_biquad_cascade_df1_init_q31.o
LOAD Drivers\CMSIS\DSP\Source\FilteringFunctions\arm_biquad_cascade_df1_q15.o
LOAD Drivers\CMSIS\DSP\Source\FilteringFunctions\arm_biquad_cascade_df1_q31.o
LOAD Drivers\CMSIS\DSP\Source\FilteringFunctions\arm_biquad_cascade_df2T_f32.o
LOAD Drivers\CMSIS\DSP\Source\FilteringFunctions\arm_biquad_cascade_df2T_f64.o
LOAD Drivers\CMSIS\DSP\Source\FilteringFunctions\arm_biquad_cascade_df2T_init_f32.o
LOAD Drivers\CMSIS\DSP\Source\FilteringFunctions\arm_biquad_cascade_df2T_init_f64.o
LOAD Drivers\CMSIS\DSP\Source\FilteringFunctions\arm_biquad_cascade_stereo_df2T_f32.o
LOAD Drivers\CMSIS\DSP\Source\FilteringFunctions\arm_biquad_cascade_stereo_df2T_init_f32.o
LOAD Drivers\CMSIS\DSP\Source\FilteringFunctions\arm_conv_f32.o
LOAD Drivers\CMSIS\DSP\Source\FilteringFunctions\arm_conv_fast_opt_q15.o
LOAD Drivers\CMSIS\DSP\Source\FilteringFunctions\arm_conv_fast_q15.o
LOAD Drivers\CMSIS\DSP\Source\FilteringFunctions\arm_conv_fast_q31.o
LOAD Drivers\CMSIS\DSP\Source\FilteringFunctions\arm_conv_opt_q15.o
LOAD Drivers\CMSIS\DSP\Source\FilteringFunctions\arm_conv_opt_q7.o
LOAD Drivers\CMSIS\DSP\Source\FilteringFunctions\arm_conv_partial_f32.o
LOAD Drivers\CMSIS\DSP\Source\FilteringFunctions\arm_conv_partial_fast_opt_q15.o
LOAD Drivers\CMSIS\DSP\Source\FilteringFunctions\arm_conv_partial_fast_q15.o
LOAD Drivers\CMSIS\DSP\Source\FilteringFunctions\arm_conv_partial_fast_q31.o
LOAD Drivers\CMSIS\DSP\Source\FilteringFunctions\arm_conv_partial_opt_q15.o
LOAD Drivers\CMSIS\DSP\Source\FilteringFunctions\arm_conv_partial_opt_q7.o
LOAD Drivers\CMSIS\DSP\Source\FilteringFunctions\arm_conv_partial_q15.o
LOAD Drivers\CMSIS\DSP\Source\FilteringFunctions\arm_conv_partial_q31.o
LOAD Drivers\CMSIS\DSP\Source\FilteringFunctions\arm_conv_partial_q7.o
LOAD Drivers\CMSIS\DSP\Source\FilteringFunctions\arm_conv_q15.o
LOAD Drivers\CMSIS\DSP\Source\FilteringFunctions\arm_conv_q31.o
LOAD Drivers\CMSIS\DSP\Source\FilteringFunctions\arm_conv_q7.o
LOAD Drivers\CMSIS\DSP\Source\FilteringFunctions\arm_correlate_f32.o
LOAD Drivers\CMSIS\DSP\Source\FilteringFunctions\arm_correlate_fast_opt_q15.o
LOAD Drivers\CMSIS\DSP\Source\FilteringFunctions\arm_correlate_fast_q15.o
LOAD Drivers\CMSIS\DSP\Source\FilteringFunctions\arm_correlate_fast_q31.o
LOAD Drivers\CMSIS\DSP\Source\FilteringFunctions\arm_correlate_opt_q15.o
LOAD Drivers\CMSIS\DSP\Source\FilteringFunctions\arm_correlate_opt_q7.o
LOAD Drivers\CMSIS\DSP\Source\FilteringFunctions\arm_correlate_q15.o
LOAD Drivers\CMSIS\DSP\Source\FilteringFunctions\arm_correlate_q31.o
LOAD Drivers\CMSIS\DSP\Source\FilteringFunctions\arm_correlate_q7.o
LOAD Drivers\CMSIS\DSP\Source\FilteringFunctions\arm_fir_decimate_f32.o
LOAD Drivers\CMSIS\DSP\Source\FilteringFunctions\arm_fir_decimate_fast_q15.o
LOAD Drivers\CMSIS\DSP\Source\FilteringFunctions\arm_fir_decimate_fast_q31.o
LOAD Drivers\CMSIS\DSP\Source\FilteringFunctions\arm_fir_decimate_init_f32.o
LOAD Drivers\CMSIS\DSP\Source\FilteringFunctions\arm_fir_decimate_init_q15.o
LOAD Drivers\CMSIS\DSP\Source\FilteringFunctions\arm_fir_decimate_init_q31.o
LOAD Drivers\CMSIS\DSP\Source\FilteringFunctions\arm_fir_decimate_q15.o
LOAD Drivers\CMSIS\DSP\Source\FilteringFunctions\arm_fir_decimate_q31.o
LOAD Drivers\CMSIS\DSP\Source\FilteringFunctions\arm_fir_f32.o
LOAD Drivers\CMSIS\DSP\Source\FilteringFunctions\arm_fir_fast_q15.o
LOAD Drivers\CMSIS\DSP\Source\FilteringFunctions\arm_fir_fast_q31.o
LOAD Drivers\CMSIS\DSP\Source\FilteringFunctions\arm_fir_init_f32.o
LOAD Drivers\CMSIS\DSP\Source\FilteringFunctions\arm_fir_init_q15.o
LOAD Drivers\CMSIS\DSP\Source\FilteringFunctions\arm_fir_init_q31.o
LOAD Drivers\CMSIS\DSP\Source\FilteringFunctions\arm_fir_init_q7.o
LOAD Drivers\CMSIS\DSP\Source\FilteringFunctions\arm_fir_interpolate_f32.o
LOAD Drivers\CMSIS\DSP\Source\FilteringFunctions\arm_fir_interpolate_init_f32.o
LOAD Drivers\CMSIS\DSP\Source\FilteringFunctions\arm_fir_interpolate_init_q15.o
LOAD Drivers\CMSIS\DSP\Source\FilteringFunctions\arm_fir_interpolate_init_q31.o
LOAD Drivers\CMSIS\DSP\Source\FilteringFunctions\arm_fir_interpolate_q15.o
LOAD Drivers\CMSIS\DSP\Source\FilteringFunctions\arm_fir_interpolate_q31.o
LOAD Drivers\CMSIS\DSP\Source\FilteringFunctions\arm_fir_lattice_f32.o
LOAD Drivers\CMSIS\DSP\Source\FilteringFunctions\arm_fir_lattice_init_f32.o
LOAD Drivers\CMSIS\DSP\Source\FilteringFunctions\arm_fir_lattice_init_q15.o
LOAD Drivers\CMSIS\DSP\Source\FilteringFunctions\arm_fir_lattice_init_q31.o
LOAD Drivers\CMSIS\DSP\Source\FilteringFunctions\arm_fir_lattice_q15.o
LOAD Drivers\CMSIS\DSP\Source\FilteringFunctions\arm_fir_lattice_q31.o
LOAD Drivers\CMSIS\DSP\Source\FilteringFunctions\arm_fir_q15.o
LOAD Drivers\CMSIS\DSP\Source\FilteringFunctions\arm_fir_q31.o
LOAD Drivers\CMSIS\DSP\Source\FilteringFunctions\arm_fir_q7.o
LOAD Drivers\CMSIS\DSP\Source\FilteringFunctions\arm_fir_sparse_f32.o
LOAD Drivers\CMSIS\DSP\Source\FilteringFunctions\arm_fir_sparse_init_f32.o
LOAD Drivers\CMSIS\DSP\Source\FilteringFunctions\arm_fir_sparse_init_q15.o
LOAD Drivers\CMSIS\DSP\Source\FilteringFunctions\arm_fir_sparse_init_q31.o
LOAD Drivers\CMSIS\DSP\Source\FilteringFunctions\arm_fir_sparse_init_q7.o
LOAD Drivers\CMSIS\DSP\Source\FilteringFunctions\arm_fir_sparse_q15.o
LOAD Drivers\CMSIS\DSP\Source\FilteringFunctions\arm_fir_sparse_q31.o
LOAD Drivers\CMSIS\DSP\Source\FilteringFunctions\arm_fir_sparse_q7.o
LOAD Drivers\CMSIS\DSP\Source\FilteringFunctions\arm_iir_lattice_f32.o
LOAD Drivers\CMSIS\DSP\Source\FilteringFunctions\arm_iir_lattice_init_f32.o
LOAD Drivers\CMSIS\DSP\Source\FilteringFunctions\arm_iir_lattice_init_q15.o
LOAD Drivers\CMSIS\DSP\Source\FilteringFunctions\arm_iir_lattice_init_q31.o
LOAD Drivers\CMSIS\DSP\Source\FilteringFunctions\arm_iir_lattice_q15.o
LOAD Drivers\CMSIS\DSP\Source\FilteringFunctions\arm_iir_lattice_q31.o
LOAD Drivers\CMSIS\DSP\Source\FilteringFunctions\arm_lms_f32.o
LOAD Drivers\CMSIS\DSP\Source\FilteringFunctions\arm_lms_init_f32.o
LOAD Drivers\CMSIS\DSP\Source\FilteringFunctions\arm_lms_init_q15.o
LOAD Drivers\CMSIS\DSP\Source\FilteringFunctions\arm_lms_init_q31.o
LOAD Drivers\CMSIS\DSP\Source\FilteringFunctions\arm_lms_norm_f32.o
LOAD Drivers\CMSIS\DSP\Source\FilteringFunctions\arm_lms_norm_init_f32.o
LOAD Drivers\CMSIS\DSP\Source\FilteringFunctions\arm_lms_norm_init_q15.o
LOAD Drivers\CMSIS\DSP\Source\FilteringFunctions\arm_lms_norm_init_q31.o
LOAD Drivers\CMSIS\DSP\Source\FilteringFunctions\arm_lms_norm_q15.o
LOAD Drivers\CMSIS\DSP\Source\FilteringFunctions\arm_lms_norm_q31.o
LOAD Drivers\CMSIS\DSP\Source\FilteringFunctions\arm_lms_q15.o
LOAD Drivers\CMSIS\DSP\Source\FilteringFunctions\arm_lms_q31.o
LOAD Drivers\CMSIS\DSP\Source\MatrixFunctions\arm_mat_add_f32.o
LOAD Drivers\CMSIS\DSP\Source\MatrixFunctions\arm_mat_add_q15.o
LOAD Drivers\CMSIS\DSP\Source\MatrixFunctions\arm_mat_add_q31.o
LOAD Drivers\CMSIS\DSP\Source\MatrixFunctions\arm_mat_cmplx_mult_f32.o
LOAD Drivers\CMSIS\DSP\Source\MatrixFunctions\arm_mat_cmplx_mult_q15.o
LOAD Drivers\CMSIS\DSP\Source\MatrixFunctions\arm_mat_cmplx_mult_q31.o
LOAD Drivers\CMSIS\DSP\Source\MatrixFunctions\arm_mat_init_f32.o
LOAD Drivers\CMSIS\DSP\Source\MatrixFunctions\arm_mat_init_q15.o
LOAD Drivers\CMSIS\DSP\Source\MatrixFunctions\arm_mat_init_q31.o
LOAD Drivers\CMSIS\DSP\Source\MatrixFunctions\arm_mat_inverse_f32.o
LOAD Drivers\CMSIS\DSP\Source\MatrixFunctions\arm_mat_inverse_f64.o
LOAD Drivers\CMSIS\DSP\Source\MatrixFunctions\arm_mat_mult_f32.o
LOAD Drivers\CMSIS\DSP\Source\MatrixFunctions\arm_mat_mult_fast_q15.o
LOAD Drivers\CMSIS\DSP\Source\MatrixFunctions\arm_mat_mult_fast_q31.o
LOAD Drivers\CMSIS\DSP\Source\MatrixFunctions\arm_mat_mult_q15.o
LOAD Drivers\CMSIS\DSP\Source\MatrixFunctions\arm_mat_mult_q31.o
LOAD Drivers\CMSIS\DSP\Source\MatrixFunctions\arm_mat_scale_f32.o
LOAD Drivers\CMSIS\DSP\Source\MatrixFunctions\arm_mat_scale_q15.o
LOAD Drivers\CMSIS\DSP\Source\MatrixFunctions\arm_mat_scale_q31.o
LOAD Drivers\CMSIS\DSP\Source\MatrixFunctions\arm_mat_sub_f32.o
LOAD Drivers\CMSIS\DSP\Source\MatrixFunctions\arm_mat_sub_q15.o
LOAD Drivers\CMSIS\DSP\Source\MatrixFunctions\arm_mat_sub_q31.o
LOAD Drivers\CMSIS\DSP\Source\MatrixFunctions\arm_mat_trans_f32.o
LOAD Drivers\CMSIS\DSP\Source\MatrixFunctions\arm_mat_trans_q15.o
LOAD Drivers\CMSIS\DSP\Source\MatrixFunctions\arm_mat_trans_q31.o
LOAD Drivers\CMSIS\DSP\Source\StatisticsFunctions\arm_max_f32.o
LOAD Drivers\CMSIS\DSP\Source\StatisticsFunctions\arm_max_q15.o
LOAD Drivers\CMSIS\DSP\Source\StatisticsFunctions\arm_max_q31.o
LOAD Drivers\CMSIS\DSP\Source\StatisticsFunctions\arm_max_q7.o
LOAD Drivers\CMSIS\DSP\Source\StatisticsFunctions\arm_mean_f32.o
LOAD Drivers\CMSIS\DSP\Source\StatisticsFunctions\arm_mean_q15.o
LOAD Drivers\CMSIS\DSP\Source\StatisticsFunctions\arm_mean_q31.o
LOAD Drivers\CMSIS\DSP\Source\StatisticsFunctions\arm_mean_q7.o
LOAD Drivers\CMSIS\DSP\Source\StatisticsFunctions\arm_min_f32.o
LOAD Drivers\CMSIS\DSP\Source\StatisticsFunctions\arm_min_q15.o
LOAD Drivers\CMSIS\DSP\Source\StatisticsFunctions\arm_min_q31.o
LOAD Drivers\CMSIS\DSP\Source\StatisticsFunctions\arm_min_q7.o
LOAD Drivers\CMSIS\DSP\Source\StatisticsFunctions\arm_power_f32.o
LOAD Drivers\CMSIS\DSP\Source\StatisticsFunctions\arm_power_q15.o
LOAD Drivers\CMSIS\DSP\Source\StatisticsFunctions\arm_power_q31.o
LOAD Drivers\CMSIS\DSP\Source\StatisticsFunctions\arm_power_q7.o
LOAD Drivers\CMSIS\DSP\Source\StatisticsFunctions\arm_rms_f32.o
LOAD Drivers\CMSIS\DSP\Source\StatisticsFunctions\arm_rms_q15.o
LOAD Drivers\CMSIS\DSP\Source\StatisticsFunctions\arm_rms_q31.o
LOAD Drivers\CMSIS\DSP\Source\StatisticsFunctions\arm_std_f32.o
LOAD Drivers\CMSIS\DSP\Source\StatisticsFunctions\arm_std_q15.o
LOAD Drivers\CMSIS\DSP\Source\StatisticsFunctions\arm_std_q31.o
LOAD Drivers\CMSIS\DSP\Source\StatisticsFunctions\arm_var_f32.o
LOAD Drivers\CMSIS\DSP\Source\StatisticsFunctions\arm_var_q15.o
LOAD Drivers\CMSIS\DSP\Source\StatisticsFunctions\arm_var_q31.o
LOAD Drivers\CMSIS\DSP\Source\SupportFunctions\arm_copy_f32.o
LOAD Drivers\CMSIS\DSP\Source\SupportFunctions\arm_copy_q15.o
LOAD Drivers\CMSIS\DSP\Source\SupportFunctions\arm_copy_q31.o
LOAD Drivers\CMSIS\DSP\Source\SupportFunctions\arm_copy_q7.o
LOAD Drivers\CMSIS\DSP\Source\SupportFunctions\arm_fill_f32.o
LOAD Drivers\CMSIS\DSP\Source\SupportFunctions\arm_fill_q15.o
LOAD Drivers\CMSIS\DSP\Source\SupportFunctions\arm_fill_q31.o
LOAD Drivers\CMSIS\DSP\Source\SupportFunctions\arm_fill_q7.o
LOAD Drivers\CMSIS\DSP\Source\SupportFunctions\arm_float_to_q15.o
LOAD Drivers\CMSIS\DSP\Source\SupportFunctions\arm_float_to_q31.o
LOAD Drivers\CMSIS\DSP\Source\SupportFunctions\arm_float_to_q7.o
LOAD Drivers\CMSIS\DSP\Source\SupportFunctions\arm_q15_to_float.o
LOAD Drivers\CMSIS\DSP\Source\SupportFunctions\arm_q15_to_q31.o
LOAD Drivers\CMSIS\DSP\Source\SupportFunctions\arm_q15_to_q7.o
LOAD Drivers\CMSIS\DSP\Source\SupportFunctions\arm_q31_to_float.o
LOAD Drivers\CMSIS\DSP\Source\SupportFunctions\arm_q31_to_q15.o
LOAD Drivers\CMSIS\DSP\Source\SupportFunctions\arm_q31_to_q7.o
LOAD Drivers\CMSIS\DSP\Source\SupportFunctions\arm_q7_to_float.o
LOAD Drivers\CMSIS\DSP\Source\SupportFunctions\arm_q7_to_q15.o
LOAD Drivers\CMSIS\DSP\Source\SupportFunctions\arm_q7_to_q31.o
LOAD Drivers\CMSIS\DSP\Source\TransformFunctions\arm_bitreversal.o
LOAD Drivers\CMSIS\DSP\Source\TransformFunctions\arm_bitreversal2.o
LOAD Drivers\CMSIS\DSP\Source\TransformFunctions\arm_cfft_f32.o
LOAD Drivers\CMSIS\DSP\Source\TransformFunctions\arm_cfft_q15.o
LOAD Drivers\CMSIS\DSP\Source\TransformFunctions\arm_cfft_q31.o
LOAD Drivers\CMSIS\DSP\Source\TransformFunctions\arm_cfft_radix2_f32.o
LOAD Drivers\CMSIS\DSP\Source\TransformFunctions\arm_cfft_radix2_init_f32.o
LOAD Drivers\CMSIS\DSP\Source\TransformFunctions\arm_cfft_radix2_init_q15.o
LOAD Drivers\CMSIS\DSP\Source\TransformFunctions\arm_cfft_radix2_init_q31.o
LOAD Drivers\CMSIS\DSP\Source\TransformFunctions\arm_cfft_radix2_q15.o
LOAD Drivers\CMSIS\DSP\Source\TransformFunctions\arm_cfft_radix2_q31.o
LOAD Drivers\CMSIS\DSP\Source\TransformFunctions\arm_cfft_radix4_f32.o
LOAD Drivers\CMSIS\DSP\Source\TransformFunctions\arm_cfft_radix4_init_f32.o
LOAD Drivers\CMSIS\DSP\Source\TransformFunctions\arm_cfft_radix4_init_q15.o
LOAD Drivers\CMSIS\DSP\Source\TransformFunctions\arm_cfft_radix4_init_q31.o
LOAD Drivers\CMSIS\DSP\Source\TransformFunctions\arm_cfft_radix4_q15.o
LOAD Drivers\CMSIS\DSP\Source\TransformFunctions\arm_cfft_radix4_q31.o
LOAD Drivers\CMSIS\DSP\Source\TransformFunctions\arm_cfft_radix8_f32.o
LOAD Drivers\CMSIS\DSP\Source\TransformFunctions\arm_dct4_f32.o
LOAD Drivers\CMSIS\DSP\Source\TransformFunctions\arm_dct4_init_f32.o
LOAD Drivers\CMSIS\DSP\Source\TransformFunctions\arm_dct4_init_q15.o
LOAD Drivers\CMSIS\DSP\Source\TransformFunctions\arm_dct4_init_q31.o
LOAD Drivers\CMSIS\DSP\Source\TransformFunctions\arm_dct4_q15.o
LOAD Drivers\CMSIS\DSP\Source\TransformFunctions\arm_dct4_q31.o
LOAD Drivers\CMSIS\DSP\Source\TransformFunctions\arm_rfft_f32.o
LOAD Drivers\CMSIS\DSP\Source\TransformFunctions\arm_rfft_fast_f32.o
LOAD Drivers\CMSIS\DSP\Source\TransformFunctions\arm_rfft_fast_init_f32.o
LOAD Drivers\CMSIS\DSP\Source\TransformFunctions\arm_rfft_init_f32.o
LOAD Drivers\CMSIS\DSP\Source\TransformFunctions\arm_rfft_init_q15.o
LOAD Drivers\CMSIS\DSP\Source\TransformFunctions\arm_rfft_init_q31.o
LOAD Drivers\CMSIS\DSP\Source\TransformFunctions\arm_rfft_q15.o
LOAD Drivers\CMSIS\DSP\Source\TransformFunctions\arm_rfft_q31.o
LOAD Drivers\STM32WBxx_HAL_Driver\Src\stm32wbxx_hal.o
LOAD Drivers\STM32WBxx_HAL_Driver\Src\stm32wbxx_hal_cortex.o
LOAD Drivers\STM32WBxx_HAL_Driver\Src\stm32wbxx_hal_dma.o
LOAD Drivers\STM32WBxx_HAL_Driver\Src\stm32wbxx_hal_dma_ex.o
LOAD Drivers\STM32WBxx_HAL_Driver\Src\stm32wbxx_hal_exti.o
LOAD Drivers\STM32WBxx_HAL_Driver\Src\stm32wbxx_hal_flash.o
LOAD Drivers\STM32WBxx_HAL_Driver\Src\stm32wbxx_hal_flash_ex.o
LOAD Drivers\STM32WBxx_HAL_Driver\Src\stm32wbxx_hal_gpio.o
LOAD Drivers\STM32WBxx_HAL_Driver\Src\stm32wbxx_hal_hsem.o
LOAD Drivers\STM32WBxx_HAL_Driver\Src\stm32wbxx_hal_pwr.o
LOAD Drivers\STM32WBxx_HAL_Driver\Src\stm32wbxx_hal_pwr_ex.o
LOAD Drivers\STM32WBxx_HAL_Driver\Src\stm32wbxx_hal_rcc.o
LOAD Drivers\STM32WBxx_HAL_Driver\Src\stm32wbxx_hal_rcc_ex.o
LOAD Drivers\STM32WBxx_HAL_Driver\Src\stm32wbxx_hal_tim.o
LOAD Drivers\STM32WBxx_HAL_Driver\Src\stm32wbxx_hal_tim_ex.o
LOAD Drivers\STM32WBxx_HAL_Driver\Src\stm32wbxx_hal_uart.o
LOAD Drivers\STM32WBxx_HAL_Driver\Src\stm32wbxx_hal_uart_ex.o
LOAD Middlewares\Third_Party\FreeRTOS\Source\CMSIS_RTOS_V2\cmsis_os2.o
LOAD Middlewares\Third_Party\FreeRTOS\Source\croutine.o
LOAD Middlewares\Third_Party\FreeRTOS\Source\event_groups.o
LOAD Middlewares\Third_Party\FreeRTOS\Source\list.o
LOAD Middlewares\Third_Party\FreeRTOS\Source\portable\GCC\ARM_CM4F\port.o
LOAD Middlewares\Third_Party\FreeRTOS\Source\portable\MemMang\heap_4.o
LOAD Middlewares\Third_Party\FreeRTOS\Source\queue.o
LOAD Middlewares\Third_Party\FreeRTOS\Source\stream_buffer.o
LOAD Middlewares\Third_Party\FreeRTOS\Source\tasks.o
LOAD Middlewares\Third_Party\FreeRTOS\Source\timers.o
LOAD Src\UART_Print.o
LOAD Src\app_freertos.o
LOAD Src\circular_buffer.o
LOAD Src\cycle_phase_classifier.o
LOAD Src\geometry.o
LOAD Src\gpio.o
LOAD Src\input.o
LOAD Src\main.o
LOAD Src\pulse_processor.o
LOAD Src\stm32wbxx_hal_msp.o
LOAD Src\stm32wbxx_hal_timebase_tim.o
LOAD Src\stm32wbxx_it.o
LOAD Src\syscalls.o
LOAD Src\system_stm32wbxx.o
LOAD Src\tim.o
LOAD Src\usart.o
LOAD Src\vector.o
LOAD startup\startup_stm32wb55xx_cm4.o
                0x00000080                malloc_getpagesize_P = 0x80
START GROUP
LOAD c:/program files (x86)/atollic/truestudio for stm32 9.3.0/armtools/bin/../lib/gcc/arm-atollic-eabi/6.3.1/../../../../arm-atollic-eabi/lib/armv7e-m/fpu\libc_nano.a
LOAD c:/program files (x86)/atollic/truestudio for stm32 9.3.0/armtools/bin/../lib/gcc/arm-atollic-eabi/6.3.1/../../../../arm-atollic-eabi/lib/armv7e-m/fpu\libm.a
END GROUP
START GROUP
LOAD c:/program files (x86)/atollic/truestudio for stm32 9.3.0/armtools/bin/../lib/gcc/arm-atollic-eabi/6.3.1/armv7e-m/fpu\libgcc.a
LOAD c:/program files (x86)/atollic/truestudio for stm32 9.3.0/armtools/bin/../lib/gcc/arm-atollic-eabi/6.3.1/../../../../arm-atollic-eabi/lib/armv7e-m/fpu\libc_nano.a
END GROUP
START GROUP
LOAD c:/program files (x86)/atollic/truestudio for stm32 9.3.0/armtools/bin/../lib/gcc/arm-atollic-eabi/6.3.1/armv7e-m/fpu\libgcc.a
LOAD c:/program files (x86)/atollic/truestudio for stm32 9.3.0/armtools/bin/../lib/gcc/arm-atollic-eabi/6.3.1/../../../../arm-atollic-eabi/lib/armv7e-m/fpu\libc_nano.a
LOAD c:/program files (x86)/atollic/truestudio for stm32 9.3.0/armtools/bin/../lib/gcc/arm-atollic-eabi/6.3.1/../../../../arm-atollic-eabi/lib/armv7e-m/fpu\libnosys.a
END GROUP
START GROUP
LOAD c:/program files (x86)/atollic/truestudio for stm32 9.3.0/armtools/bin/../lib/gcc/arm-atollic-eabi/6.3.1/armv7e-m/fpu\libgcc.a
LOAD c:/program files (x86)/atollic/truestudio for stm32 9.3.0/armtools/bin/../lib/gcc/arm-atollic-eabi/6.3.1/../../../../arm-atollic-eabi/lib/armv7e-m/fpu\libc_nano.a
LOAD c:/program files (x86)/atollic/truestudio for stm32 9.3.0/armtools/bin/../lib/gcc/arm-atollic-eabi/6.3.1/../../../../arm-atollic-eabi/lib/armv7e-m/fpu\libnosys.a
END GROUP
LOAD c:/program files (x86)/atollic/truestudio for stm32 9.3.0/armtools/bin/../lib/gcc/arm-atollic-eabi/6.3.1/armv7e-m/fpu/crtend.o
LOAD c:/program files (x86)/atollic/truestudio for stm32 9.3.0/armtools/bin/../lib/gcc/arm-atollic-eabi/6.3.1/armv7e-m/fpu/crtn.o
                0x20030000                _estack = 0x20030000
                0x00000200                _Min_Heap_Size = 0x200
                0x00000400                _Min_Stack_Size = 0x400

.isr_vector     0x08000000      0x13c
                0x08000000                . = ALIGN (0x4)
 *(.isr_vector)
 .isr_vector    0x08000000      0x13c startup\startup_stm32wb55xx_cm4.o
                0x08000000                g_pfnVectors
                0x0800013c                . = ALIGN (0x4)

.text           0x08000140     0x7fa8
                0x08000140                . = ALIGN (0x4)
 *(.text)
 .text          0x08000140       0x40 c:/program files (x86)/atollic/truestudio for stm32 9.3.0/armtools/bin/../lib/gcc/arm-atollic-eabi/6.3.1/armv7e-m/fpu/crtbegin.o
 .text          0x08000180       0x10 c:/program files (x86)/atollic/truestudio for stm32 9.3.0/armtools/bin/../lib/gcc/arm-atollic-eabi/6.3.1/../../../../arm-atollic-eabi/lib/armv7e-m/fpu\libc_nano.a(lib_a-strlen.o)
                0x08000180                strlen
 .text          0x08000190       0x30 c:/program files (x86)/atollic/truestudio for stm32 9.3.0/armtools/bin/../lib/gcc/arm-atollic-eabi/6.3.1/armv7e-m/fpu\libgcc.a(_aeabi_uldivmod.o)
                0x08000190                __aeabi_uldivmod
 .text          0x080001c0      0x2dc c:/program files (x86)/atollic/truestudio for stm32 9.3.0/armtools/bin/../lib/gcc/arm-atollic-eabi/6.3.1/armv7e-m/fpu\libgcc.a(_udivmoddi4.o)
                0x080001c0                __udivmoddi4
 .text          0x0800049c        0x4 c:/program files (x86)/atollic/truestudio for stm32 9.3.0/armtools/bin/../lib/gcc/arm-atollic-eabi/6.3.1/armv7e-m/fpu\libgcc.a(_dvmd_tls.o)
                0x0800049c                __aeabi_idiv0
                0x0800049c                __aeabi_ldiv0
 *(.text*)
 .text.HAL_Init
                0x080004a0       0x40 Drivers\STM32WBxx_HAL_Driver\Src\stm32wbxx_hal.o
                0x080004a0                HAL_Init
 .text.HAL_IncTick
                0x080004e0       0x24 Drivers\STM32WBxx_HAL_Driver\Src\stm32wbxx_hal.o
                0x080004e0                HAL_IncTick
 .text.HAL_GetTick
                0x08000504       0x18 Drivers\STM32WBxx_HAL_Driver\Src\stm32wbxx_hal.o
                0x08000504                HAL_GetTick
 .text.HAL_GetTickPrio
                0x0800051c       0x18 Drivers\STM32WBxx_HAL_Driver\Src\stm32wbxx_hal.o
                0x0800051c                HAL_GetTickPrio
 .text.__NVIC_SetPriorityGrouping
                0x08000534       0x48 Drivers\STM32WBxx_HAL_Driver\Src\stm32wbxx_hal_cortex.o
 .text.__NVIC_GetPriorityGrouping
                0x0800057c       0x1c Drivers\STM32WBxx_HAL_Driver\Src\stm32wbxx_hal_cortex.o
 .text.__NVIC_EnableIRQ
                0x08000598       0x3c Drivers\STM32WBxx_HAL_Driver\Src\stm32wbxx_hal_cortex.o
 .text.__NVIC_SetPriority
                0x080005d4       0x54 Drivers\STM32WBxx_HAL_Driver\Src\stm32wbxx_hal_cortex.o
 .text.NVIC_EncodePriority
                0x08000628       0x62 Drivers\STM32WBxx_HAL_Driver\Src\stm32wbxx_hal_cortex.o
 .text.HAL_NVIC_SetPriorityGrouping
                0x0800068a       0x16 Drivers\STM32WBxx_HAL_Driver\Src\stm32wbxx_hal_cortex.o
                0x0800068a                HAL_NVIC_SetPriorityGrouping
 .text.HAL_NVIC_SetPriority
                0x080006a0       0x34 Drivers\STM32WBxx_HAL_Driver\Src\stm32wbxx_hal_cortex.o
                0x080006a0                HAL_NVIC_SetPriority
 .text.HAL_NVIC_EnableIRQ
                0x080006d4       0x1c Drivers\STM32WBxx_HAL_Driver\Src\stm32wbxx_hal_cortex.o
                0x080006d4                HAL_NVIC_EnableIRQ
 .text.HAL_DMA_Abort_IT
                0x080006f0       0xbe Drivers\STM32WBxx_HAL_Driver\Src\stm32wbxx_hal_dma.o
                0x080006f0                HAL_DMA_Abort_IT
 *fill*         0x080007ae        0x2 
 .text.HAL_GPIO_Init
                0x080007b0      0x2e0 Drivers\STM32WBxx_HAL_Driver\Src\stm32wbxx_hal_gpio.o
                0x080007b0                HAL_GPIO_Init
 .text.HAL_GPIO_ReadPin
                0x08000a90       0x30 Drivers\STM32WBxx_HAL_Driver\Src\stm32wbxx_hal_gpio.o
                0x08000a90                HAL_GPIO_ReadPin
 .text.HAL_GPIO_WritePin
                0x08000ac0       0x30 Drivers\STM32WBxx_HAL_Driver\Src\stm32wbxx_hal_gpio.o
                0x08000ac0                HAL_GPIO_WritePin
 .text.HAL_GPIO_EXTI_IRQHandler
                0x08000af0       0x30 Drivers\STM32WBxx_HAL_Driver\Src\stm32wbxx_hal_gpio.o
                0x08000af0                HAL_GPIO_EXTI_IRQHandler
 .text.HAL_PWR_EnableBkUpAccess
                0x08000b20       0x20 Drivers\STM32WBxx_HAL_Driver\Src\stm32wbxx_hal_pwr.o
                0x08000b20                HAL_PWR_EnableBkUpAccess
 .text.HAL_PWREx_GetVoltageRange
                0x08000b40       0x1c Drivers\STM32WBxx_HAL_Driver\Src\stm32wbxx_hal_pwr_ex.o
                0x08000b40                HAL_PWREx_GetVoltageRange
 .text.LL_RCC_HSE_IsEnabledDiv2
                0x08000b5c       0x24 Drivers\STM32WBxx_HAL_Driver\Src\stm32wbxx_hal_rcc.o
 .text.LL_RCC_HSE_EnableBypass
                0x08000b80       0x1e Drivers\STM32WBxx_HAL_Driver\Src\stm32wbxx_hal_rcc.o
 .text.LL_RCC_HSE_DisableBypass
                0x08000b9e       0x1e Drivers\STM32WBxx_HAL_Driver\Src\stm32wbxx_hal_rcc.o
 .text.LL_RCC_HSE_Enable
                0x08000bbc       0x1e Drivers\STM32WBxx_HAL_Driver\Src\stm32wbxx_hal_rcc.o
 .text.LL_RCC_HSE_Disable
                0x08000bda       0x1e Drivers\STM32WBxx_HAL_Driver\Src\stm32wbxx_hal_rcc.o
 .text.LL_RCC_HSE_IsReady
                0x08000bf8       0x24 Drivers\STM32WBxx_HAL_Driver\Src\stm32wbxx_hal_rcc.o
 .text.LL_RCC_HSI_Enable
                0x08000c1c       0x1e Drivers\STM32WBxx_HAL_Driver\Src\stm32wbxx_hal_rcc.o
 .text.LL_RCC_HSI_Disable
                0x08000c3a       0x1e Drivers\STM32WBxx_HAL_Driver\Src\stm32wbxx_hal_rcc.o
 .text.LL_RCC_HSI_IsReady
                0x08000c58       0x24 Drivers\STM32WBxx_HAL_Driver\Src\stm32wbxx_hal_rcc.o
 .text.LL_RCC_HSI_SetCalibTrimming
                0x08000c7c       0x2a Drivers\STM32WBxx_HAL_Driver\Src\stm32wbxx_hal_rcc.o
 .text.LL_RCC_HSI48_Enable
                0x08000ca6       0x22 Drivers\STM32WBxx_HAL_Driver\Src\stm32wbxx_hal_rcc.o
 .text.LL_RCC_HSI48_Disable
                0x08000cc8       0x22 Drivers\STM32WBxx_HAL_Driver\Src\stm32wbxx_hal_rcc.o
 .text.LL_RCC_HSI48_IsReady
                0x08000cea       0x24 Drivers\STM32WBxx_HAL_Driver\Src\stm32wbxx_hal_rcc.o
 .text.LL_RCC_LSE_Enable
                0x08000d0e       0x22 Drivers\STM32WBxx_HAL_Driver\Src\stm32wbxx_hal_rcc.o
 .text.LL_RCC_LSE_Disable
                0x08000d30       0x22 Drivers\STM32WBxx_HAL_Driver\Src\stm32wbxx_hal_rcc.o
 .text.LL_RCC_LSE_EnableBypass
                0x08000d52       0x22 Drivers\STM32WBxx_HAL_Driver\Src\stm32wbxx_hal_rcc.o
 .text.LL_RCC_LSE_DisableBypass
                0x08000d74       0x22 Drivers\STM32WBxx_HAL_Driver\Src\stm32wbxx_hal_rcc.o
 .text.LL_RCC_LSE_IsReady
                0x08000d96       0x24 Drivers\STM32WBxx_HAL_Driver\Src\stm32wbxx_hal_rcc.o
 .text.LL_RCC_LSI1_Enable
                0x08000dba       0x22 Drivers\STM32WBxx_HAL_Driver\Src\stm32wbxx_hal_rcc.o
 .text.LL_RCC_LSI1_Disable
                0x08000ddc       0x22 Drivers\STM32WBxx_HAL_Driver\Src\stm32wbxx_hal_rcc.o
 .text.LL_RCC_LSI1_IsReady
                0x08000dfe       0x24 Drivers\STM32WBxx_HAL_Driver\Src\stm32wbxx_hal_rcc.o
 .text.LL_RCC_LSI2_Enable
                0x08000e22       0x22 Drivers\STM32WBxx_HAL_Driver\Src\stm32wbxx_hal_rcc.o
 .text.LL_RCC_LSI2_Disable
                0x08000e44       0x22 Drivers\STM32WBxx_HAL_Driver\Src\stm32wbxx_hal_rcc.o
 .text.LL_RCC_LSI2_IsReady
                0x08000e66       0x24 Drivers\STM32WBxx_HAL_Driver\Src\stm32wbxx_hal_rcc.o
 .text.LL_RCC_LSI2_SetTrimming
                0x08000e8a       0x2e Drivers\STM32WBxx_HAL_Driver\Src\stm32wbxx_hal_rcc.o
 .text.LL_RCC_MSI_Enable
                0x08000eb8       0x1e Drivers\STM32WBxx_HAL_Driver\Src\stm32wbxx_hal_rcc.o
 .text.LL_RCC_MSI_Disable
                0x08000ed6       0x1e Drivers\STM32WBxx_HAL_Driver\Src\stm32wbxx_hal_rcc.o
 .text.LL_RCC_MSI_IsReady
                0x08000ef4       0x22 Drivers\STM32WBxx_HAL_Driver\Src\stm32wbxx_hal_rcc.o
 .text.LL_RCC_MSI_SetRange
                0x08000f16       0x28 Drivers\STM32WBxx_HAL_Driver\Src\stm32wbxx_hal_rcc.o
 .text.LL_RCC_MSI_GetRange
                0x08000f3e       0x2a Drivers\STM32WBxx_HAL_Driver\Src\stm32wbxx_hal_rcc.o
 .text.LL_RCC_MSI_SetCalibTrimming
                0x08000f68       0x2a Drivers\STM32WBxx_HAL_Driver\Src\stm32wbxx_hal_rcc.o
 .text.LL_RCC_SetSysClkSource
                0x08000f92       0x28 Drivers\STM32WBxx_HAL_Driver\Src\stm32wbxx_hal_rcc.o
 .text.LL_RCC_GetSysClkSource
                0x08000fba       0x18 Drivers\STM32WBxx_HAL_Driver\Src\stm32wbxx_hal_rcc.o
 .text.LL_RCC_SetAHBPrescaler
                0x08000fd2       0x28 Drivers\STM32WBxx_HAL_Driver\Src\stm32wbxx_hal_rcc.o
 .text.LL_C2_RCC_SetAHBPrescaler
                0x08000ffa       0x2c Drivers\STM32WBxx_HAL_Driver\Src\stm32wbxx_hal_rcc.o
 .text.LL_RCC_SetAHB4Prescaler
                0x08001026       0x2e Drivers\STM32WBxx_HAL_Driver\Src\stm32wbxx_hal_rcc.o
 .text.LL_RCC_SetAPB1Prescaler
                0x08001054       0x28 Drivers\STM32WBxx_HAL_Driver\Src\stm32wbxx_hal_rcc.o
 .text.LL_RCC_SetAPB2Prescaler
                0x0800107c       0x28 Drivers\STM32WBxx_HAL_Driver\Src\stm32wbxx_hal_rcc.o
 .text.LL_RCC_GetAHBPrescaler
                0x080010a4       0x18 Drivers\STM32WBxx_HAL_Driver\Src\stm32wbxx_hal_rcc.o
 .text.LL_C2_RCC_GetAHBPrescaler
                0x080010bc       0x1a Drivers\STM32WBxx_HAL_Driver\Src\stm32wbxx_hal_rcc.o
 .text.LL_RCC_GetAHB4Prescaler
                0x080010d6       0x1c Drivers\STM32WBxx_HAL_Driver\Src\stm32wbxx_hal_rcc.o
 .text.LL_RCC_GetAPB1Prescaler
                0x080010f2       0x18 Drivers\STM32WBxx_HAL_Driver\Src\stm32wbxx_hal_rcc.o
 .text.LL_RCC_GetAPB2Prescaler
                0x0800110a       0x18 Drivers\STM32WBxx_HAL_Driver\Src\stm32wbxx_hal_rcc.o
 .text.LL_RCC_PLL_Enable
                0x08001122       0x1e Drivers\STM32WBxx_HAL_Driver\Src\stm32wbxx_hal_rcc.o
 .text.LL_RCC_PLL_Disable
                0x08001140       0x1e Drivers\STM32WBxx_HAL_Driver\Src\stm32wbxx_hal_rcc.o
 .text.LL_RCC_PLL_IsReady
                0x0800115e       0x24 Drivers\STM32WBxx_HAL_Driver\Src\stm32wbxx_hal_rcc.o
 .text.LL_RCC_PLL_GetN
                0x08001182       0x1a Drivers\STM32WBxx_HAL_Driver\Src\stm32wbxx_hal_rcc.o
 .text.LL_RCC_PLL_GetR
                0x0800119c       0x18 Drivers\STM32WBxx_HAL_Driver\Src\stm32wbxx_hal_rcc.o
 .text.LL_RCC_PLL_GetDivider
                0x080011b4       0x18 Drivers\STM32WBxx_HAL_Driver\Src\stm32wbxx_hal_rcc.o
 .text.LL_RCC_PLL_GetMainSource
                0x080011cc       0x18 Drivers\STM32WBxx_HAL_Driver\Src\stm32wbxx_hal_rcc.o
 .text.LL_RCC_IsActiveFlag_HPRE
                0x080011e4       0x24 Drivers\STM32WBxx_HAL_Driver\Src\stm32wbxx_hal_rcc.o
 .text.LL_RCC_IsActiveFlag_C2HPRE
                0x08001208       0x26 Drivers\STM32WBxx_HAL_Driver\Src\stm32wbxx_hal_rcc.o
 .text.LL_RCC_IsActiveFlag_SHDHPRE
                0x0800122e       0x26 Drivers\STM32WBxx_HAL_Driver\Src\stm32wbxx_hal_rcc.o
 .text.LL_RCC_IsActiveFlag_PPRE1
                0x08001254       0x24 Drivers\STM32WBxx_HAL_Driver\Src\stm32wbxx_hal_rcc.o
 .text.LL_RCC_IsActiveFlag_PPRE2
                0x08001278       0x24 Drivers\STM32WBxx_HAL_Driver\Src\stm32wbxx_hal_rcc.o
 .text.HAL_RCC_OscConfig
                0x0800129c      0x6bc Drivers\STM32WBxx_HAL_Driver\Src\stm32wbxx_hal_rcc.o
                0x0800129c                HAL_RCC_OscConfig
 .text.HAL_RCC_ClockConfig
                0x08001958      0x278 Drivers\STM32WBxx_HAL_Driver\Src\stm32wbxx_hal_rcc.o
                0x08001958                HAL_RCC_ClockConfig
 .text.HAL_RCC_GetSysClockFreq
                0x08001bd0       0xd4 Drivers\STM32WBxx_HAL_Driver\Src\stm32wbxx_hal_rcc.o
                0x08001bd0                HAL_RCC_GetSysClockFreq
 .text.HAL_RCC_GetHCLKFreq
                0x08001ca4       0x28 Drivers\STM32WBxx_HAL_Driver\Src\stm32wbxx_hal_rcc.o
                0x08001ca4                HAL_RCC_GetHCLKFreq
 .text.HAL_RCC_GetPCLK1Freq
                0x08001ccc       0x2c Drivers\STM32WBxx_HAL_Driver\Src\stm32wbxx_hal_rcc.o
                0x08001ccc                HAL_RCC_GetPCLK1Freq
 .text.HAL_RCC_GetPCLK2Freq
                0x08001cf8       0x2c Drivers\STM32WBxx_HAL_Driver\Src\stm32wbxx_hal_rcc.o
                0x08001cf8                HAL_RCC_GetPCLK2Freq
 .text.HAL_RCC_GetClockConfig
                0x08001d24       0x64 Drivers\STM32WBxx_HAL_Driver\Src\stm32wbxx_hal_rcc.o
                0x08001d24                HAL_RCC_GetClockConfig
 .text.RCC_SetFlashLatencyFromMSIRange
                0x08001d88       0x70 Drivers\STM32WBxx_HAL_Driver\Src\stm32wbxx_hal_rcc.o
 .text.RCC_SetFlashLatency
                0x08001df8      0x100 Drivers\STM32WBxx_HAL_Driver\Src\stm32wbxx_hal_rcc.o
 .text.LL_RCC_LSE_IsEnabled
                0x08001ef8       0x24 Drivers\STM32WBxx_HAL_Driver\Src\stm32wbxx_hal_rcc_ex.o
 .text.LL_RCC_LSE_IsReady
                0x08001f1c       0x24 Drivers\STM32WBxx_HAL_Driver\Src\stm32wbxx_hal_rcc_ex.o
 .text.LL_RCC_SetRFWKPClockSource
                0x08001f40       0x2c Drivers\STM32WBxx_HAL_Driver\Src\stm32wbxx_hal_rcc_ex.o
 .text.LL_RCC_SetSMPSClockSource
                0x08001f6c       0x28 Drivers\STM32WBxx_HAL_Driver\Src\stm32wbxx_hal_rcc_ex.o
 .text.LL_RCC_SetSMPSPrescaler
                0x08001f94       0x28 Drivers\STM32WBxx_HAL_Driver\Src\stm32wbxx_hal_rcc_ex.o
 .text.LL_RCC_SetUSARTClockSource
                0x08001fbc       0x2c Drivers\STM32WBxx_HAL_Driver\Src\stm32wbxx_hal_rcc_ex.o
 .text.LL_RCC_SetLPUARTClockSource
                0x08001fe8       0x2c Drivers\STM32WBxx_HAL_Driver\Src\stm32wbxx_hal_rcc_ex.o
 .text.LL_RCC_SetI2CClockSource
                0x08002014       0x3a Drivers\STM32WBxx_HAL_Driver\Src\stm32wbxx_hal_rcc_ex.o
 .text.LL_RCC_SetLPTIMClockSource
                0x0800204e       0x34 Drivers\STM32WBxx_HAL_Driver\Src\stm32wbxx_hal_rcc_ex.o
 .text.LL_RCC_SetSAIClockSource
                0x08002082       0x2c Drivers\STM32WBxx_HAL_Driver\Src\stm32wbxx_hal_rcc_ex.o
 .text.LL_RCC_SetRNGClockSource
                0x080020ae       0x2c Drivers\STM32WBxx_HAL_Driver\Src\stm32wbxx_hal_rcc_ex.o
 .text.LL_RCC_SetCLK48ClockSource
                0x080020da       0x2c Drivers\STM32WBxx_HAL_Driver\Src\stm32wbxx_hal_rcc_ex.o
 .text.LL_RCC_SetUSBClockSource
                0x08002106       0x16 Drivers\STM32WBxx_HAL_Driver\Src\stm32wbxx_hal_rcc_ex.o
 .text.LL_RCC_SetADCClockSource
                0x0800211c       0x2c Drivers\STM32WBxx_HAL_Driver\Src\stm32wbxx_hal_rcc_ex.o
 .text.LL_RCC_SetRTCClockSource
                0x08002148       0x2c Drivers\STM32WBxx_HAL_Driver\Src\stm32wbxx_hal_rcc_ex.o
 .text.LL_RCC_GetRTCClockSource
                0x08002174       0x1a Drivers\STM32WBxx_HAL_Driver\Src\stm32wbxx_hal_rcc_ex.o
 .text.LL_RCC_ForceBackupDomainReset
                0x0800218e       0x22 Drivers\STM32WBxx_HAL_Driver\Src\stm32wbxx_hal_rcc_ex.o
 .text.LL_RCC_ReleaseBackupDomainReset
                0x080021b0       0x22 Drivers\STM32WBxx_HAL_Driver\Src\stm32wbxx_hal_rcc_ex.o
 .text.LL_RCC_PLLSAI1_Enable
                0x080021d2       0x1e Drivers\STM32WBxx_HAL_Driver\Src\stm32wbxx_hal_rcc_ex.o
 .text.LL_RCC_PLLSAI1_Disable
                0x080021f0       0x1e Drivers\STM32WBxx_HAL_Driver\Src\stm32wbxx_hal_rcc_ex.o
 .text.LL_RCC_PLLSAI1_IsReady
                0x0800220e       0x24 Drivers\STM32WBxx_HAL_Driver\Src\stm32wbxx_hal_rcc_ex.o
 .text.HAL_RCCEx_PeriphCLKConfig
                0x08002232      0x2ea Drivers\STM32WBxx_HAL_Driver\Src\stm32wbxx_hal_rcc_ex.o
                0x08002232                HAL_RCCEx_PeriphCLKConfig
 .text.RCCEx_PLLSAI1_ConfigNP
                0x0800251c       0xb6 Drivers\STM32WBxx_HAL_Driver\Src\stm32wbxx_hal_rcc_ex.o
 .text.RCCEx_PLLSAI1_ConfigNQ
                0x080025d2       0xb6 Drivers\STM32WBxx_HAL_Driver\Src\stm32wbxx_hal_rcc_ex.o
 .text.RCCEx_PLLSAI1_ConfigNR
                0x08002688       0xb6 Drivers\STM32WBxx_HAL_Driver\Src\stm32wbxx_hal_rcc_ex.o
 .text.HAL_TIM_Base_Init
                0x0800273e       0x56 Drivers\STM32WBxx_HAL_Driver\Src\stm32wbxx_hal_tim.o
                0x0800273e                HAL_TIM_Base_Init
 .text.HAL_TIM_Base_Start
                0x08002794       0x54 Drivers\STM32WBxx_HAL_Driver\Src\stm32wbxx_hal_tim.o
                0x08002794                HAL_TIM_Base_Start
 .text.HAL_TIM_Base_Start_IT
                0x080027e8       0x54 Drivers\STM32WBxx_HAL_Driver\Src\stm32wbxx_hal_tim.o
                0x080027e8                HAL_TIM_Base_Start_IT
 .text.HAL_TIM_IRQHandler
                0x0800283c      0x23e Drivers\STM32WBxx_HAL_Driver\Src\stm32wbxx_hal_tim.o
                0x0800283c                HAL_TIM_IRQHandler
 .text.HAL_TIM_OC_DelayElapsedCallback
                0x08002a7a       0x14 Drivers\STM32WBxx_HAL_Driver\Src\stm32wbxx_hal_tim.o
                0x08002a7a                HAL_TIM_OC_DelayElapsedCallback
 .text.HAL_TIM_IC_CaptureCallback
                0x08002a8e       0x14 Drivers\STM32WBxx_HAL_Driver\Src\stm32wbxx_hal_tim.o
                0x08002a8e                HAL_TIM_IC_CaptureCallback
 .text.HAL_TIM_PWM_PulseFinishedCallback
                0x08002aa2       0x14 Drivers\STM32WBxx_HAL_Driver\Src\stm32wbxx_hal_tim.o
                0x08002aa2                HAL_TIM_PWM_PulseFinishedCallback
 .text.HAL_TIM_TriggerCallback
                0x08002ab6       0x14 Drivers\STM32WBxx_HAL_Driver\Src\stm32wbxx_hal_tim.o
                0x08002ab6                HAL_TIM_TriggerCallback
 *fill*         0x08002aca        0x2 
 .text.TIM_Base_SetConfig
                0x08002acc       0xc8 Drivers\STM32WBxx_HAL_Driver\Src\stm32wbxx_hal_tim.o
                0x08002acc                TIM_Base_SetConfig
 .text.HAL_TIMEx_CommutCallback
                0x08002b94       0x14 Drivers\STM32WBxx_HAL_Driver\Src\stm32wbxx_hal_tim_ex.o
                0x08002b94                HAL_TIMEx_CommutCallback
 .text.HAL_TIMEx_BreakCallback
                0x08002ba8       0x14 Drivers\STM32WBxx_HAL_Driver\Src\stm32wbxx_hal_tim_ex.o
                0x08002ba8                HAL_TIMEx_BreakCallback
 .text.HAL_TIMEx_Break2Callback
                0x08002bbc       0x14 Drivers\STM32WBxx_HAL_Driver\Src\stm32wbxx_hal_tim_ex.o
                0x08002bbc                HAL_TIMEx_Break2Callback
 .text.LL_RCC_GetUSARTClockSource
                0x08002bd0       0x20 Drivers\STM32WBxx_HAL_Driver\Src\stm32wbxx_hal_uart.o
 .text.LL_RCC_GetLPUARTClockSource
                0x08002bf0       0x20 Drivers\STM32WBxx_HAL_Driver\Src\stm32wbxx_hal_uart.o
 .text.HAL_UART_Init
                0x08002c10       0xa0 Drivers\STM32WBxx_HAL_Driver\Src\stm32wbxx_hal_uart.o
                0x08002c10                HAL_UART_Init
 .text.HAL_UART_Transmit
                0x08002cb0      0x12a Drivers\STM32WBxx_HAL_Driver\Src\stm32wbxx_hal_uart.o
                0x08002cb0                HAL_UART_Transmit
 *fill*         0x08002dda        0x2 
 .text.HAL_UART_IRQHandler
                0x08002ddc      0x300 Drivers\STM32WBxx_HAL_Driver\Src\stm32wbxx_hal_uart.o
                0x08002ddc                HAL_UART_IRQHandler
 .text.HAL_UART_TxCpltCallback
                0x080030dc       0x14 Drivers\STM32WBxx_HAL_Driver\Src\stm32wbxx_hal_uart.o
                0x080030dc                HAL_UART_TxCpltCallback
 .text.HAL_UART_ErrorCallback
                0x080030f0       0x14 Drivers\STM32WBxx_HAL_Driver\Src\stm32wbxx_hal_uart.o
                0x080030f0                HAL_UART_ErrorCallback
 *fill*         0x08003104        0x4 
 .text.UART_SetConfig
                0x08003108     0x10a0 Drivers\STM32WBxx_HAL_Driver\Src\stm32wbxx_hal_uart.o
                0x08003108                UART_SetConfig
 .text.UART_AdvFeatureConfig
                0x080041a8      0x144 Drivers\STM32WBxx_HAL_Driver\Src\stm32wbxx_hal_uart.o
                0x080041a8                UART_AdvFeatureConfig
 .text.UART_CheckIdleState
                0x080042ec       0x90 Drivers\STM32WBxx_HAL_Driver\Src\stm32wbxx_hal_uart.o
                0x080042ec                UART_CheckIdleState
 .text.UART_WaitOnFlagUntilTimeout
                0x0800437c      0x100 Drivers\STM32WBxx_HAL_Driver\Src\stm32wbxx_hal_uart.o
                0x0800437c                UART_WaitOnFlagUntilTimeout
 .text.UART_EndRxTransfer
                0x0800447c       0x46 Drivers\STM32WBxx_HAL_Driver\Src\stm32wbxx_hal_uart.o
 .text.UART_DMAAbortOnError
                0x080044c2       0x2c Drivers\STM32WBxx_HAL_Driver\Src\stm32wbxx_hal_uart.o
 .text.UART_EndTransmit_IT
                0x080044ee       0x34 Drivers\STM32WBxx_HAL_Driver\Src\stm32wbxx_hal_uart.o
 .text.HAL_UARTEx_WakeupCallback
                0x08004522       0x14 Drivers\STM32WBxx_HAL_Driver\Src\stm32wbxx_hal_uart_ex.o
                0x08004522                HAL_UARTEx_WakeupCallback
 .text.HAL_UARTEx_RxFifoFullCallback
                0x08004536       0x14 Drivers\STM32WBxx_HAL_Driver\Src\stm32wbxx_hal_uart_ex.o
                0x08004536                HAL_UARTEx_RxFifoFullCallback
 .text.HAL_UARTEx_TxFifoEmptyCallback
                0x0800454a       0x14 Drivers\STM32WBxx_HAL_Driver\Src\stm32wbxx_hal_uart_ex.o
                0x0800454a                HAL_UARTEx_TxFifoEmptyCallback
 .text.HAL_UARTEx_DisableFifoMode
                0x0800455e       0x72 Drivers\STM32WBxx_HAL_Driver\Src\stm32wbxx_hal_uart_ex.o
                0x0800455e                HAL_UARTEx_DisableFifoMode
 .text.HAL_UARTEx_SetTxFifoThreshold
                0x080045d0       0x7c Drivers\STM32WBxx_HAL_Driver\Src\stm32wbxx_hal_uart_ex.o
                0x080045d0                HAL_UARTEx_SetTxFifoThreshold
 .text.HAL_UARTEx_SetRxFifoThreshold
                0x0800464c       0x7c Drivers\STM32WBxx_HAL_Driver\Src\stm32wbxx_hal_uart_ex.o
                0x0800464c                HAL_UARTEx_SetRxFifoThreshold
 .text.UARTEx_SetNbDataToProcess
                0x080046c8       0xd0 Drivers\STM32WBxx_HAL_Driver\Src\stm32wbxx_hal_uart_ex.o
 .text.osKernelInitialize
                0x08004798       0x68 Middlewares\Third_Party\FreeRTOS\Source\CMSIS_RTOS_V2\cmsis_os2.o
                0x08004798                osKernelInitialize
 .text.osKernelStart
                0x08004800       0x68 Middlewares\Third_Party\FreeRTOS\Source\CMSIS_RTOS_V2\cmsis_os2.o
                0x08004800                osKernelStart
 .text.osThreadNew
                0x08004868      0x154 Middlewares\Third_Party\FreeRTOS\Source\CMSIS_RTOS_V2\cmsis_os2.o
                0x08004868                osThreadNew
 .text.osDelay  0x080049bc       0x5c Middlewares\Third_Party\FreeRTOS\Source\CMSIS_RTOS_V2\cmsis_os2.o
                0x080049bc                osDelay
 .text.osMessageQueueNew
                0x08004a18      0x10c Middlewares\Third_Party\FreeRTOS\Source\CMSIS_RTOS_V2\cmsis_os2.o
                0x08004a18                osMessageQueueNew
 .text.osMessageQueuePut
                0x08004b24       0xe8 Middlewares\Third_Party\FreeRTOS\Source\CMSIS_RTOS_V2\cmsis_os2.o
                0x08004b24                osMessageQueuePut
 .text.osMessageQueueGet
                0x08004c0c       0xe4 Middlewares\Third_Party\FreeRTOS\Source\CMSIS_RTOS_V2\cmsis_os2.o
                0x08004c0c                osMessageQueueGet
 .text.vApplicationGetIdleTaskMemory
                0x08004cf0       0x34 Middlewares\Third_Party\FreeRTOS\Source\CMSIS_RTOS_V2\cmsis_os2.o
                0x08004cf0                vApplicationGetIdleTaskMemory
 .text.vApplicationGetTimerTaskMemory
                0x08004d24       0x34 Middlewares\Third_Party\FreeRTOS\Source\CMSIS_RTOS_V2\cmsis_os2.o
                0x08004d24                vApplicationGetTimerTaskMemory
 .text.vListInitialise
                0x08004d58       0x40 Middlewares\Third_Party\FreeRTOS\Source\list.o
                0x08004d58                vListInitialise
 .text.vListInitialiseItem
                0x08004d98       0x1a Middlewares\Third_Party\FreeRTOS\Source\list.o
                0x08004d98                vListInitialiseItem
 .text.vListInsertEnd
                0x08004db2       0x48 Middlewares\Third_Party\FreeRTOS\Source\list.o
                0x08004db2                vListInsertEnd
 .text.vListInsert
                0x08004dfa       0x72 Middlewares\Third_Party\FreeRTOS\Source\list.o
                0x08004dfa                vListInsert
 .text.uxListRemove
                0x08004e6c       0x54 Middlewares\Third_Party\FreeRTOS\Source\list.o
                0x08004e6c                uxListRemove
 .text.pxPortInitialiseStack
                0x08004ec0       0x68 Middlewares\Third_Party\FreeRTOS\Source\portable\GCC\ARM_CM4F\port.o
                0x08004ec0                pxPortInitialiseStack
 .text.prvTaskExitError
                0x08004f28       0x54 Middlewares\Third_Party\FreeRTOS\Source\portable\GCC\ARM_CM4F\port.o
 *fill*         0x08004f7c        0x4 
 .text.SVC_Handler
                0x08004f80       0x28 Middlewares\Third_Party\FreeRTOS\Source\portable\GCC\ARM_CM4F\port.o
                0x08004f80                SVC_Handler
 .text.prvPortStartFirstTask
                0x08004fa8       0x28 Middlewares\Third_Party\FreeRTOS\Source\portable\GCC\ARM_CM4F\port.o
 .text.xPortStartScheduler
                0x08004fd0      0x13c Middlewares\Third_Party\FreeRTOS\Source\portable\GCC\ARM_CM4F\port.o
                0x08004fd0                xPortStartScheduler
 .text.vPortEnterCritical
                0x0800510c       0x5c Middlewares\Third_Party\FreeRTOS\Source\portable\GCC\ARM_CM4F\port.o
                0x0800510c                vPortEnterCritical
 .text.vPortExitCritical
                0x08005168       0x50 Middlewares\Third_Party\FreeRTOS\Source\portable\GCC\ARM_CM4F\port.o
                0x08005168                vPortExitCritical
 *fill*         0x080051b8        0x8 
 .text.PendSV_Handler
                0x080051c0       0x68 Middlewares\Third_Party\FreeRTOS\Source\portable\GCC\ARM_CM4F\port.o
                0x080051c0                PendSV_Handler
 .text.SysTick_Handler
                0x08005228       0x40 Middlewares\Third_Party\FreeRTOS\Source\portable\GCC\ARM_CM4F\port.o
                0x08005228                SysTick_Handler
 .text.vPortSetupTimerInterrupt
                0x08005268       0x48 Middlewares\Third_Party\FreeRTOS\Source\portable\GCC\ARM_CM4F\port.o
                0x08005268                vPortSetupTimerInterrupt
 .text.vPortEnableVFP
                0x080052b0       0x14 Middlewares\Third_Party\FreeRTOS\Source\portable\GCC\ARM_CM4F\port.o
 .text.vPortValidateInterruptPriority
                0x080052c4       0x7c Middlewares\Third_Party\FreeRTOS\Source\portable\GCC\ARM_CM4F\port.o
                0x080052c4                vPortValidateInterruptPriority
 .text.pvPortMalloc
                0x08005340      0x184 Middlewares\Third_Party\FreeRTOS\Source\portable\MemMang\heap_4.o
                0x08005340                pvPortMalloc
 .text.vPortFree
                0x080054c4       0xb0 Middlewares\Third_Party\FreeRTOS\Source\portable\MemMang\heap_4.o
                0x080054c4                vPortFree
 .text.prvHeapInit
                0x08005574       0xc4 Middlewares\Third_Party\FreeRTOS\Source\portable\MemMang\heap_4.o
 .text.prvInsertBlockIntoFreeList
                0x08005638       0xb4 Middlewares\Third_Party\FreeRTOS\Source\portable\MemMang\heap_4.o
 .text.xQueueGenericReset
                0x080056ec       0xd0 Middlewares\Third_Party\FreeRTOS\Source\queue.o
                0x080056ec                xQueueGenericReset
 .text.xQueueGenericCreateStatic
                0x080057bc       0xe4 Middlewares\Third_Party\FreeRTOS\Source\queue.o
                0x080057bc                xQueueGenericCreateStatic
 .text.xQueueGenericCreate
                0x080058a0       0x7a Middlewares\Third_Party\FreeRTOS\Source\queue.o
                0x080058a0                xQueueGenericCreate
 .text.prvInitialiseNewQueue
                0x0800591a       0x46 Middlewares\Third_Party\FreeRTOS\Source\queue.o
 .text.xQueueGenericSend
                0x08005960      0x1f4 Middlewares\Third_Party\FreeRTOS\Source\queue.o
                0x08005960                xQueueGenericSend
 .text.xQueueGenericSendFromISR
                0x08005b54      0x128 Middlewares\Third_Party\FreeRTOS\Source\queue.o
                0x08005b54                xQueueGenericSendFromISR
 .text.xQueueReceive
                0x08005c7c      0x1b8 Middlewares\Third_Party\FreeRTOS\Source\queue.o
                0x08005c7c                xQueueReceive
 .text.xQueueReceiveFromISR
                0x08005e34       0xfa Middlewares\Third_Party\FreeRTOS\Source\queue.o
                0x08005e34                xQueueReceiveFromISR
 .text.prvCopyDataToQueue
                0x08005f2e       0xd4 Middlewares\Third_Party\FreeRTOS\Source\queue.o
 .text.prvCopyDataFromQueue
                0x08006002       0x4c Middlewares\Third_Party\FreeRTOS\Source\queue.o
 .text.prvUnlockQueue
                0x0800604e       0xa4 Middlewares\Third_Party\FreeRTOS\Source\queue.o
 .text.prvIsQueueEmpty
                0x080060f2       0x2c Middlewares\Third_Party\FreeRTOS\Source\queue.o
 .text.prvIsQueueFull
                0x0800611e       0x30 Middlewares\Third_Party\FreeRTOS\Source\queue.o
 *fill*         0x0800614e        0x2 
 .text.vQueueAddToRegistry
                0x08006150       0x50 Middlewares\Third_Party\FreeRTOS\Source\queue.o
                0x08006150                vQueueAddToRegistry
 .text.vQueueWaitForMessageRestricted
                0x080061a0       0x68 Middlewares\Third_Party\FreeRTOS\Source\queue.o
                0x080061a0                vQueueWaitForMessageRestricted
 .text.xTaskCreateStatic
                0x08006208       0xb2 Middlewares\Third_Party\FreeRTOS\Source\tasks.o
                0x08006208                xTaskCreateStatic
 .text.xTaskCreate
                0x080062ba       0x8a Middlewares\Third_Party\FreeRTOS\Source\tasks.o
                0x080062ba                xTaskCreate
 .text.prvInitialiseNewTask
                0x08006344      0x10c Middlewares\Third_Party\FreeRTOS\Source\tasks.o
 .text.prvAddNewTaskToReadyList
                0x08006450       0xe0 Middlewares\Third_Party\FreeRTOS\Source\tasks.o
 .text.vTaskDelay
                0x08006530       0x68 Middlewares\Third_Party\FreeRTOS\Source\tasks.o
                0x08006530                vTaskDelay
 .text.vTaskStartScheduler
                0x08006598       0xc8 Middlewares\Third_Party\FreeRTOS\Source\tasks.o
                0x08006598                vTaskStartScheduler
 .text.vTaskSuspendAll
                0x08006660       0x1c Middlewares\Third_Party\FreeRTOS\Source\tasks.o
                0x08006660                vTaskSuspendAll
 .text.xTaskResumeAll
                0x0800667c      0x138 Middlewares\Third_Party\FreeRTOS\Source\tasks.o
                0x0800667c                xTaskResumeAll
 .text.xTaskGetTickCount
                0x080067b4       0x20 Middlewares\Third_Party\FreeRTOS\Source\tasks.o
                0x080067b4                xTaskGetTickCount
 .text.xTaskIncrementTick
                0x080067d4      0x17c Middlewares\Third_Party\FreeRTOS\Source\tasks.o
                0x080067d4                xTaskIncrementTick
 .text.vTaskSwitchContext
                0x08006950       0xb8 Middlewares\Third_Party\FreeRTOS\Source\tasks.o
                0x08006950                vTaskSwitchContext
 .text.vTaskPlaceOnEventList
                0x08006a08       0x48 Middlewares\Third_Party\FreeRTOS\Source\tasks.o
                0x08006a08                vTaskPlaceOnEventList
 .text.vTaskPlaceOnEventListRestricted
                0x08006a50       0x54 Middlewares\Third_Party\FreeRTOS\Source\tasks.o
                0x08006a50                vTaskPlaceOnEventListRestricted
 .text.xTaskRemoveFromEventList
                0x08006aa4       0xc4 Middlewares\Third_Party\FreeRTOS\Source\tasks.o
                0x08006aa4                xTaskRemoveFromEventList
 .text.vTaskInternalSetTimeOutState
                0x08006b68       0x2c Middlewares\Third_Party\FreeRTOS\Source\tasks.o
                0x08006b68                vTaskInternalSetTimeOutState
 .text.xTaskCheckForTimeOut
                0x08006b94       0xc0 Middlewares\Third_Party\FreeRTOS\Source\tasks.o
                0x08006b94                xTaskCheckForTimeOut
 .text.vTaskMissedYield
                0x08006c54       0x18 Middlewares\Third_Party\FreeRTOS\Source\tasks.o
                0x08006c54                vTaskMissedYield
 .text.prvIdleTask
                0x08006c6c       0x30 Middlewares\Third_Party\FreeRTOS\Source\tasks.o
 .text.prvInitialiseTaskLists
                0x08006c9c       0x80 Middlewares\Third_Party\FreeRTOS\Source\tasks.o
 .text.prvCheckTasksWaitingTermination
                0x08006d1c       0x58 Middlewares\Third_Party\FreeRTOS\Source\tasks.o
 .text.prvDeleteTCB
                0x08006d74       0x5c Middlewares\Third_Party\FreeRTOS\Source\tasks.o
 .text.prvResetNextTaskUnblockTime
                0x08006dd0       0x4c Middlewares\Third_Party\FreeRTOS\Source\tasks.o
 .text.xTaskGetSchedulerState
                0x08006e1c       0x3c Middlewares\Third_Party\FreeRTOS\Source\tasks.o
                0x08006e1c                xTaskGetSchedulerState
 .text.xTaskPriorityDisinherit
                0x08006e58       0xd8 Middlewares\Third_Party\FreeRTOS\Source\tasks.o
                0x08006e58                xTaskPriorityDisinherit
 .text.prvAddCurrentTaskToDelayedList
                0x08006f30       0xa8 Middlewares\Third_Party\FreeRTOS\Source\tasks.o
 .text.xTimerCreateTimerTask
                0x08006fd8       0x90 Middlewares\Third_Party\FreeRTOS\Source\timers.o
                0x08006fd8                xTimerCreateTimerTask
 .text.xTimerGenericCommand
                0x08007068       0x98 Middlewares\Third_Party\FreeRTOS\Source\timers.o
                0x08007068                xTimerGenericCommand
 .text.prvProcessExpiredTimer
                0x08007100       0x80 Middlewares\Third_Party\FreeRTOS\Source\timers.o
 .text.prvTimerTask
                0x08007180       0x24 Middlewares\Third_Party\FreeRTOS\Source\timers.o
 .text.prvProcessTimerOrBlockTask
                0x080071a4       0x9c Middlewares\Third_Party\FreeRTOS\Source\timers.o
 .text.prvGetNextExpireTime
                0x08007240       0x48 Middlewares\Third_Party\FreeRTOS\Source\timers.o
 .text.prvSampleTimeNow
                0x08007288       0x40 Middlewares\Third_Party\FreeRTOS\Source\timers.o
 .text.prvInsertTimerInActiveList
                0x080072c8       0x84 Middlewares\Third_Party\FreeRTOS\Source\timers.o
 .text.prvProcessReceivedCommands
                0x0800734c      0x160 Middlewares\Third_Party\FreeRTOS\Source\timers.o
 .text.prvSwitchTimerLists
                0x080074ac       0xc0 Middlewares\Third_Party\FreeRTOS\Source\timers.o
 .text.prvCheckForValidListAndQueue
                0x0800756c       0x80 Middlewares\Third_Party\FreeRTOS\Source\timers.o
 .text.UART_Send_Start
                0x080075ec       0x30 Src\UART_Print.o
                0x080075ec                UART_Send_Start
 .text.UART_Print_uint16_t
                0x0800761c       0x2c Src\UART_Print.o
                0x0800761c                UART_Print_uint16_t
 .text.MX_FREERTOS_Init
                0x08007648       0x98 Src\app_freertos.o
                0x08007648                MX_FREERTOS_Init
 .text.StartDefaultTask
                0x080076e0       0x10 Src\app_freertos.o
                0x080076e0                StartDefaultTask
 .text.LL_AHB2_GRP1_EnableClock
                0x080076f0       0x32 Src\gpio.o
 *fill*         0x08007722        0x2 
 .text.MX_GPIO_Init
                0x08007724       0xe8 Src\gpio.o
                0x08007724                MX_GPIO_Init
 .text._Input   0x0800780c       0x18 Src\input.o
                0x0800780c                _Input
 .text.PulseHandlerTask
                0x08007824       0x34 Src\input.o
                0x08007824                PulseHandlerTask
 .text.enqueue_pulse
                0x08007858       0x3c Src\input.o
                0x08007858                enqueue_pulse
 .text.main     0x08007894       0x30 Src\main.o
                0x08007894                main
 .text.SystemClock_Config
                0x080078c4       0xe4 Src\main.o
                0x080078c4                SystemClock_Config
 .text.HAL_GPIO_EXTI_Callback
                0x080079a8       0xa0 Src\main.o
                0x080079a8                HAL_GPIO_EXTI_Callback
 .text.HAL_TIM_PeriodElapsedCallback
                0x08007a48       0x24 Src\main.o
                0x08007a48                HAL_TIM_PeriodElapsedCallback
 .text.Error_Handler
                0x08007a6c        0xe Src\main.o
                0x08007a6c                Error_Handler
 .text.HAL_MspInit
                0x08007a7a       0x14 Src\stm32wbxx_hal_msp.o
                0x08007a7a                HAL_MspInit
 .text.LL_APB2_GRP1_EnableClock
                0x08007a8e       0x32 Src\stm32wbxx_hal_timebase_tim.o
 .text.HAL_InitTick
                0x08007ac0       0x98 Src\stm32wbxx_hal_timebase_tim.o
                0x08007ac0                HAL_InitTick
 .text.NMI_Handler
                0x08007b58        0xe Src\stm32wbxx_it.o
                0x08007b58                NMI_Handler
 .text.HardFault_Handler
                0x08007b66        0x6 Src\stm32wbxx_it.o
                0x08007b66                HardFault_Handler
 .text.MemManage_Handler
                0x08007b6c        0x6 Src\stm32wbxx_it.o
                0x08007b6c                MemManage_Handler
 .text.BusFault_Handler
                0x08007b72        0x6 Src\stm32wbxx_it.o
                0x08007b72                BusFault_Handler
 .text.UsageFault_Handler
                0x08007b78        0x6 Src\stm32wbxx_it.o
                0x08007b78                UsageFault_Handler
 .text.DebugMon_Handler
                0x08007b7e        0xe Src\stm32wbxx_it.o
                0x08007b7e                DebugMon_Handler
 .text.EXTI0_IRQHandler
                0x08007b8c        0xe Src\stm32wbxx_it.o
                0x08007b8c                EXTI0_IRQHandler
 *fill*         0x08007b9a        0x2 
 .text.TIM1_UP_TIM16_IRQHandler
                0x08007b9c       0x1c Src\stm32wbxx_it.o
                0x08007b9c                TIM1_UP_TIM16_IRQHandler
 .text.USART1_IRQHandler
                0x08007bb8       0x14 Src\stm32wbxx_it.o
                0x08007bb8                USART1_IRQHandler
 .text.SystemInit
                0x08007bcc       0xac Src\system_stm32wbxx.o
                0x08007bcc                SystemInit
 .text.SystemCoreClockUpdate
                0x08007c78      0x144 Src\system_stm32wbxx.o
                0x08007c78                SystemCoreClockUpdate
 .text.LL_APB2_GRP1_EnableClock
                0x08007dbc       0x32 Src\tim.o
 *fill*         0x08007dee        0x2 
 .text.MX_TIM16_Init
                0x08007df0       0x4c Src\tim.o
                0x08007df0                MX_TIM16_Init
 .text.HAL_TIM_Base_MspInit
                0x08007e3c       0x38 Src\tim.o
                0x08007e3c                HAL_TIM_Base_MspInit
 .text.LL_AHB2_GRP1_EnableClock
                0x08007e74       0x32 Src\usart.o
 .text.LL_APB2_GRP1_EnableClock
                0x08007ea6       0x32 Src\usart.o
 .text.MX_USART1_UART_Init
                0x08007ed8       0x98 Src\usart.o
                0x08007ed8                MX_USART1_UART_Init
 .text.HAL_UART_MspInit
                0x08007f70       0x9c Src\usart.o
                0x08007f70                HAL_UART_MspInit
 .text.Reset_Handler
                0x0800800c       0x50 startup\startup_stm32wb55xx_cm4.o
                0x0800800c                Reset_Handler
 .text.Default_Handler
                0x0800805c        0x2 startup\startup_stm32wb55xx_cm4.o
                0x0800805c                RTC_Alarm_IRQHandler
                0x0800805c                EXTI2_IRQHandler
                0x0800805c                TIM1_CC_IRQHandler
                0x0800805c                TSC_IRQHandler
                0x0800805c                USB_HP_IRQHandler
                0x0800805c                EXTI3_IRQHandler
                0x0800805c                LPTIM2_IRQHandler
                0x0800805c                I2C3_ER_IRQHandler
                0x0800805c                FPU_IRQHandler
                0x0800805c                AES1_IRQHandler
                0x0800805c                SPI1_IRQHandler
                0x0800805c                PWR_SOTF_BLEACT_802ACT_RFPHASE_IRQHandler
                0x0800805c                DMA2_Channel2_IRQHandler
                0x0800805c                DMA1_Channel4_IRQHandler
                0x0800805c                ADC1_IRQHandler
                0x0800805c                PKA_IRQHandler
                0x0800805c                DMA1_Channel7_IRQHandler
                0x0800805c                LCD_IRQHandler
                0x0800805c                IPCC_C1_TX_IRQHandler
                0x0800805c                DMA2_Channel1_IRQHandler
                0x0800805c                QUADSPI_IRQHandler
                0x0800805c                I2C1_EV_IRQHandler
                0x0800805c                DMAMUX1_OVR_IRQHandler
                0x0800805c                DMA1_Channel6_IRQHandler
                0x0800805c                DMA2_Channel4_IRQHandler
                0x0800805c                RCC_IRQHandler
                0x0800805c                DMA1_Channel1_IRQHandler
                0x0800805c                Default_Handler
                0x0800805c                DMA2_Channel7_IRQHandler
                0x0800805c                EXTI15_10_IRQHandler
                0x0800805c                IPCC_C1_RX_IRQHandler
                0x0800805c                C2SEV_PWR_C2H_IRQHandler
                0x0800805c                AES2_IRQHandler
                0x0800805c                I2C3_EV_IRQHandler
                0x0800805c                EXTI9_5_IRQHandler
                0x0800805c                RTC_WKUP_IRQHandler
                0x0800805c                PVD_PVM_IRQHandler
                0x0800805c                SPI2_IRQHandler
                0x0800805c                DMA2_Channel5_IRQHandler
                0x0800805c                CRS_IRQHandler
                0x0800805c                DMA1_Channel5_IRQHandler
                0x0800805c                USB_LP_IRQHandler
                0x0800805c                EXTI4_IRQHandler
                0x0800805c                RNG_IRQHandler
                0x0800805c                TIM1_TRG_COM_TIM17_IRQHandler
                0x0800805c                TAMP_STAMP_LSECSS_IRQHandler
                0x0800805c                DMA1_Channel3_IRQHandler
                0x0800805c                COMP_IRQHandler
                0x0800805c                HSEM_IRQHandler
                0x0800805c                WWDG_IRQHandler
                0x0800805c                LPUART1_IRQHandler
                0x0800805c                DMA2_Channel6_IRQHandler
                0x0800805c                TIM2_IRQHandler
                0x0800805c                TIM1_BRK_IRQHandler
                0x0800805c                EXTI1_IRQHandler
                0x0800805c                DMA1_Channel2_IRQHandler
                0x0800805c                FLASH_IRQHandler
                0x0800805c                I2C1_ER_IRQHandler
                0x0800805c                LPTIM1_IRQHandler
                0x0800805c                SAI1_IRQHandler
                0x0800805c                DMA2_Channel3_IRQHandler
 *fill*         0x0800805e        0x2 
 .text.__libc_init_array
                0x08008060       0x48 c:/program files (x86)/atollic/truestudio for stm32 9.3.0/armtools/bin/../lib/gcc/arm-atollic-eabi/6.3.1/../../../../arm-atollic-eabi/lib/armv7e-m/fpu\libc_nano.a(lib_a-init.o)
                0x08008060                __libc_init_array
 .text.memcpy   0x080080a8       0x16 c:/program files (x86)/atollic/truestudio for stm32 9.3.0/armtools/bin/../lib/gcc/arm-atollic-eabi/6.3.1/../../../../arm-atollic-eabi/lib/armv7e-m/fpu\libc_nano.a(lib_a-memcpy-stub.o)
                0x080080a8                memcpy
 .text.memset   0x080080be       0x10 c:/program files (x86)/atollic/truestudio for stm32 9.3.0/armtools/bin/../lib/gcc/arm-atollic-eabi/6.3.1/../../../../arm-atollic-eabi/lib/armv7e-m/fpu\libc_nano.a(lib_a-memset.o)
                0x080080be                memset
 *(.glue_7)
 .glue_7        0x080080ce        0x0 linker stubs
 *(.glue_7t)
 .glue_7t       0x080080ce        0x0 linker stubs
 *(.eh_frame)
 *fill*         0x080080ce        0x2 
 .eh_frame      0x080080d0        0x0 c:/program files (x86)/atollic/truestudio for stm32 9.3.0/armtools/bin/../lib/gcc/arm-atollic-eabi/6.3.1/armv7e-m/fpu/crtbegin.o
 *(.init)
 .init          0x080080d0        0x4 c:/program files (x86)/atollic/truestudio for stm32 9.3.0/armtools/bin/../lib/gcc/arm-atollic-eabi/6.3.1/armv7e-m/fpu/crti.o
                0x080080d0                _init
 .init          0x080080d4        0x8 c:/program files (x86)/atollic/truestudio for stm32 9.3.0/armtools/bin/../lib/gcc/arm-atollic-eabi/6.3.1/armv7e-m/fpu/crtn.o
 *(.fini)
 .fini          0x080080dc        0x4 c:/program files (x86)/atollic/truestudio for stm32 9.3.0/armtools/bin/../lib/gcc/arm-atollic-eabi/6.3.1/armv7e-m/fpu/crti.o
                0x080080dc                _fini
 .fini          0x080080e0        0x8 c:/program files (x86)/atollic/truestudio for stm32 9.3.0/armtools/bin/../lib/gcc/arm-atollic-eabi/6.3.1/armv7e-m/fpu/crtn.o
                0x080080e8                . = ALIGN (0x4)
                0x080080e8                _etext = .

.vfp11_veneer   0x080080e8        0x0
 .vfp11_veneer  0x080080e8        0x0 linker stubs

.v4_bx          0x080080e8        0x0
 .v4_bx         0x080080e8        0x0 linker stubs

.iplt           0x080080e8        0x0
 .iplt          0x080080e8        0x0 c:/program files (x86)/atollic/truestudio for stm32 9.3.0/armtools/bin/../lib/gcc/arm-atollic-eabi/6.3.1/armv7e-m/fpu/crtbegin.o

.rodata         0x080080e8      0x11c
                0x080080e8                . = ALIGN (0x4)
 *(.rodata)
 .rodata        0x080080e8       0x2c Drivers\STM32WBxx_HAL_Driver\Src\stm32wbxx_hal_rcc.o
 .rodata        0x08008114       0x10 Drivers\STM32WBxx_HAL_Driver\Src\stm32wbxx_hal_uart_ex.o
 .rodata        0x08008124        0x5 Middlewares\Third_Party\FreeRTOS\Source\tasks.o
 *fill*         0x08008129        0x3 
 .rodata        0x0800812c        0xd Middlewares\Third_Party\FreeRTOS\Source\timers.o
 *fill*         0x08008139        0x3 
 .rodata        0x0800813c        0x7 Src\UART_Print.o
 *fill*         0x08008143        0x1 
 .rodata        0x08008144       0x1d Src\app_freertos.o
 *(.rodata*)
 *fill*         0x08008161        0x3 
 .rodata.AHBPrescTable
                0x08008164       0x40 Src\system_stm32wbxx.o
                0x08008164                AHBPrescTable
 .rodata.APBPrescTable
                0x080081a4       0x20 Src\system_stm32wbxx.o
                0x080081a4                APBPrescTable
 .rodata.MSIRangeTable
                0x080081c4       0x40 Src\system_stm32wbxx.o
                0x080081c4                MSIRangeTable
                0x08008204                . = ALIGN (0x4)

.ARM.extab
 *(.ARM.extab* .gnu.linkonce.armextab.*)

.ARM            0x08008204        0x8
                0x08008204                __exidx_start = .
 *(.ARM.exidx*)
 .ARM.exidx     0x08008204        0x8 c:/program files (x86)/atollic/truestudio for stm32 9.3.0/armtools/bin/../lib/gcc/arm-atollic-eabi/6.3.1/armv7e-m/fpu\libgcc.a(_udivmoddi4.o)
                0x0800820c                __exidx_end = .

.rel.dyn        0x0800820c        0x0
 .rel.iplt      0x0800820c        0x0 c:/program files (x86)/atollic/truestudio for stm32 9.3.0/armtools/bin/../lib/gcc/arm-atollic-eabi/6.3.1/armv7e-m/fpu/crtbegin.o

.preinit_array  0x0800820c        0x0
                0x0800820c                PROVIDE (__preinit_array_start, .)
 *(.preinit_array*)
                0x0800820c                PROVIDE (__preinit_array_end, .)

.init_array     0x0800820c        0x4
                0x0800820c                PROVIDE (__init_array_start, .)
 *(SORT(.init_array.*))
 *(.init_array*)
 .init_array    0x0800820c        0x4 c:/program files (x86)/atollic/truestudio for stm32 9.3.0/armtools/bin/../lib/gcc/arm-atollic-eabi/6.3.1/armv7e-m/fpu/crtbegin.o
                0x08008210                PROVIDE (__init_array_end, .)

.fini_array     0x08008210        0x4
                [!provide]                PROVIDE (__fini_array_start, .)
 *(SORT(.fini_array.*))
 *(.fini_array*)
 .fini_array    0x08008210        0x4 c:/program files (x86)/atollic/truestudio for stm32 9.3.0/armtools/bin/../lib/gcc/arm-atollic-eabi/6.3.1/armv7e-m/fpu/crtbegin.o
                [!provide]                PROVIDE (__fini_array_end, .)
                0x08008214                _sidata = LOADADDR (.data)

.data           0x20000004       0x10 load address 0x08008214
                0x20000004                . = ALIGN (0x4)
                0x20000004                _sdata = .
 *(.data)
 *(.data*)
 .data.uwTickPrio
                0x20000004        0x4 Drivers\STM32WBxx_HAL_Driver\Src\stm32wbxx_hal.o
                0x20000004                uwTickPrio
 .data.uwTickFreq
                0x20000008        0x4 Drivers\STM32WBxx_HAL_Driver\Src\stm32wbxx_hal.o
                0x20000008                uwTickFreq
 .data.uxCriticalNesting
                0x2000000c        0x4 Middlewares\Third_Party\FreeRTOS\Source\portable\GCC\ARM_CM4F\port.o
 .data.SystemCoreClock
                0x20000010        0x4 Src\system_stm32wbxx.o
                0x20000010                SystemCoreClock
                0x20000014                . = ALIGN (0x4)
                0x20000014                _edata = .

.igot.plt       0x20000014        0x0 load address 0x08008224
 .igot.plt      0x20000014        0x0 c:/program files (x86)/atollic/truestudio for stm32 9.3.0/armtools/bin/../lib/gcc/arm-atollic-eabi/6.3.1/armv7e-m/fpu/crtbegin.o
                0x20000014                . = ALIGN (0x4)

.bss            0x20000014     0x39b0 load address 0x08008224
                0x20000014                _sbss = .
                0x20000014                __bss_start__ = _sbss
 *(.bss)
 .bss           0x20000014       0x1c c:/program files (x86)/atollic/truestudio for stm32 9.3.0/armtools/bin/../lib/gcc/arm-atollic-eabi/6.3.1/armv7e-m/fpu/crtbegin.o
 *(.bss*)
 .bss.KernelState
                0x20000030        0x4 Middlewares\Third_Party\FreeRTOS\Source\CMSIS_RTOS_V2\cmsis_os2.o
 .bss.Idle_TCB  0x20000034       0x5c Middlewares\Third_Party\FreeRTOS\Source\CMSIS_RTOS_V2\cmsis_os2.o
 .bss.Idle_Stack
                0x20000090      0x200 Middlewares\Third_Party\FreeRTOS\Source\CMSIS_RTOS_V2\cmsis_os2.o
 .bss.Timer_TCB
                0x20000290       0x5c Middlewares\Third_Party\FreeRTOS\Source\CMSIS_RTOS_V2\cmsis_os2.o
 .bss.Timer_Stack
                0x200002ec      0x400 Middlewares\Third_Party\FreeRTOS\Source\CMSIS_RTOS_V2\cmsis_os2.o
 .bss.ucMaxSysCallPriority
                0x200006ec        0x1 Middlewares\Third_Party\FreeRTOS\Source\portable\GCC\ARM_CM4F\port.o
 *fill*         0x200006ed        0x3 
 .bss.ulMaxPRIGROUPValue
                0x200006f0        0x4 Middlewares\Third_Party\FreeRTOS\Source\portable\GCC\ARM_CM4F\port.o
 .bss.ucHeap    0x200006f4     0x2710 Middlewares\Third_Party\FreeRTOS\Source\portable\MemMang\heap_4.o
 .bss.xStart    0x20002e04        0x8 Middlewares\Third_Party\FreeRTOS\Source\portable\MemMang\heap_4.o
 .bss.pxEnd     0x20002e0c        0x4 Middlewares\Third_Party\FreeRTOS\Source\portable\MemMang\heap_4.o
 .bss.xFreeBytesRemaining
                0x20002e10        0x4 Middlewares\Third_Party\FreeRTOS\Source\portable\MemMang\heap_4.o
 .bss.xMinimumEverFreeBytesRemaining
                0x20002e14        0x4 Middlewares\Third_Party\FreeRTOS\Source\portable\MemMang\heap_4.o
 .bss.xBlockAllocatedBit
                0x20002e18        0x4 Middlewares\Third_Party\FreeRTOS\Source\portable\MemMang\heap_4.o
 .bss.pxCurrentTCB
                0x20002e1c        0x4 Middlewares\Third_Party\FreeRTOS\Source\tasks.o
                0x20002e1c                pxCurrentTCB
 .bss.pxReadyTasksLists
                0x20002e20      0x460 Middlewares\Third_Party\FreeRTOS\Source\tasks.o
 .bss.xDelayedTaskList1
                0x20003280       0x14 Middlewares\Third_Party\FreeRTOS\Source\tasks.o
 .bss.xDelayedTaskList2
                0x20003294       0x14 Middlewares\Third_Party\FreeRTOS\Source\tasks.o
 .bss.pxDelayedTaskList
                0x200032a8        0x4 Middlewares\Third_Party\FreeRTOS\Source\tasks.o
 .bss.pxOverflowDelayedTaskList
                0x200032ac        0x4 Middlewares\Third_Party\FreeRTOS\Source\tasks.o
 .bss.xPendingReadyList
                0x200032b0       0x14 Middlewares\Third_Party\FreeRTOS\Source\tasks.o
 .bss.xTasksWaitingTermination
                0x200032c4       0x14 Middlewares\Third_Party\FreeRTOS\Source\tasks.o
 .bss.uxDeletedTasksWaitingCleanUp
                0x200032d8        0x4 Middlewares\Third_Party\FreeRTOS\Source\tasks.o
 .bss.xSuspendedTaskList
                0x200032dc       0x14 Middlewares\Third_Party\FreeRTOS\Source\tasks.o
 .bss.uxCurrentNumberOfTasks
                0x200032f0        0x4 Middlewares\Third_Party\FreeRTOS\Source\tasks.o
 .bss.xTickCount
                0x200032f4        0x4 Middlewares\Third_Party\FreeRTOS\Source\tasks.o
 .bss.uxTopReadyPriority
                0x200032f8        0x4 Middlewares\Third_Party\FreeRTOS\Source\tasks.o
 .bss.xSchedulerRunning
                0x200032fc        0x4 Middlewares\Third_Party\FreeRTOS\Source\tasks.o
 .bss.uxPendedTicks
                0x20003300        0x4 Middlewares\Third_Party\FreeRTOS\Source\tasks.o
 .bss.xYieldPending
                0x20003304        0x4 Middlewares\Third_Party\FreeRTOS\Source\tasks.o
 .bss.xNumOfOverflows
                0x20003308        0x4 Middlewares\Third_Party\FreeRTOS\Source\tasks.o
 .bss.uxTaskNumber
                0x2000330c        0x4 Middlewares\Third_Party\FreeRTOS\Source\tasks.o
 .bss.xNextTaskUnblockTime
                0x20003310        0x4 Middlewares\Third_Party\FreeRTOS\Source\tasks.o
 .bss.xIdleTaskHandle
                0x20003314        0x4 Middlewares\Third_Party\FreeRTOS\Source\tasks.o
 .bss.uxSchedulerSuspended
                0x20003318        0x4 Middlewares\Third_Party\FreeRTOS\Source\tasks.o
 .bss.xActiveTimerList1
                0x2000331c       0x14 Middlewares\Third_Party\FreeRTOS\Source\timers.o
 .bss.xActiveTimerList2
                0x20003330       0x14 Middlewares\Third_Party\FreeRTOS\Source\timers.o
 .bss.pxCurrentTimerList
                0x20003344        0x4 Middlewares\Third_Party\FreeRTOS\Source\timers.o
 .bss.pxOverflowTimerList
                0x20003348        0x4 Middlewares\Third_Party\FreeRTOS\Source\timers.o
 .bss.xTimerQueue
                0x2000334c        0x4 Middlewares\Third_Party\FreeRTOS\Source\timers.o
 .bss.xTimerTaskHandle
                0x20003350        0x4 Middlewares\Third_Party\FreeRTOS\Source\timers.o
 .bss.xLastTime.6585
                0x20003354        0x4 Middlewares\Third_Party\FreeRTOS\Source\timers.o
 .bss.ucStaticTimerQueueStorage.6636
                0x20003358       0xa0 Middlewares\Third_Party\FreeRTOS\Source\timers.o
 .bss.xStaticTimerQueue.6635
                0x200033f8       0x50 Middlewares\Third_Party\FreeRTOS\Source\timers.o
 *(COMMON)
 COMMON         0x20003448        0x4 Drivers\STM32WBxx_HAL_Driver\Src\stm32wbxx_hal.o
                0x20003448                uwTick
 COMMON         0x2000344c       0x40 Middlewares\Third_Party\FreeRTOS\Source\queue.o
                0x2000344c                xQueueRegistry
 COMMON         0x2000348c      0x428 Src\app_freertos.o
                0x2000348c                defaultTaskHandle
                0x20003490                pulseHandlerTaskHandle
                0x20003494                input0
                0x200038b0                pulseQueue
 COMMON         0x200038b4        0x2 Src\main.o
                0x200038b4                timestamp
 *fill*         0x200038b6        0x2 
 COMMON         0x200038b8       0x40 Src\stm32wbxx_hal_timebase_tim.o
                0x200038b8                htim1
 COMMON         0x200038f8       0x40 Src\tim.o
                0x200038f8                htim16
 COMMON         0x20003938       0x8c Src\usart.o
                0x20003938                huart1
                0x200039c4                . = ALIGN (0x4)
                0x200039c4                _ebss = .
                0x200039c4                __bss_end__ = _ebss

._user_heap_stack
                0x200039c4      0x604 load address 0x08008224
                0x200039c8                . = ALIGN (0x8)
 *fill*         0x200039c4        0x4 
                0x200039c8                PROVIDE (end, .)
                [!provide]                PROVIDE (_end, .)
                0x20003bc8                . = (. + _Min_Heap_Size)
 *fill*         0x200039c8      0x200 
                0x20003fc8                . = (. + _Min_Stack_Size)
 *fill*         0x20003bc8      0x400 
                0x20003fc8                . = ALIGN (0x8)

/DISCARD/
 libc.a(*)
 libm.a(*)
 libgcc.a(*)

.ARM.attributes
                0x00000000       0x30
 *(.ARM.attributes)
 .ARM.attributes
                0x00000000       0x22 c:/program files (x86)/atollic/truestudio for stm32 9.3.0/armtools/bin/../lib/gcc/arm-atollic-eabi/6.3.1/armv7e-m/fpu/crti.o
 .ARM.attributes
                0x00000022       0x34 c:/program files (x86)/atollic/truestudio for stm32 9.3.0/armtools/bin/../lib/gcc/arm-atollic-eabi/6.3.1/armv7e-m/fpu/crtbegin.o
 .ARM.attributes
                0x00000056       0x39 Drivers\STM32WBxx_HAL_Driver\Src\stm32wbxx_hal.o
 .ARM.attributes
                0x0000008f       0x39 Drivers\STM32WBxx_HAL_Driver\Src\stm32wbxx_hal_cortex.o
 .ARM.attributes
                0x000000c8       0x39 Drivers\STM32WBxx_HAL_Driver\Src\stm32wbxx_hal_dma.o
 .ARM.attributes
                0x00000101       0x39 Drivers\STM32WBxx_HAL_Driver\Src\stm32wbxx_hal_gpio.o
 .ARM.attributes
                0x0000013a       0x39 Drivers\STM32WBxx_HAL_Driver\Src\stm32wbxx_hal_pwr.o
 .ARM.attributes
                0x00000173       0x39 Drivers\STM32WBxx_HAL_Driver\Src\stm32wbxx_hal_pwr_ex.o
 .ARM.attributes
                0x000001ac       0x39 Drivers\STM32WBxx_HAL_Driver\Src\stm32wbxx_hal_rcc.o
 .ARM.attributes
                0x000001e5       0x39 Drivers\STM32WBxx_HAL_Driver\Src\stm32wbxx_hal_rcc_ex.o
 .ARM.attributes
                0x0000021e       0x39 Drivers\STM32WBxx_HAL_Driver\Src\stm32wbxx_hal_tim.o
 .ARM.attributes
                0x00000257       0x39 Drivers\STM32WBxx_HAL_Driver\Src\stm32wbxx_hal_tim_ex.o
 .ARM.attributes
                0x00000290       0x39 Drivers\STM32WBxx_HAL_Driver\Src\stm32wbxx_hal_uart.o
 .ARM.attributes
                0x000002c9       0x39 Drivers\STM32WBxx_HAL_Driver\Src\stm32wbxx_hal_uart_ex.o
 .ARM.attributes
                0x00000302       0x39 Middlewares\Third_Party\FreeRTOS\Source\CMSIS_RTOS_V2\cmsis_os2.o
 .ARM.attributes
                0x0000033b       0x39 Middlewares\Third_Party\FreeRTOS\Source\list.o
 .ARM.attributes
                0x00000374       0x39 Middlewares\Third_Party\FreeRTOS\Source\portable\GCC\ARM_CM4F\port.o
 .ARM.attributes
                0x000003ad       0x39 Middlewares\Third_Party\FreeRTOS\Source\portable\MemMang\heap_4.o
 .ARM.attributes
                0x000003e6       0x39 Middlewares\Third_Party\FreeRTOS\Source\queue.o
 .ARM.attributes
                0x0000041f       0x39 Middlewares\Third_Party\FreeRTOS\Source\tasks.o
 .ARM.attributes
                0x00000458       0x39 Middlewares\Third_Party\FreeRTOS\Source\timers.o
 .ARM.attributes
                0x00000491       0x39 Src\UART_Print.o
 .ARM.attributes
                0x000004ca       0x39 Src\app_freertos.o
 .ARM.attributes
                0x00000503       0x39 Src\gpio.o
 .ARM.attributes
                0x0000053c       0x39 Src\input.o
 .ARM.attributes
                0x00000575       0x39 Src\main.o
 .ARM.attributes
                0x000005ae       0x39 Src\stm32wbxx_hal_msp.o
 .ARM.attributes
                0x000005e7       0x39 Src\stm32wbxx_hal_timebase_tim.o
 .ARM.attributes
                0x00000620       0x39 Src\stm32wbxx_it.o
 .ARM.attributes
                0x00000659       0x39 Src\system_stm32wbxx.o
 .ARM.attributes
                0x00000692       0x39 Src\tim.o
 .ARM.attributes
                0x000006cb       0x39 Src\usart.o
 .ARM.attributes
                0x00000704       0x21 startup\startup_stm32wb55xx_cm4.o
 .ARM.attributes
                0x00000725       0x34 c:/program files (x86)/atollic/truestudio for stm32 9.3.0/armtools/bin/../lib/gcc/arm-atollic-eabi/6.3.1/../../../../arm-atollic-eabi/lib/armv7e-m/fpu\libc_nano.a(lib_a-init.o)
 .ARM.attributes
                0x00000759       0x34 c:/program files (x86)/atollic/truestudio for stm32 9.3.0/armtools/bin/../lib/gcc/arm-atollic-eabi/6.3.1/../../../../arm-atollic-eabi/lib/armv7e-m/fpu\libc_nano.a(lib_a-memcpy-stub.o)
 .ARM.attributes
                0x0000078d       0x34 c:/program files (x86)/atollic/truestudio for stm32 9.3.0/armtools/bin/../lib/gcc/arm-atollic-eabi/6.3.1/../../../../arm-atollic-eabi/lib/armv7e-m/fpu\libc_nano.a(lib_a-memset.o)
 .ARM.attributes
                0x000007c1       0x1b c:/program files (x86)/atollic/truestudio for stm32 9.3.0/armtools/bin/../lib/gcc/arm-atollic-eabi/6.3.1/../../../../arm-atollic-eabi/lib/armv7e-m/fpu\libc_nano.a(lib_a-strlen.o)
 .ARM.attributes
                0x000007dc       0x22 c:/program files (x86)/atollic/truestudio for stm32 9.3.0/armtools/bin/../lib/gcc/arm-atollic-eabi/6.3.1/armv7e-m/fpu\libgcc.a(_aeabi_uldivmod.o)
 .ARM.attributes
                0x000007fe       0x34 c:/program files (x86)/atollic/truestudio for stm32 9.3.0/armtools/bin/../lib/gcc/arm-atollic-eabi/6.3.1/armv7e-m/fpu\libgcc.a(_udivmoddi4.o)
 .ARM.attributes
                0x00000832       0x22 c:/program files (x86)/atollic/truestudio for stm32 9.3.0/armtools/bin/../lib/gcc/arm-atollic-eabi/6.3.1/armv7e-m/fpu\libgcc.a(_dvmd_tls.o)
 .ARM.attributes
                0x00000854       0x22 c:/program files (x86)/atollic/truestudio for stm32 9.3.0/armtools/bin/../lib/gcc/arm-atollic-eabi/6.3.1/armv7e-m/fpu/crtn.o

MAPPING_TABLE
 *(MAPPING_TABLE)

MB_MEM1
 *(MB_MEM1)

MB_MEM2
 *(MB_MEM2)
OUTPUT(irq_test.elf elf32-littlearm)

.debug_info     0x00000000    0x24ef7
 .debug_info    0x00000000     0x12f3 Drivers\STM32WBxx_HAL_Driver\Src\stm32wbxx_hal.o
 .debug_info    0x000012f3      0xde4 Drivers\STM32WBxx_HAL_Driver\Src\stm32wbxx_hal_cortex.o
 .debug_info    0x000020d7      0x976 Drivers\STM32WBxx_HAL_Driver\Src\stm32wbxx_hal_dma.o
 .debug_info    0x00002a4d      0x7d5 Drivers\STM32WBxx_HAL_Driver\Src\stm32wbxx_hal_gpio.o
 .debug_info    0x00003222      0x9db Drivers\STM32WBxx_HAL_Driver\Src\stm32wbxx_hal_pwr.o
 .debug_info    0x00003bfd     0x112e Drivers\STM32WBxx_HAL_Driver\Src\stm32wbxx_hal_pwr_ex.o
 .debug_info    0x00004d2b     0x1549 Drivers\STM32WBxx_HAL_Driver\Src\stm32wbxx_hal_rcc.o
 .debug_info    0x00006274     0x1c98 Drivers\STM32WBxx_HAL_Driver\Src\stm32wbxx_hal_rcc_ex.o
 .debug_info    0x00007f0c     0x26e9 Drivers\STM32WBxx_HAL_Driver\Src\stm32wbxx_hal_tim.o
 .debug_info    0x0000a5f5     0x1453 Drivers\STM32WBxx_HAL_Driver\Src\stm32wbxx_hal_tim_ex.o
 .debug_info    0x0000ba48     0x1b94 Drivers\STM32WBxx_HAL_Driver\Src\stm32wbxx_hal_uart.o
 .debug_info    0x0000d5dc      0xc2d Drivers\STM32WBxx_HAL_Driver\Src\stm32wbxx_hal_uart_ex.o
 .debug_info    0x0000e209     0x4036 Middlewares\Third_Party\FreeRTOS\Source\CMSIS_RTOS_V2\cmsis_os2.o
 .debug_info    0x0001223f      0xac8 Middlewares\Third_Party\FreeRTOS\Source\list.o
 .debug_info    0x00012d07      0x536 Middlewares\Third_Party\FreeRTOS\Source\portable\GCC\ARM_CM4F\port.o
 .debug_info    0x0001323d      0xbed Middlewares\Third_Party\FreeRTOS\Source\portable\MemMang\heap_4.o
 .debug_info    0x00013e2a     0x22eb Middlewares\Third_Party\FreeRTOS\Source\queue.o
 .debug_info    0x00016115     0x2950 Middlewares\Third_Party\FreeRTOS\Source\tasks.o
 .debug_info    0x00018a65     0x1a24 Middlewares\Third_Party\FreeRTOS\Source\timers.o
 .debug_info    0x0001a489     0x11cc Src\UART_Print.o
 .debug_info    0x0001b655     0x16f7 Src\app_freertos.o
 .debug_info    0x0001cd4c      0x877 Src\gpio.o
 .debug_info    0x0001d5c3     0x188b Src\input.o
 .debug_info    0x0001ee4e     0x1dcd Src\main.o
 .debug_info    0x00020c1b      0x3bb Src\stm32wbxx_hal_msp.o
 .debug_info    0x00020fd6      0xe21 Src\stm32wbxx_hal_timebase_tim.o
 .debug_info    0x00021df7      0xbab Src\stm32wbxx_it.o
 .debug_info    0x000229a2      0x7b6 Src\system_stm32wbxx.o
 .debug_info    0x00023158      0xdaf Src\tim.o
 .debug_info    0x00023f07      0xf69 Src\usart.o
 .debug_info    0x00024e70       0x87 startup\startup_stm32wb55xx_cm4.o

.debug_abbrev   0x00000000     0x41a8
 .debug_abbrev  0x00000000      0x2da Drivers\STM32WBxx_HAL_Driver\Src\stm32wbxx_hal.o
 .debug_abbrev  0x000002da      0x2ec Drivers\STM32WBxx_HAL_Driver\Src\stm32wbxx_hal_cortex.o
 .debug_abbrev  0x000005c6      0x1d4 Drivers\STM32WBxx_HAL_Driver\Src\stm32wbxx_hal_dma.o
 .debug_abbrev  0x0000079a      0x1ce Drivers\STM32WBxx_HAL_Driver\Src\stm32wbxx_hal_gpio.o
 .debug_abbrev  0x00000968      0x1b4 Drivers\STM32WBxx_HAL_Driver\Src\stm32wbxx_hal_pwr.o
 .debug_abbrev  0x00000b1c      0x2d1 Drivers\STM32WBxx_HAL_Driver\Src\stm32wbxx_hal_pwr_ex.o
 .debug_abbrev  0x00000ded      0x245 Drivers\STM32WBxx_HAL_Driver\Src\stm32wbxx_hal_rcc.o
 .debug_abbrev  0x00001032      0x2d4 Drivers\STM32WBxx_HAL_Driver\Src\stm32wbxx_hal_rcc_ex.o
 .debug_abbrev  0x00001306      0x229 Drivers\STM32WBxx_HAL_Driver\Src\stm32wbxx_hal_tim.o
 .debug_abbrev  0x0000152f      0x217 Drivers\STM32WBxx_HAL_Driver\Src\stm32wbxx_hal_tim_ex.o
 .debug_abbrev  0x00001746      0x234 Drivers\STM32WBxx_HAL_Driver\Src\stm32wbxx_hal_uart.o
 .debug_abbrev  0x0000197a      0x1dd Drivers\STM32WBxx_HAL_Driver\Src\stm32wbxx_hal_uart_ex.o
 .debug_abbrev  0x00001b57      0x39b Middlewares\Third_Party\FreeRTOS\Source\CMSIS_RTOS_V2\cmsis_os2.o
 .debug_abbrev  0x00001ef2      0x1cc Middlewares\Third_Party\FreeRTOS\Source\list.o
 .debug_abbrev  0x000020be      0x20d Middlewares\Third_Party\FreeRTOS\Source\portable\GCC\ARM_CM4F\port.o
 .debug_abbrev  0x000022cb      0x29b Middlewares\Third_Party\FreeRTOS\Source\portable\MemMang\heap_4.o
 .debug_abbrev  0x00002566      0x351 Middlewares\Third_Party\FreeRTOS\Source\queue.o
 .debug_abbrev  0x000028b7      0x34b Middlewares\Third_Party\FreeRTOS\Source\tasks.o
 .debug_abbrev  0x00002c02      0x2d4 Middlewares\Third_Party\FreeRTOS\Source\timers.o
 .debug_abbrev  0x00002ed6      0x1ed Src\UART_Print.o
 .debug_abbrev  0x000030c3      0x207 Src\app_freertos.o
 .debug_abbrev  0x000032ca      0x176 Src\gpio.o
 .debug_abbrev  0x00003440      0x20d Src\input.o
 .debug_abbrev  0x0000364d      0x218 Src\main.o
 .debug_abbrev  0x00003865       0xce Src\stm32wbxx_hal_msp.o
 .debug_abbrev  0x00003933      0x1df Src\stm32wbxx_hal_timebase_tim.o
 .debug_abbrev  0x00003b12      0x153 Src\stm32wbxx_it.o
 .debug_abbrev  0x00003c65      0x15e Src\system_stm32wbxx.o
 .debug_abbrev  0x00003dc3      0x1e2 Src\tim.o
 .debug_abbrev  0x00003fa5      0x1f1 Src\usart.o
 .debug_abbrev  0x00004196       0x12 startup\startup_stm32wb55xx_cm4.o

.debug_aranges  0x00000000     0x1fd8
 .debug_aranges
                0x00000000      0x280 Drivers\STM32WBxx_HAL_Driver\Src\stm32wbxx_hal.o
 .debug_aranges
                0x00000280      0x108 Drivers\STM32WBxx_HAL_Driver\Src\stm32wbxx_hal_cortex.o
 .debug_aranges
                0x00000388       0x90 Drivers\STM32WBxx_HAL_Driver\Src\stm32wbxx_hal_dma.o
 .debug_aranges
                0x00000418       0x58 Drivers\STM32WBxx_HAL_Driver\Src\stm32wbxx_hal_gpio.o
 .debug_aranges
                0x00000470       0xd0 Drivers\STM32WBxx_HAL_Driver\Src\stm32wbxx_hal_pwr.o
 .debug_aranges
                0x00000540      0x288 Drivers\STM32WBxx_HAL_Driver\Src\stm32wbxx_hal_pwr_ex.o
 .debug_aranges
                0x000007c8      0x298 Drivers\STM32WBxx_HAL_Driver\Src\stm32wbxx_hal_rcc.o
 .debug_aranges
                0x00000a60      0x390 Drivers\STM32WBxx_HAL_Driver\Src\stm32wbxx_hal_rcc_ex.o
 .debug_aranges
                0x00000df0      0x3b8 Drivers\STM32WBxx_HAL_Driver\Src\stm32wbxx_hal_tim.o
 .debug_aranges
                0x000011a8      0x168 Drivers\STM32WBxx_HAL_Driver\Src\stm32wbxx_hal_tim_ex.o
 .debug_aranges
                0x00001310      0x240 Drivers\STM32WBxx_HAL_Driver\Src\stm32wbxx_hal_uart.o
 .debug_aranges
                0x00001550       0x88 Drivers\STM32WBxx_HAL_Driver\Src\stm32wbxx_hal_uart_ex.o
 .debug_aranges
                0x000015d8      0x228 Middlewares\Third_Party\FreeRTOS\Source\CMSIS_RTOS_V2\cmsis_os2.o
 .debug_aranges
                0x00001800       0x40 Middlewares\Third_Party\FreeRTOS\Source\list.o
 .debug_aranges
                0x00001840       0x80 Middlewares\Third_Party\FreeRTOS\Source\portable\GCC\ARM_CM4F\port.o
 .debug_aranges
                0x000018c0       0x50 Middlewares\Third_Party\FreeRTOS\Source\portable\MemMang\heap_4.o
 .debug_aranges
                0x00001910      0x158 Middlewares\Third_Party\FreeRTOS\Source\queue.o
 .debug_aranges
                0x00001a68      0x1f8 Middlewares\Third_Party\FreeRTOS\Source\tasks.o
 .debug_aranges
                0x00001c60       0xe0 Middlewares\Third_Party\FreeRTOS\Source\timers.o
 .debug_aranges
                0x00001d40       0x48 Src\UART_Print.o
 .debug_aranges
                0x00001d88       0x28 Src\app_freertos.o
 .debug_aranges
                0x00001db0       0x28 Src\gpio.o
 .debug_aranges
                0x00001dd8       0x30 Src\input.o
 .debug_aranges
                0x00001e08       0x40 Src\main.o
 .debug_aranges
                0x00001e48       0x20 Src\stm32wbxx_hal_msp.o
 .debug_aranges
                0x00001e68       0x38 Src\stm32wbxx_hal_timebase_tim.o
 .debug_aranges
                0x00001ea0       0x60 Src\stm32wbxx_it.o
 .debug_aranges
                0x00001f00       0x28 Src\system_stm32wbxx.o
 .debug_aranges
                0x00001f28       0x40 Src\tim.o
 .debug_aranges
                0x00001f68       0x48 Src\usart.o
 .debug_aranges
                0x00001fb0       0x28 startup\startup_stm32wb55xx_cm4.o

.debug_ranges   0x00000000     0x1df0
 .debug_ranges  0x00000000      0x270 Drivers\STM32WBxx_HAL_Driver\Src\stm32wbxx_hal.o
 .debug_ranges  0x00000270       0xf8 Drivers\STM32WBxx_HAL_Driver\Src\stm32wbxx_hal_cortex.o
 .debug_ranges  0x00000368       0x80 Drivers\STM32WBxx_HAL_Driver\Src\stm32wbxx_hal_dma.o
 .debug_ranges  0x000003e8       0x48 Drivers\STM32WBxx_HAL_Driver\Src\stm32wbxx_hal_gpio.o
 .debug_ranges  0x00000430       0xc0 Drivers\STM32WBxx_HAL_Driver\Src\stm32wbxx_hal_pwr.o
 .debug_ranges  0x000004f0      0x278 Drivers\STM32WBxx_HAL_Driver\Src\stm32wbxx_hal_pwr_ex.o
 .debug_ranges  0x00000768      0x288 Drivers\STM32WBxx_HAL_Driver\Src\stm32wbxx_hal_rcc.o