Archive member included to satisfy reference by file (symbol)

c:/program files (x86)/atollic/truestudio for stm32 9.3.0/armtools/bin/../lib/gcc/arm-atollic-eabi/6.3.1/../../../../arm-atollic-eabi/lib/armv7e-m/fpu\libc_nano.a(lib_a-errno.o)
                              Src\syscalls.o (__errno)
c:/program files (x86)/atollic/truestudio for stm32 9.3.0/armtools/bin/../lib/gcc/arm-atollic-eabi/6.3.1/../../../../arm-atollic-eabi/lib/armv7e-m/fpu\libc_nano.a(lib_a-impure.o)
                              c:/program files (x86)/atollic/truestudio for stm32 9.3.0/armtools/bin/../lib/gcc/arm-atollic-eabi/6.3.1/../../../../arm-atollic-eabi/lib/armv7e-m/fpu\libc_nano.a(lib_a-errno.o) (_impure_ptr)
c:/program files (x86)/atollic/truestudio for stm32 9.3.0/armtools/bin/../lib/gcc/arm-atollic-eabi/6.3.1/../../../../arm-atollic-eabi/lib/armv7e-m/fpu\libc_nano.a(lib_a-init.o)
                              startup\startup_stm32wb55xx_cm4.o (__libc_init_array)
c:/program files (x86)/atollic/truestudio for stm32 9.3.0/armtools/bin/../lib/gcc/arm-atollic-eabi/6.3.1/../../../../arm-atollic-eabi/lib/armv7e-m/fpu\libc_nano.a(lib_a-malloc.o)
                              Src\input.o (malloc)
c:/program files (x86)/atollic/truestudio for stm32 9.3.0/armtools/bin/../lib/gcc/arm-atollic-eabi/6.3.1/../../../../arm-atollic-eabi/lib/armv7e-m/fpu\libc_nano.a(lib_a-memcpy-stub.o)
                              Src\main.o (memcpy)
c:/program files (x86)/atollic/truestudio for stm32 9.3.0/armtools/bin/../lib/gcc/arm-atollic-eabi/6.3.1/../../../../arm-atollic-eabi/lib/armv7e-m/fpu\libc_nano.a(lib_a-memset.o)
                              Drivers\CMSIS\DSP\Source\ControllerFunctions\arm_pid_init_f32.o (memset)
c:/program files (x86)/atollic/truestudio for stm32 9.3.0/armtools/bin/../lib/gcc/arm-atollic-eabi/6.3.1/../../../../arm-atollic-eabi/lib/armv7e-m/fpu\libc_nano.a(lib_a-nano-freer.o)
                              c:/program files (x86)/atollic/truestudio for stm32 9.3.0/armtools/bin/../lib/gcc/arm-atollic-eabi/6.3.1/../../../../arm-atollic-eabi/lib/armv7e-m/fpu\libc_nano.a(lib_a-malloc.o) (_free_r)
c:/program files (x86)/atollic/truestudio for stm32 9.3.0/armtools/bin/../lib/gcc/arm-atollic-eabi/6.3.1/../../../../arm-atollic-eabi/lib/armv7e-m/fpu\libc_nano.a(lib_a-nano-mallocr.o)
                              c:/program files (x86)/atollic/truestudio for stm32 9.3.0/armtools/bin/../lib/gcc/arm-atollic-eabi/6.3.1/../../../../arm-atollic-eabi/lib/armv7e-m/fpu\libc_nano.a(lib_a-malloc.o) (_malloc_r)
c:/program files (x86)/atollic/truestudio for stm32 9.3.0/armtools/bin/../lib/gcc/arm-atollic-eabi/6.3.1/../../../../arm-atollic-eabi/lib/armv7e-m/fpu\libc_nano.a(lib_a-realloc.o)
                              Src\vector.o (realloc)
c:/program files (x86)/atollic/truestudio for stm32 9.3.0/armtools/bin/../lib/gcc/arm-atollic-eabi/6.3.1/../../../../arm-atollic-eabi/lib/armv7e-m/fpu\libc_nano.a(lib_a-sbrkr.o)
                              c:/program files (x86)/atollic/truestudio for stm32 9.3.0/armtools/bin/../lib/gcc/arm-atollic-eabi/6.3.1/../../../../arm-atollic-eabi/lib/armv7e-m/fpu\libc_nano.a(lib_a-nano-mallocr.o) (_sbrk_r)
c:/program files (x86)/atollic/truestudio for stm32 9.3.0/armtools/bin/../lib/gcc/arm-atollic-eabi/6.3.1/../../../../arm-atollic-eabi/lib/armv7e-m/fpu\libc_nano.a(lib_a-strlen.o)
                              Src\UART_Print.o (strlen)
c:/program files (x86)/atollic/truestudio for stm32 9.3.0/armtools/bin/../lib/gcc/arm-atollic-eabi/6.3.1/../../../../arm-atollic-eabi/lib/armv7e-m/fpu\libc_nano.a(lib_a-mlock.o)
                              c:/program files (x86)/atollic/truestudio for stm32 9.3.0/armtools/bin/../lib/gcc/arm-atollic-eabi/6.3.1/../../../../arm-atollic-eabi/lib/armv7e-m/fpu\libc_nano.a(lib_a-nano-freer.o) (__malloc_lock)
c:/program files (x86)/atollic/truestudio for stm32 9.3.0/armtools/bin/../lib/gcc/arm-atollic-eabi/6.3.1/../../../../arm-atollic-eabi/lib/armv7e-m/fpu\libc_nano.a(lib_a-nano-reallocr.o)
                              c:/program files (x86)/atollic/truestudio for stm32 9.3.0/armtools/bin/../lib/gcc/arm-atollic-eabi/6.3.1/../../../../arm-atollic-eabi/lib/armv7e-m/fpu\libc_nano.a(lib_a-realloc.o) (_realloc_r)
c:/program files (x86)/atollic/truestudio for stm32 9.3.0/armtools/bin/../lib/gcc/arm-atollic-eabi/6.3.1/../../../../arm-atollic-eabi/lib/armv7e-m/fpu\libc_nano.a(lib_a-reent.o)
                              c:/program files (x86)/atollic/truestudio for stm32 9.3.0/armtools/bin/../lib/gcc/arm-atollic-eabi/6.3.1/../../../../arm-atollic-eabi/lib/armv7e-m/fpu\libc_nano.a(lib_a-sbrkr.o) (errno)
c:/program files (x86)/atollic/truestudio for stm32 9.3.0/armtools/bin/../lib/gcc/arm-atollic-eabi/6.3.1/../../../../arm-atollic-eabi/lib/armv7e-m/fpu\libc_nano.a(lib_a-nano-msizer.o)
[...]
Memory Configuration

Name             Origin             Length             Attributes
FLASH            0x08000000         0x00080000         xr
RAM1             0x20000004         0x0002fffc         xrw
RAM_SHARED       0x20030000         0x00002800         xrw
*default*        0x00000000         0xffffffff

Linker script and memory map

LOAD c:/program files (x86)/atollic/truestudio for stm32 9.3.0/armtools/bin/../lib/gcc/arm-atollic-eabi/6.3.1/armv7e-m/fpu/crti.o
LOAD c:/program files (x86)/atollic/truestudio for stm32 9.3.0/armtools/bin/../lib/gcc/arm-atollic-eabi/6.3.1/armv7e-m/fpu/crtbegin.o
LOAD Drivers\CMSIS\DSP\Source\BasicMathFunctions\arm_abs_f32.o
LOAD Drivers\CMSIS\DSP\Source\BasicMathFunctions\arm_abs_q15.o
LOAD Drivers\CMSIS\DSP\Source\BasicMathFunctions\arm_abs_q31.o
LOAD Drivers\CMSIS\DSP\Source\BasicMathFunctions\arm_abs_q7.o
LOAD Drivers\CMSIS\DSP\Source\BasicMathFunctions\arm_add_f32.o
LOAD Drivers\CMSIS\DSP\Source\BasicMathFunctions\arm_add_q15.o
LOAD Drivers\CMSIS\DSP\Source\BasicMathFunctions\arm_add_q31.o
LOAD Drivers\CMSIS\DSP\Source\BasicMathFunctions\arm_add_q7.o
LOAD Drivers\CMSIS\DSP\Source\BasicMathFunctions\arm_dot_prod_f32.o
LOAD Drivers\CMSIS\DSP\Source\BasicMathFunctions\arm_dot_prod_q15.o
LOAD Drivers\CMSIS\DSP\Source\BasicMathFunctions\arm_dot_prod_q31.o
LOAD Drivers\CMSIS\DSP\Source\BasicMathFunctions\arm_dot_prod_q7.o
LOAD Drivers\CMSIS\DSP\Source\BasicMathFunctions\arm_mult_f32.o
LOAD Drivers\CMSIS\DSP\Source\BasicMathFunctions\arm_mult_q15.o
LOAD Drivers\CMSIS\DSP\Source\BasicMathFunctions\arm_mult_q31.o
LOAD Drivers\CMSIS\DSP\Source\BasicMathFunctions\arm_mult_q7.o
LOAD Drivers\CMSIS\DSP\Source\BasicMathFunctions\arm_negate_f32.o
LOAD Drivers\CMSIS\DSP\Source\BasicMathFunctions\arm_negate_q15.o
LOAD Drivers\CMSIS\DSP\Source\BasicMathFunctions\arm_negate_q31.o
LOAD Drivers\CMSIS\DSP\Source\BasicMathFunctions\arm_negate_q7.o
LOAD Drivers\CMSIS\DSP\Source\BasicMathFunctions\arm_offset_f32.o
LOAD Drivers\CMSIS\DSP\Source\BasicMathFunctions\arm_offset_q15.o
LOAD Drivers\CMSIS\DSP\Source\BasicMathFunctions\arm_offset_q31.o
LOAD Drivers\CMSIS\DSP\Source\BasicMathFunctions\arm_offset_q7.o
LOAD Drivers\CMSIS\DSP\Source\BasicMathFunctions\arm_scale_f32.o
LOAD Drivers\CMSIS\DSP\Source\BasicMathFunctions\arm_scale_q15.o
LOAD Drivers\CMSIS\DSP\Source\BasicMathFunctions\arm_scale_q31.o
LOAD Drivers\CMSIS\DSP\Source\BasicMathFunctions\arm_scale_q7.o
LOAD Drivers\CMSIS\DSP\Source\BasicMathFunctions\arm_shift_q15.o
LOAD Drivers\CMSIS\DSP\Source\BasicMathFunctions\arm_shift_q31.o
LOAD Drivers\CMSIS\DSP\Source\BasicMathFunctions\arm_shift_q7.o
LOAD Drivers\CMSIS\DSP\Source\BasicMathFunctions\arm_sub_f32.o
LOAD Drivers\CMSIS\DSP\Source\BasicMathFunctions\arm_sub_q15.o
LOAD Drivers\CMSIS\DSP\Source\BasicMathFunctions\arm_sub_q31.o
LOAD Drivers\CMSIS\DSP\Source\BasicMathFunctions\arm_sub_q7.o
LOAD Drivers\CMSIS\DSP\Source\CommonTables\arm_common_tables.o
LOAD Drivers\CMSIS\DSP\Source\CommonTables\arm_const_structs.o
LOAD Drivers\CMSIS\DSP\Source\ComplexMathFunctions\arm_cmplx_conj_f32.o
LOAD Drivers\CMSIS\DSP\Source\ComplexMathFunctions\arm_cmplx_conj_q15.o
LOAD Drivers\CMSIS\DSP\Source\ComplexMathFunctions\arm_cmplx_conj_q31.o
LOAD Drivers\CMSIS\DSP\Source\ComplexMathFunctions\arm_cmplx_dot_prod_f32.o
LOAD Drivers\CMSIS\DSP\Source\ComplexMathFunctions\arm_cmplx_dot_prod_q15.o
LOAD Drivers\CMSIS\DSP\Source\ComplexMathFunctions\arm_cmplx_dot_prod_q31.o
LOAD Drivers\CMSIS\DSP\Source\ComplexMathFunctions\arm_cmplx_mag_f32.o
LOAD Drivers\CMSIS\DSP\Source\ComplexMathFunctions\arm_cmplx_mag_q15.o
LOAD Drivers\CMSIS\DSP\Source\ComplexMathFunctions\arm_cmplx_mag_q31.o
LOAD Drivers\CMSIS\DSP\Source\ComplexMathFunctions\arm_cmplx_mag_squared_f32.o
LOAD Drivers\CMSIS\DSP\Source\ComplexMathFunctions\arm_cmplx_mag_squared_q15.o
LOAD Drivers\CMSIS\DSP\Source\ComplexMathFunctions\arm_cmplx_mag_squared_q31.o
LOAD Drivers\CMSIS\DSP\Source\ComplexMathFunctions\arm_cmplx_mult_cmplx_f32.o
LOAD Drivers\CMSIS\DSP\Source\ComplexMathFunctions\arm_cmplx_mult_cmplx_q15.o
LOAD Drivers\CMSIS\DSP\Source\ComplexMathFunctions\arm_cmplx_mult_cmplx_q31.o
LOAD Drivers\CMSIS\DSP\Source\ComplexMathFunctions\arm_cmplx_mult_real_f32.o
LOAD Drivers\CMSIS\DSP\Source\ComplexMathFunctions\arm_cmplx_mult_real_q15.o
LOAD Drivers\CMSIS\DSP\Source\ComplexMathFunctions\arm_cmplx_mult_real_q31.o
LOAD Drivers\CMSIS\DSP\Source\ControllerFunctions\arm_pid_init_f32.o
LOAD Drivers\CMSIS\DSP\Source\ControllerFunctions\arm_pid_init_q15.o
LOAD Drivers\CMSIS\DSP\Source\ControllerFunctions\arm_pid_init_q31.o
LOAD Drivers\CMSIS\DSP\Source\ControllerFunctions\arm_pid_reset_f32.o
LOAD Drivers\CMSIS\DSP\Source\ControllerFunctions\arm_pid_reset_q15.o
LOAD Drivers\CMSIS\DSP\Source\ControllerFunctions\arm_pid_reset_q31.o
LOAD Drivers\CMSIS\DSP\Source\ControllerFunctions\arm_sin_cos_f32.o
LOAD Drivers\CMSIS\DSP\Source\ControllerFunctions\arm_sin_cos_q31.o
LOAD Drivers\CMSIS\DSP\Source\FastMathFunctions\arm_cos_f32.o
LOAD Drivers\CMSIS\DSP\Source\FastMathFunctions\arm_cos_q15.o
LOAD Drivers\CMSIS\DSP\Source\FastMathFunctions\arm_cos_q31.o
LOAD Drivers\CMSIS\DSP\Source\FastMathFunctions\arm_sin_f32.o
LOAD Drivers\CMSIS\DSP\Source\FastMathFunctions\arm_sin_q15.o
LOAD Drivers\CMSIS\DSP\Source\FastMathFunctions\arm_sin_q31.o
LOAD Drivers\CMSIS\DSP\Source\FastMathFunctions\arm_sqrt_q15.o
LOAD Drivers\CMSIS\DSP\Source\FastMathFunctions\arm_sqrt_q31.o
LOAD Drivers\CMSIS\DSP\Source\FilteringFunctions\arm_biquad_cascade_df1_32x64_init_q31.o
LOAD Drivers\CMSIS\DSP\Source\FilteringFunctions\arm_biquad_cascade_df1_32x64_q31.o
LOAD Drivers\CMSIS\DSP\Source\FilteringFunctions\arm_biquad_cascade_df1_f32.o
LOAD Drivers\CMSIS\DSP\Source\FilteringFunctions\arm_biquad_cascade_df1_fast_q15.o
LOAD Drivers\CMSIS\DSP\Source\FilteringFunctions\arm_biquad_cascade_df1_fast_q31.o
LOAD Drivers\CMSIS\DSP\Source\FilteringFunctions\arm_biquad_cascade_df1_init_f32.o
LOAD Drivers\CMSIS\DSP\Source\FilteringFunctions\arm_biquad_cascade_df1_init_q15.o
LOAD Drivers\CMSIS\DSP\Source\FilteringFunctions\arm_biquad_cascade_df1_init_q31.o
LOAD Drivers\CMSIS\DSP\Source\FilteringFunctions\arm_biquad_cascade_df1_q15.o
LOAD Drivers\CMSIS\DSP\Source\FilteringFunctions\arm_biquad_cascade_df1_q31.o
LOAD Drivers\CMSIS\DSP\Source\FilteringFunctions\arm_biquad_cascade_df2T_f32.o
LOAD Drivers\CMSIS\DSP\Source\FilteringFunctions\arm_biquad_cascade_df2T_f64.o
LOAD Drivers\CMSIS\DSP\Source\FilteringFunctions\arm_biquad_cascade_df2T_init_f32.o
LOAD Drivers\CMSIS\DSP\Source\FilteringFunctions\arm_biquad_cascade_df2T_init_f64.o
LOAD Drivers\CMSIS\DSP\Source\FilteringFunctions\arm_biquad_cascade_stereo_df2T_f32.o
LOAD Drivers\CMSIS\DSP\Source\FilteringFunctions\arm_biquad_cascade_stereo_df2T_init_f32.o
LOAD Drivers\CMSIS\DSP\Source\FilteringFunctions\arm_conv_f32.o
LOAD Drivers\CMSIS\DSP\Source\FilteringFunctions\arm_conv_fast_opt_q15.o
LOAD Drivers\CMSIS\DSP\Source\FilteringFunctions\arm_conv_fast_q15.o
LOAD Drivers\CMSIS\DSP\Source\FilteringFunctions\arm_conv_fast_q31.o
LOAD Drivers\CMSIS\DSP\Source\FilteringFunctions\arm_conv_opt_q15.o
LOAD Drivers\CMSIS\DSP\Source\FilteringFunctions\arm_conv_opt_q7.o
LOAD Drivers\CMSIS\DSP\Source\FilteringFunctions\arm_conv_partial_f32.o
LOAD Drivers\CMSIS\DSP\Source\FilteringFunctions\arm_conv_partial_fast_opt_q15.o
LOAD Drivers\CMSIS\DSP\Source\FilteringFunctions\arm_conv_partial_fast_q15.o
LOAD Drivers\CMSIS\DSP\Source\FilteringFunctions\arm_conv_partial_fast_q31.o
LOAD Drivers\CMSIS\DSP\Source\FilteringFunctions\arm_conv_partial_opt_q15.o
LOAD Drivers\CMSIS\DSP\Source\FilteringFunctions\arm_conv_partial_opt_q7.o
LOAD Drivers\CMSIS\DSP\Source\FilteringFunctions\arm_conv_partial_q15.o
LOAD Drivers\CMSIS\DSP\Source\FilteringFunctions\arm_conv_partial_q31.o
LOAD Drivers\CMSIS\DSP\Source\FilteringFunctions\arm_conv_partial_q7.o
LOAD Drivers\CMSIS\DSP\Source\FilteringFunctions\arm_conv_q15.o
LOAD Drivers\CMSIS\DSP\Source\FilteringFunctions\arm_conv_q31.o
LOAD Drivers\CMSIS\DSP\Source\FilteringFunctions\arm_conv_q7.o
LOAD Drivers\CMSIS\DSP\Source\FilteringFunctions\arm_correlate_f32.o
LOAD Drivers\CMSIS\DSP\Source\FilteringFunctions\arm_correlate_fast_opt_q15.o
LOAD Drivers\CMSIS\DSP\Source\FilteringFunctions\arm_correlate_fast_q15.o
LOAD Drivers\CMSIS\DSP\Source\FilteringFunctions\arm_correlate_fast_q31.o
LOAD Drivers\CMSIS\DSP\Source\FilteringFunctions\arm_correlate_opt_q15.o
LOAD Drivers\CMSIS\DSP\Source\FilteringFunctions\arm_correlate_opt_q7.o
LOAD Drivers\CMSIS\DSP\Source\FilteringFunctions\arm_correlate_q15.o
LOAD Drivers\CMSIS\DSP\Source\FilteringFunctions\arm_correlate_q31.o
LOAD Drivers\CMSIS\DSP\Source\FilteringFunctions\arm_correlate_q7.o
LOAD Drivers\CMSIS\DSP\Source\FilteringFunctions\arm_fir_decimate_f32.o
LOAD Drivers\CMSIS\DSP\Source\FilteringFunctions\arm_fir_decimate_fast_q15.o
LOAD Drivers\CMSIS\DSP\Source\FilteringFunctions\arm_fir_decimate_fast_q31.o
LOAD Drivers\CMSIS\DSP\Source\FilteringFunctions\arm_fir_decimate_init_f32.o
LOAD Drivers\CMSIS\DSP\Source\FilteringFunctions\arm_fir_decimate_init_q15.o
LOAD Drivers\CMSIS\DSP\Source\FilteringFunctions\arm_fir_decimate_init_q31.o
LOAD Drivers\CMSIS\DSP\Source\FilteringFunctions\arm_fir_decimate_q15.o
LOAD Drivers\CMSIS\DSP\Source\FilteringFunctions\arm_fir_decimate_q31.o
LOAD Drivers\CMSIS\DSP\Source\FilteringFunctions\arm_fir_f32.o
LOAD Drivers\CMSIS\DSP\Source\FilteringFunctions\arm_fir_fast_q15.o
LOAD Drivers\CMSIS\DSP\Source\FilteringFunctions\arm_fir_fast_q31.o
LOAD Drivers\CMSIS\DSP\Source\FilteringFunctions\arm_fir_init_f32.o
LOAD Drivers\CMSIS\DSP\Source\FilteringFunctions\arm_fir_init_q15.o
LOAD Drivers\CMSIS\DSP\Source\FilteringFunctions\arm_fir_init_q31.o
LOAD Drivers\CMSIS\DSP\Source\FilteringFunctions\arm_fir_init_q7.o
LOAD Drivers\CMSIS\DSP\Source\FilteringFunctions\arm_fir_interpolate_f32.o
LOAD Drivers\CMSIS\DSP\Source\FilteringFunctions\arm_fir_interpolate_init_f32.o
LOAD Drivers\CMSIS\DSP\Source\FilteringFunctions\arm_fir_interpolate_init_q15.o
LOAD Drivers\CMSIS\DSP\Source\FilteringFunctions\arm_fir_interpolate_init_q31.o
LOAD Drivers\CMSIS\DSP\Source\FilteringFunctions\arm_fir_interpolate_q15.o
LOAD Drivers\CMSIS\DSP\Source\FilteringFunctions\arm_fir_interpolate_q31.o
LOAD Drivers\CMSIS\DSP\Source\FilteringFunctions\arm_fir_lattice_f32.o
LOAD Drivers\CMSIS\DSP\Source\FilteringFunctions\arm_fir_lattice_init_f32.o
LOAD Drivers\CMSIS\DSP\Source\FilteringFunctions\arm_fir_lattice_init_q15.o
LOAD Drivers\CMSIS\DSP\Source\FilteringFunctions\arm_fir_lattice_init_q31.o
LOAD Drivers\CMSIS\DSP\Source\FilteringFunctions\arm_fir_lattice_q15.o
LOAD Drivers\CMSIS\DSP\Source\FilteringFunctions\arm_fir_lattice_q31.o
LOAD Drivers\CMSIS\DSP\Source\FilteringFunctions\arm_fir_q15.o
LOAD Drivers\CMSIS\DSP\Source\FilteringFunctions\arm_fir_q31.o
LOAD Drivers\CMSIS\DSP\Source\FilteringFunctions\arm_fir_q7.o
LOAD Drivers\CMSIS\DSP\Source\FilteringFunctions\arm_fir_sparse_f32.o
LOAD Drivers\CMSIS\DSP\Source\FilteringFunctions\arm_fir_sparse_init_f32.o
LOAD Drivers\CMSIS\DSP\Source\FilteringFunctions\arm_fir_sparse_init_q15.o
LOAD Drivers\CMSIS\DSP\Source\FilteringFunctions\arm_fir_sparse_init_q31.o
LOAD Drivers\CMSIS\DSP\Source\FilteringFunctions\arm_fir_sparse_init_q7.o
LOAD Drivers\CMSIS\DSP\Source\FilteringFunctions\arm_fir_sparse_q15.o
LOAD Drivers\CMSIS\DSP\Source\FilteringFunctions\arm_fir_sparse_q31.o
LOAD Drivers\CMSIS\DSP\Source\FilteringFunctions\arm_fir_sparse_q7.o
LOAD Drivers\CMSIS\DSP\Source\FilteringFunctions\arm_iir_lattice_f32.o
LOAD Drivers\CMSIS\DSP\Source\FilteringFunctions\arm_iir_lattice_init_f32.o
LOAD Drivers\CMSIS\DSP\Source\FilteringFunctions\arm_iir_lattice_init_q15.o
LOAD Drivers\CMSIS\DSP\Source\FilteringFunctions\arm_iir_lattice_init_q31.o
LOAD Drivers\CMSIS\DSP\Source\FilteringFunctions\arm_iir_lattice_q15.o
LOAD Drivers\CMSIS\DSP\Source\FilteringFunctions\arm_iir_lattice_q31.o
LOAD Drivers\CMSIS\DSP\Source\FilteringFunctions\arm_lms_f32.o
LOAD Drivers\CMSIS\DSP\Source\FilteringFunctions\arm_lms_init_f32.o
LOAD Drivers\CMSIS\DSP\Source\FilteringFunctions\arm_lms_init_q15.o
LOAD Drivers\CMSIS\DSP\Source\FilteringFunctions\arm_lms_init_q31.o
LOAD Drivers\CMSIS\DSP\Source\FilteringFunctions\arm_lms_norm_f32.o
LOAD Drivers\CMSIS\DSP\Source\FilteringFunctions\arm_lms_norm_init_f32.o
LOAD Drivers\CMSIS\DSP\Source\FilteringFunctions\arm_lms_norm_init_q15.o
LOAD Drivers\CMSIS\DSP\Source\FilteringFunctions\arm_lms_norm_init_q31.o
LOAD Drivers\CMSIS\DSP\Source\FilteringFunctions\arm_lms_norm_q15.o
LOAD Drivers\CMSIS\DSP\Source\FilteringFunctions\arm_lms_norm_q31.o
LOAD Drivers\CMSIS\DSP\Source\FilteringFunctions\arm_lms_q15.o
LOAD Drivers\CMSIS\DSP\Source\FilteringFunctions\arm_lms_q31.o
LOAD Drivers\CMSIS\DSP\Source\MatrixFunctions\arm_mat_add_f32.o
LOAD Drivers\CMSIS\DSP\Source\MatrixFunctions\arm_mat_add_q15.o
LOAD Drivers\CMSIS\DSP\Source\MatrixFunctions\arm_mat_add_q31.o
LOAD Drivers\CMSIS\DSP\Source\MatrixFunctions\arm_mat_cmplx_mult_f32.o
LOAD Drivers\CMSIS\DSP\Source\MatrixFunctions\arm_mat_cmplx_mult_q15.o
LOAD Drivers\CMSIS\DSP\Source\MatrixFunctions\arm_mat_cmplx_mult_q31.o
LOAD Drivers\CMSIS\DSP\Source\MatrixFunctions\arm_mat_init_f32.o
LOAD Drivers\CMSIS\DSP\Source\MatrixFunctions\arm_mat_init_q15.o
LOAD Drivers\CMSIS\DSP\Source\MatrixFunctions\arm_mat_init_q31.o
LOAD Drivers\CMSIS\DSP\Source\MatrixFunctions\arm_mat_inverse_f32.o
LOAD Drivers\CMSIS\DSP\Source\MatrixFunctions\arm_mat_inverse_f64.o
LOAD Drivers\CMSIS\DSP\Source\MatrixFunctions\arm_mat_mult_f32.o
LOAD Drivers\CMSIS\DSP\Source\MatrixFunctions\arm_mat_mult_fast_q15.o
LOAD Drivers\CMSIS\DSP\Source\MatrixFunctions\arm_mat_mult_fast_q31.o
LOAD Drivers\CMSIS\DSP\Source\MatrixFunctions\arm_mat_mult_q15.o
LOAD Drivers\CMSIS\DSP\Source\MatrixFunctions\arm_mat_mult_q31.o
LOAD Drivers\CMSIS\DSP\Source\MatrixFunctions\arm_mat_scale_f32.o
LOAD Drivers\CMSIS\DSP\Source\MatrixFunctions\arm_mat_scale_q15.o
LOAD Drivers\CMSIS\DSP\Source\MatrixFunctions\arm_mat_scale_q31.o
LOAD Drivers\CMSIS\DSP\Source\MatrixFunctions\arm_mat_sub_f32.o
LOAD Drivers\CMSIS\DSP\Source\MatrixFunctions\arm_mat_sub_q15.o
LOAD Drivers\CMSIS\DSP\Source\MatrixFunctions\arm_mat_sub_q31.o
LOAD Drivers\CMSIS\DSP\Source\MatrixFunctions\arm_mat_trans_f32.o
LOAD Drivers\CMSIS\DSP\Source\MatrixFunctions\arm_mat_trans_q15.o
LOAD Drivers\CMSIS\DSP\Source\MatrixFunctions\arm_mat_trans_q31.o
LOAD Drivers\CMSIS\DSP\Source\StatisticsFunctions\arm_max_f32.o
LOAD Drivers\CMSIS\DSP\Source\StatisticsFunctions\arm_max_q15.o
LOAD Drivers\CMSIS\DSP\Source\StatisticsFunctions\arm_max_q31.o
LOAD Drivers\CMSIS\DSP\Source\StatisticsFunctions\arm_max_q7.o
LOAD Drivers\CMSIS\DSP\Source\StatisticsFunctions\arm_mean_f32.o
LOAD Drivers\CMSIS\DSP\Source\StatisticsFunctions\arm_mean_q15.o
LOAD Drivers\CMSIS\DSP\Source\StatisticsFunctions\arm_mean_q31.o
LOAD Drivers\CMSIS\DSP\Source\StatisticsFunctions\arm_mean_q7.o
LOAD Drivers\CMSIS\DSP\Source\StatisticsFunctions\arm_min_f32.o
LOAD Drivers\CMSIS\DSP\Source\StatisticsFunctions\arm_min_q15.o
LOAD Drivers\CMSIS\DSP\Source\StatisticsFunctions\arm_min_q31.o
LOAD Drivers\CMSIS\DSP\Source\StatisticsFunctions\arm_min_q7.o
LOAD Drivers\CMSIS\DSP\Source\StatisticsFunctions\arm_power_f32.o
LOAD Drivers\CMSIS\DSP\Source\StatisticsFunctions\arm_power_q15.o
LOAD Drivers\CMSIS\DSP\Source\StatisticsFunctions\arm_power_q31.o
LOAD Drivers\CMSIS\DSP\Source\StatisticsFunctions\arm_power_q7.o
LOAD Drivers\CMSIS\DSP\Source\StatisticsFunctions\arm_rms_f32.o
LOAD Drivers\CMSIS\DSP\Source\StatisticsFunctions\arm_rms_q15.o
LOAD Drivers\CMSIS\DSP\Source\StatisticsFunctions\arm_rms_q31.o
LOAD Drivers\CMSIS\DSP\Source\StatisticsFunctions\arm_std_f32.o
LOAD Drivers\CMSIS\DSP\Source\StatisticsFunctions\arm_std_q15.o
LOAD Drivers\CMSIS\DSP\Source\StatisticsFunctions\arm_std_q31.o
LOAD Drivers\CMSIS\DSP\Source\StatisticsFunctions\arm_var_f32.o
LOAD Drivers\CMSIS\DSP\Source\StatisticsFunctions\arm_var_q15.o
LOAD Drivers\CMSIS\DSP\Source\StatisticsFunctions\arm_var_q31.o
LOAD Drivers\CMSIS\DSP\Source\SupportFunctions\arm_copy_f32.o
LOAD Drivers\CMSIS\DSP\Source\SupportFunctions\arm_copy_q15.o
LOAD Drivers\CMSIS\DSP\Source\SupportFunctions\arm_copy_q31.o
LOAD Drivers\CMSIS\DSP\Source\SupportFunctions\arm_copy_q7.o
LOAD Drivers\CMSIS\DSP\Source\SupportFunctions\arm_fill_f32.o
LOAD Drivers\CMSIS\DSP\Source\SupportFunctions\arm_fill_q15.o
LOAD Drivers\CMSIS\DSP\Source\SupportFunctions\arm_fill_q31.o
LOAD Drivers\CMSIS\DSP\Source\SupportFunctions\arm_fill_q7.o
LOAD Drivers\CMSIS\DSP\Source\SupportFunctions\arm_float_to_q15.o
LOAD Drivers\CMSIS\DSP\Source\SupportFunctions\arm_float_to_q31.o
LOAD Drivers\CMSIS\DSP\Source\SupportFunctions\arm_float_to_q7.o
LOAD Drivers\CMSIS\DSP\Source\SupportFunctions\arm_q15_to_float.o
LOAD Drivers\CMSIS\DSP\Source\SupportFunctions\arm_q15_to_q31.o
LOAD Drivers\CMSIS\DSP\Source\SupportFunctions\arm_q15_to_q7.o
LOAD Drivers\CMSIS\DSP\Source\SupportFunctions\arm_q31_to_float.o
LOAD Drivers\CMSIS\DSP\Source\SupportFunctions\arm_q31_to_q15.o
LOAD Drivers\CMSIS\DSP\Source\SupportFunctions\arm_q31_to_q7.o
LOAD Drivers\CMSIS\DSP\Source\SupportFunctions\arm_q7_to_float.o
LOAD Drivers\CMSIS\DSP\Source\SupportFunctions\arm_q7_to_q15.o
LOAD Drivers\CMSIS\DSP\Source\SupportFunctions\arm_q7_to_q31.o
LOAD Drivers\CMSIS\DSP\Source\TransformFunctions\arm_bitreversal.o
LOAD Drivers\CMSIS\DSP\Source\TransformFunctions\arm_bitreversal2.o
LOAD Drivers\CMSIS\DSP\Source\TransformFunctions\arm_cfft_f32.o
LOAD Drivers\CMSIS\DSP\Source\TransformFunctions\arm_cfft_q15.o
LOAD Drivers\CMSIS\DSP\Source\TransformFunctions\arm_cfft_q31.o
LOAD Drivers\CMSIS\DSP\Source\TransformFunctions\arm_cfft_radix2_f32.o
LOAD Drivers\CMSIS\DSP\Source\TransformFunctions\arm_cfft_radix2_init_f32.o
LOAD Drivers\CMSIS\DSP\Source\TransformFunctions\arm_cfft_radix2_init_q15.o
LOAD Drivers\CMSIS\DSP\Source\TransformFunctions\arm_cfft_radix2_init_q31.o
LOAD Drivers\CMSIS\DSP\Source\TransformFunctions\arm_cfft_radix2_q15.o
LOAD Drivers\CMSIS\DSP\Source\TransformFunctions\arm_cfft_radix2_q31.o
LOAD Drivers\CMSIS\DSP\Source\TransformFunctions\arm_cfft_radix4_f32.o
LOAD Drivers\CMSIS\DSP\Source\TransformFunctions\arm_cfft_radix4_init_f32.o
LOAD Drivers\CMSIS\DSP\Source\TransformFunctions\arm_cfft_radix4_init_q15.o
LOAD Drivers\CMSIS\DSP\Source\TransformFunctions\arm_cfft_radix4_init_q31.o
LOAD Drivers\CMSIS\DSP\Source\TransformFunctions\arm_cfft_radix4_q15.o
LOAD Drivers\CMSIS\DSP\Source\TransformFunctions\arm_cfft_radix4_q31.o
LOAD Drivers\CMSIS\DSP\Source\TransformFunctions\arm_cfft_radix8_f32.o
LOAD Drivers\CMSIS\DSP\Source\TransformFunctions\arm_dct4_f32.o
LOAD Drivers\CMSIS\DSP\Source\TransformFunctions\arm_dct4_init_f32.o
LOAD Drivers\CMSIS\DSP\Source\TransformFunctions\arm_dct4_init_q15.o
LOAD Drivers\CMSIS\DSP\Source\TransformFunctions\arm_dct4_init_q31.o
LOAD Drivers\CMSIS\DSP\Source\TransformFunctions\arm_dct4_q15.o
LOAD Drivers\CMSIS\DSP\Source\TransformFunctions\arm_dct4_q31.o
LOAD Drivers\CMSIS\DSP\Source\TransformFunctions\arm_rfft_f32.o
LOAD Drivers\CMSIS\DSP\Source\TransformFunctions\arm_rfft_fast_f32.o
LOAD Drivers\CMSIS\DSP\Source\TransformFunctions\arm_rfft_fast_init_f32.o
LOAD Drivers\CMSIS\DSP\Source\TransformFunctions\arm_rfft_init_f32.o
LOAD Drivers\CMSIS\DSP\Source\TransformFunctions\arm_rfft_init_q15.o
LOAD Drivers\CMSIS\DSP\Source\TransformFunctions\arm_rfft_init_q31.o
LOAD Drivers\CMSIS\DSP\Source\TransformFunctions\arm_rfft_q15.o
LOAD Drivers\CMSIS\DSP\Source\TransformFunctions\arm_rfft_q31.o
LOAD Drivers\STM32WBxx_HAL_Driver\Src\stm32wbxx_hal.o
LOAD Drivers\STM32WBxx_HAL_Driver\Src\stm32wbxx_hal_cortex.o
LOAD Drivers\STM32WBxx_HAL_Driver\Src\stm32wbxx_hal_dma.o
LOAD Drivers\STM32WBxx_HAL_Driver\Src\stm32wbxx_hal_dma_ex.o
LOAD Drivers\STM32WBxx_HAL_Driver\Src\stm32wbxx_hal_exti.o
LOAD Drivers\STM32WBxx_HAL_Driver\Src\stm32wbxx_hal_flash.o
LOAD Drivers\STM32WBxx_HAL_Driver\Src\stm32wbxx_hal_flash_ex.o
LOAD Drivers\STM32WBxx_HAL_Driver\Src\stm32wbxx_hal_gpio.o
LOAD Drivers\STM32WBxx_HAL_Driver\Src\stm32wbxx_hal_hsem.o
LOAD Drivers\STM32WBxx_HAL_Driver\Src\stm32wbxx_hal_pwr.o
LOAD Drivers\STM32WBxx_HAL_Driver\Src\stm32wbxx_hal_pwr_ex.o
LOAD Drivers\STM32WBxx_HAL_Driver\Src\stm32wbxx_hal_rcc.o
LOAD Drivers\STM32WBxx_HAL_Driver\Src\stm32wbxx_hal_rcc_ex.o
LOAD Drivers\STM32WBxx_HAL_Driver\Src\stm32wbxx_hal_tim.o
LOAD Drivers\STM32WBxx_HAL_Driver\Src\stm32wbxx_hal_tim_ex.o
LOAD Drivers\STM32WBxx_HAL_Driver\Src\stm32wbxx_hal_uart.o
LOAD Drivers\STM32WBxx_HAL_Driver\Src\stm32wbxx_hal_uart_ex.o
LOAD Src\UART_Print.o
LOAD Src\circular_buffer.o
LOAD Src\cycle_phase_classifier.o
LOAD Src\geometry.o
LOAD Src\gpio.o
LOAD Src\input.o
LOAD Src\main.o
LOAD Src\pulse_processor.o
LOAD Src\stm32wbxx_hal_msp.o
LOAD Src\stm32wbxx_it.o
LOAD Src\syscalls.o
LOAD Src\system_stm32wbxx.o
LOAD Src\tim.o
LOAD Src\usart.o
LOAD Src\vector.o
LOAD startup\startup_stm32wb55xx_cm4.o
                0x00000080                malloc_getpagesize_P = 0x80
START GROUP
LOAD c:/program files (x86)/atollic/truestudio for stm32 9.3.0/armtools/bin/../lib/gcc/arm-atollic-eabi/6.3.1/../../../../arm-atollic-eabi/lib/armv7e-m/fpu\libc_nano.a
LOAD c:/program files (x86)/atollic/truestudio for stm32 9.3.0/armtools/bin/../lib/gcc/arm-atollic-eabi/6.3.1/../../../../arm-atollic-eabi/lib/armv7e-m/fpu\libm.a
END GROUP
START GROUP
LOAD c:/program files (x86)/atollic/truestudio for stm32 9.3.0/armtools/bin/../lib/gcc/arm-atollic-eabi/6.3.1/armv7e-m/fpu\libgcc.a
LOAD c:/program files (x86)/atollic/truestudio for stm32 9.3.0/armtools/bin/../lib/gcc/arm-atollic-eabi/6.3.1/../../../../arm-atollic-eabi/lib/armv7e-m/fpu\libc_nano.a
END GROUP
START GROUP
LOAD c:/program files (x86)/atollic/truestudio for stm32 9.3.0/armtools/bin/../lib/gcc/arm-atollic-eabi/6.3.1/armv7e-m/fpu\libgcc.a
LOAD c:/program files (x86)/atollic/truestudio for stm32 9.3.0/armtools/bin/../lib/gcc/arm-atollic-eabi/6.3.1/../../../../arm-atollic-eabi/lib/armv7e-m/fpu\libc_nano.a
LOAD c:/program files (x86)/atollic/truestudio for stm32 9.3.0/armtools/bin/../lib/gcc/arm-atollic-eabi/6.3.1/../../../../arm-atollic-eabi/lib/armv7e-m/fpu\libnosys.a
END GROUP
START GROUP
LOAD c:/program files (x86)/atollic/truestudio for stm32 9.3.0/armtools/bin/../lib/gcc/arm-atollic-eabi/6.3.1/armv7e-m/fpu\libgcc.a
LOAD c:/program files (x86)/atollic/truestudio for stm32 9.3.0/armtools/bin/../lib/gcc/arm-atollic-eabi/6.3.1/../../../../arm-atollic-eabi/lib/armv7e-m/fpu\libc_nano.a
LOAD c:/program files (x86)/atollic/truestudio for stm32 9.3.0/armtools/bin/../lib/gcc/arm-atollic-eabi/6.3.1/../../../../arm-atollic-eabi/lib/armv7e-m/fpu\libnosys.a
END GROUP
LOAD c:/program files (x86)/atollic/truestudio for stm32 9.3.0/armtools/bin/../lib/gcc/arm-atollic-eabi/6.3.1/armv7e-m/fpu/crtend.o
LOAD c:/program files (x86)/atollic/truestudio for stm32 9.3.0/armtools/bin/../lib/gcc/arm-atollic-eabi/6.3.1/armv7e-m/fpu/crtn.o
                0x20030000                _estack = 0x20030000
                0x00000200                _Min_Heap_Size = 0x200
                0x00000400                _Min_Stack_Size = 0x400

.isr_vector     0x08000000      0x13c
                0x08000000                . = ALIGN (0x4)
 *(.isr_vector)
 .isr_vector    0x08000000      0x13c startup\startup_stm32wb55xx_cm4.o
                0x08000000                g_pfnVectors
                0x0800013c                . = ALIGN (0x4)

.text           0x08000140     0x72a8
                0x08000140                . = ALIGN (0x4)
 *(.text)
 .text          0x08000140       0x40 c:/program files (x86)/atollic/truestudio for stm32 9.3.0/armtools/bin/../lib/gcc/arm-atollic-eabi/6.3.1/armv7e-m/fpu/crtbegin.o
 .text          0x08000180       0x10 c:/program files (x86)/atollic/truestudio for stm32 9.3.0/armtools/bin/../lib/gcc/arm-atollic-eabi/6.3.1/../../../../arm-atollic-eabi/lib/armv7e-m/fpu\libc_nano.a(lib_a-strlen.o)
                0x08000180                strlen
 .text          0x08000190      0x370 c:/program files (x86)/atollic/truestudio for stm32 9.3.0/armtools/bin/../lib/gcc/arm-atollic-eabi/6.3.1/armv7e-m/fpu\libgcc.a(_arm_addsubdf3.o)
                0x08000190                __aeabi_drsub
                0x08000198                __aeabi_dsub
                0x08000198                __subdf3
                0x0800019c                __aeabi_dadd
                0x0800019c                __adddf3
                0x08000414                __floatunsidf
                0x08000414                __aeabi_ui2d
                0x08000434                __floatsidf
                0x08000434                __aeabi_i2d
                0x08000458                __aeabi_f2d
                0x08000458                __extendsfdf2
                0x08000494                __floatundidf
                0x08000494                __aeabi_ul2d
                0x080004a4                __floatdidf
                0x080004a4                __aeabi_l2d
 .text          0x08000500      0x424 c:/program files (x86)/atollic/truestudio for stm32 9.3.0/armtools/bin/../lib/gcc/arm-atollic-eabi/6.3.1/armv7e-m/fpu\libgcc.a(_arm_muldivdf3.o)
                0x08000500                __aeabi_dmul
                0x08000500                __muldf3
                0x08000754                __divdf3
                0x08000754                __aeabi_ddiv
 .text          0x08000924       0xa0 c:/program files (x86)/atollic/truestudio for stm32 9.3.0/armtools/bin/../lib/gcc/arm-atollic-eabi/6.3.1/armv7e-m/fpu\libgcc.a(_arm_truncdfsf2.o)
                0x08000924                __truncdfsf2
                0x08000924                __aeabi_d2f
 .text          0x080009c4       0x30 c:/program files (x86)/atollic/truestudio for stm32 9.3.0/armtools/bin/../lib/gcc/arm-atollic-eabi/6.3.1/armv7e-m/fpu\libgcc.a(_aeabi_uldivmod.o)
                0x080009c4                __aeabi_uldivmod
 .text          0x080009f4      0x2dc c:/program files (x86)/atollic/truestudio for stm32 9.3.0/armtools/bin/../lib/gcc/arm-atollic-eabi/6.3.1/armv7e-m/fpu\libgcc.a(_udivmoddi4.o)
                0x080009f4                __udivmoddi4
 .text          0x08000cd0        0x4 c:/program files (x86)/atollic/truestudio for stm32 9.3.0/armtools/bin/../lib/gcc/arm-atollic-eabi/6.3.1/armv7e-m/fpu\libgcc.a(_dvmd_tls.o)
                0x08000cd0                __aeabi_idiv0
                0x08000cd0                __aeabi_ldiv0
 *(.text*)
 .text.arm_add_f32
                0x08000cd4       0xf6 Drivers\CMSIS\DSP\Source\BasicMathFunctions\arm_add_f32.o
                0x08000cd4                arm_add_f32
 .text.arm_dot_prod_f32
                0x08000dca      0x104 Drivers\CMSIS\DSP\Source\BasicMathFunctions\arm_dot_prod_f32.o
                0x08000dca                arm_dot_prod_f32
 .text.arm_scale_f32
                0x08000ece       0xe4 Drivers\CMSIS\DSP\Source\BasicMathFunctions\arm_scale_f32.o
                0x08000ece                arm_scale_f32
 .text.arm_sub_f32
                0x08000fb2       0xf6 Drivers\CMSIS\DSP\Source\BasicMathFunctions\arm_sub_f32.o
                0x08000fb2                arm_sub_f32
 .text.arm_cos_f32
                0x080010a8       0xf8 Drivers\CMSIS\DSP\Source\FastMathFunctions\arm_cos_f32.o
                0x080010a8                arm_cos_f32
 .text.arm_sin_f32
                0x080011a0      0x118 Drivers\CMSIS\DSP\Source\FastMathFunctions\arm_sin_f32.o
                0x080011a0                arm_sin_f32
 .text.arm_mat_mult_f32
                0x080012b8      0x1d0 Drivers\CMSIS\DSP\Source\MatrixFunctions\arm_mat_mult_f32.o
                0x080012b8                arm_mat_mult_f32
 .text.arm_power_f32
                0x08001488       0xf8 Drivers\CMSIS\DSP\Source\StatisticsFunctions\arm_power_f32.o
                0x08001488                arm_power_f32
 .text.HAL_Init
                0x08001580       0x40 Drivers\STM32WBxx_HAL_Driver\Src\stm32wbxx_hal.o
                0x08001580                HAL_Init
 .text.HAL_InitTick
                0x080015c0       0x74 Drivers\STM32WBxx_HAL_Driver\Src\stm32wbxx_hal.o
                0x080015c0                HAL_InitTick
 .text.HAL_IncTick
                0x08001634       0x24 Drivers\STM32WBxx_HAL_Driver\Src\stm32wbxx_hal.o
                0x08001634                HAL_IncTick
 .text.HAL_GetTick
                0x08001658       0x18 Drivers\STM32WBxx_HAL_Driver\Src\stm32wbxx_hal.o
                0x08001658                HAL_GetTick
 .text.HAL_GetTickPrio
                0x08001670       0x18 Drivers\STM32WBxx_HAL_Driver\Src\stm32wbxx_hal.o
                0x08001670                HAL_GetTickPrio
 .text.__NVIC_SetPriorityGrouping
                0x08001688       0x48 Drivers\STM32WBxx_HAL_Driver\Src\stm32wbxx_hal_cortex.o
 .text.__NVIC_GetPriorityGrouping
                0x080016d0       0x1c Drivers\STM32WBxx_HAL_Driver\Src\stm32wbxx_hal_cortex.o
 .text.__NVIC_EnableIRQ
                0x080016ec       0x3c Drivers\STM32WBxx_HAL_Driver\Src\stm32wbxx_hal_cortex.o
 .text.__NVIC_SetPriority
                0x08001728       0x54 Drivers\STM32WBxx_HAL_Driver\Src\stm32wbxx_hal_cortex.o
 .text.NVIC_EncodePriority
                0x0800177c       0x62 Drivers\STM32WBxx_HAL_Driver\Src\stm32wbxx_hal_cortex.o
 *fill*         0x080017de        0x2 
 .text.SysTick_Config
                0x080017e0       0x44 Drivers\STM32WBxx_HAL_Driver\Src\stm32wbxx_hal_cortex.o
 .text.HAL_NVIC_SetPriorityGrouping
                0x08001824       0x16 Drivers\STM32WBxx_HAL_Driver\Src\stm32wbxx_hal_cortex.o
                0x08001824                HAL_NVIC_SetPriorityGrouping
 .text.HAL_NVIC_SetPriority
                0x0800183a       0x34 Drivers\STM32WBxx_HAL_Driver\Src\stm32wbxx_hal_cortex.o
                0x0800183a                HAL_NVIC_SetPriority
 .text.HAL_NVIC_EnableIRQ
                0x0800186e       0x1c Drivers\STM32WBxx_HAL_Driver\Src\stm32wbxx_hal_cortex.o
                0x0800186e                HAL_NVIC_EnableIRQ
 .text.HAL_SYSTICK_Config
                0x0800188a       0x18 Drivers\STM32WBxx_HAL_Driver\Src\stm32wbxx_hal_cortex.o
                0x0800188a                HAL_SYSTICK_Config
 .text.HAL_DMA_Abort_IT
                0x080018a2       0xbe Drivers\STM32WBxx_HAL_Driver\Src\stm32wbxx_hal_dma.o
                0x080018a2                HAL_DMA_Abort_IT
 .text.HAL_GPIO_Init
                0x08001960      0x2e0 Drivers\STM32WBxx_HAL_Driver\Src\stm32wbxx_hal_gpio.o
                0x08001960                HAL_GPIO_Init
 .text.HAL_GPIO_ReadPin
                0x08001c40       0x30 Drivers\STM32WBxx_HAL_Driver\Src\stm32wbxx_hal_gpio.o
                0x08001c40                HAL_GPIO_ReadPin
 .text.HAL_GPIO_WritePin
                0x08001c70       0x30 Drivers\STM32WBxx_HAL_Driver\Src\stm32wbxx_hal_gpio.o
                0x08001c70                HAL_GPIO_WritePin
 .text.HAL_GPIO_EXTI_IRQHandler
                0x08001ca0       0x30 Drivers\STM32WBxx_HAL_Driver\Src\stm32wbxx_hal_gpio.o
                0x08001ca0                HAL_GPIO_EXTI_IRQHandler
 .text.HAL_PWR_EnableBkUpAccess
                0x08001cd0       0x20 Drivers\STM32WBxx_HAL_Driver\Src\stm32wbxx_hal_pwr.o
                0x08001cd0                HAL_PWR_EnableBkUpAccess
 .text.HAL_PWREx_GetVoltageRange
                0x08001cf0       0x1c Drivers\STM32WBxx_HAL_Driver\Src\stm32wbxx_hal_pwr_ex.o
                0x08001cf0                HAL_PWREx_GetVoltageRange
 .text.LL_RCC_HSE_IsEnabledDiv2
                0x08001d0c       0x24 Drivers\STM32WBxx_HAL_Driver\Src\stm32wbxx_hal_rcc.o
 .text.LL_RCC_HSE_EnableBypass
                0x08001d30       0x1e Drivers\STM32WBxx_HAL_Driver\Src\stm32wbxx_hal_rcc.o
 .text.LL_RCC_HSE_DisableBypass
                0x08001d4e       0x1e Drivers\STM32WBxx_HAL_Driver\Src\stm32wbxx_hal_rcc.o
 .text.LL_RCC_HSE_Enable
                0x08001d6c       0x1e Drivers\STM32WBxx_HAL_Driver\Src\stm32wbxx_hal_rcc.o
 .text.LL_RCC_HSE_Disable
                0x08001d8a       0x1e Drivers\STM32WBxx_HAL_Driver\Src\stm32wbxx_hal_rcc.o
 .text.LL_RCC_HSE_IsReady
                0x08001da8       0x24 Drivers\STM32WBxx_HAL_Driver\Src\stm32wbxx_hal_rcc.o
 .text.LL_RCC_HSI_Enable
                0x08001dcc       0x1e Drivers\STM32WBxx_HAL_Driver\Src\stm32wbxx_hal_rcc.o
 .text.LL_RCC_HSI_Disable
                0x08001dea       0x1e Drivers\STM32WBxx_HAL_Driver\Src\stm32wbxx_hal_rcc.o
 .text.LL_RCC_HSI_IsReady
                0x08001e08       0x24 Drivers\STM32WBxx_HAL_Driver\Src\stm32wbxx_hal_rcc.o
 .text.LL_RCC_HSI_SetCalibTrimming
                0x08001e2c       0x2a Drivers\STM32WBxx_HAL_Driver\Src\stm32wbxx_hal_rcc.o
 .text.LL_RCC_HSI48_Enable
                0x08001e56       0x22 Drivers\STM32WBxx_HAL_Driver\Src\stm32wbxx_hal_rcc.o
 .text.LL_RCC_HSI48_Disable
                0x08001e78       0x22 Drivers\STM32WBxx_HAL_Driver\Src\stm32wbxx_hal_rcc.o
 .text.LL_RCC_HSI48_IsReady
                0x08001e9a       0x24 Drivers\STM32WBxx_HAL_Driver\Src\stm32wbxx_hal_rcc.o
 .text.LL_RCC_LSE_Enable
                0x08001ebe       0x22 Drivers\STM32WBxx_HAL_Driver\Src\stm32wbxx_hal_rcc.o
 .text.LL_RCC_LSE_Disable
                0x08001ee0       0x22 Drivers\STM32WBxx_HAL_Driver\Src\stm32wbxx_hal_rcc.o
 .text.LL_RCC_LSE_EnableBypass
                0x08001f02       0x22 Drivers\STM32WBxx_HAL_Driver\Src\stm32wbxx_hal_rcc.o
 .text.LL_RCC_LSE_DisableBypass
                0x08001f24       0x22 Drivers\STM32WBxx_HAL_Driver\Src\stm32wbxx_hal_rcc.o
 .text.LL_RCC_LSE_IsReady
                0x08001f46       0x24 Drivers\STM32WBxx_HAL_Driver\Src\stm32wbxx_hal_rcc.o
 .text.LL_RCC_LSI1_Enable
                0x08001f6a       0x22 Drivers\STM32WBxx_HAL_Driver\Src\stm32wbxx_hal_rcc.o
 .text.LL_RCC_LSI1_Disable
                0x08001f8c       0x22 Drivers\STM32WBxx_HAL_Driver\Src\stm32wbxx_hal_rcc.o
 .text.LL_RCC_LSI1_IsReady
                0x08001fae       0x24 Drivers\STM32WBxx_HAL_Driver\Src\stm32wbxx_hal_rcc.o
 .text.LL_RCC_LSI2_Enable
                0x08001fd2       0x22 Drivers\STM32WBxx_HAL_Driver\Src\stm32wbxx_hal_rcc.o
 .text.LL_RCC_LSI2_Disable
                0x08001ff4       0x22 Drivers\STM32WBxx_HAL_Driver\Src\stm32wbxx_hal_rcc.o
 .text.LL_RCC_LSI2_IsReady
                0x08002016       0x24 Drivers\STM32WBxx_HAL_Driver\Src\stm32wbxx_hal_rcc.o
 .text.LL_RCC_LSI2_SetTrimming
                0x0800203a       0x2e Drivers\STM32WBxx_HAL_Driver\Src\stm32wbxx_hal_rcc.o
 .text.LL_RCC_MSI_Enable
                0x08002068       0x1e Drivers\STM32WBxx_HAL_Driver\Src\stm32wbxx_hal_rcc.o
 .text.LL_RCC_MSI_Disable
                0x08002086       0x1e Drivers\STM32WBxx_HAL_Driver\Src\stm32wbxx_hal_rcc.o
 .text.LL_RCC_MSI_IsReady
                0x080020a4       0x22 Drivers\STM32WBxx_HAL_Driver\Src\stm32wbxx_hal_rcc.o
 .text.LL_RCC_MSI_SetRange
                0x080020c6       0x28 Drivers\STM32WBxx_HAL_Driver\Src\stm32wbxx_hal_rcc.o
 .text.LL_RCC_MSI_GetRange
                0x080020ee       0x2a Drivers\STM32WBxx_HAL_Driver\Src\stm32wbxx_hal_rcc.o
 .text.LL_RCC_MSI_SetCalibTrimming
                0x08002118       0x2a Drivers\STM32WBxx_HAL_Driver\Src\stm32wbxx_hal_rcc.o
 .text.LL_RCC_SetSysClkSource
                0x08002142       0x28 Drivers\STM32WBxx_HAL_Driver\Src\stm32wbxx_hal_rcc.o
 .text.LL_RCC_GetSysClkSource
                0x0800216a       0x18 Drivers\STM32WBxx_HAL_Driver\Src\stm32wbxx_hal_rcc.o
 .text.LL_RCC_SetAHBPrescaler
                0x08002182       0x28 Drivers\STM32WBxx_HAL_Driver\Src\stm32wbxx_hal_rcc.o
 .text.LL_C2_RCC_SetAHBPrescaler
                0x080021aa       0x2c Drivers\STM32WBxx_HAL_Driver\Src\stm32wbxx_hal_rcc.o
 .text.LL_RCC_SetAHB4Prescaler
                0x080021d6       0x2e Drivers\STM32WBxx_HAL_Driver\Src\stm32wbxx_hal_rcc.o
 .text.LL_RCC_SetAPB1Prescaler
                0x08002204       0x28 Drivers\STM32WBxx_HAL_Driver\Src\stm32wbxx_hal_rcc.o
 .text.LL_RCC_SetAPB2Prescaler
                0x0800222c       0x28 Drivers\STM32WBxx_HAL_Driver\Src\stm32wbxx_hal_rcc.o
 .text.LL_RCC_GetAHBPrescaler
                0x08002254       0x18 Drivers\STM32WBxx_HAL_Driver\Src\stm32wbxx_hal_rcc.o
 .text.LL_RCC_GetAHB4Prescaler
                0x0800226c       0x1c Drivers\STM32WBxx_HAL_Driver\Src\stm32wbxx_hal_rcc.o
 .text.LL_RCC_GetAPB1Prescaler
                0x08002288       0x18 Drivers\STM32WBxx_HAL_Driver\Src\stm32wbxx_hal_rcc.o
 .text.LL_RCC_GetAPB2Prescaler
                0x080022a0       0x18 Drivers\STM32WBxx_HAL_Driver\Src\stm32wbxx_hal_rcc.o
 .text.LL_RCC_PLL_Enable
                0x080022b8       0x1e Drivers\STM32WBxx_HAL_Driver\Src\stm32wbxx_hal_rcc.o
 .text.LL_RCC_PLL_Disable
                0x080022d6       0x1e Drivers\STM32WBxx_HAL_Driver\Src\stm32wbxx_hal_rcc.o
 .text.LL_RCC_PLL_IsReady
                0x080022f4       0x24 Drivers\STM32WBxx_HAL_Driver\Src\stm32wbxx_hal_rcc.o
 .text.LL_RCC_PLL_GetN
                0x08002318       0x1a Drivers\STM32WBxx_HAL_Driver\Src\stm32wbxx_hal_rcc.o
 .text.LL_RCC_PLL_GetR
                0x08002332       0x18 Drivers\STM32WBxx_HAL_Driver\Src\stm32wbxx_hal_rcc.o
 .text.LL_RCC_PLL_GetDivider
                0x0800234a       0x18 Drivers\STM32WBxx_HAL_Driver\Src\stm32wbxx_hal_rcc.o
 .text.LL_RCC_PLL_GetMainSource
                0x08002362       0x18 Drivers\STM32WBxx_HAL_Driver\Src\stm32wbxx_hal_rcc.o
 .text.LL_RCC_IsActiveFlag_HPRE
                0x0800237a       0x24 Drivers\STM32WBxx_HAL_Driver\Src\stm32wbxx_hal_rcc.o
 .text.LL_RCC_IsActiveFlag_C2HPRE
                0x0800239e       0x26 Drivers\STM32WBxx_HAL_Driver\Src\stm32wbxx_hal_rcc.o
 .text.LL_RCC_IsActiveFlag_SHDHPRE
                0x080023c4       0x26 Drivers\STM32WBxx_HAL_Driver\Src\stm32wbxx_hal_rcc.o
 .text.LL_RCC_IsActiveFlag_PPRE1
                0x080023ea       0x24 Drivers\STM32WBxx_HAL_Driver\Src\stm32wbxx_hal_rcc.o
 .text.LL_RCC_IsActiveFlag_PPRE2
                0x0800240e       0x24 Drivers\STM32WBxx_HAL_Driver\Src\stm32wbxx_hal_rcc.o
 *fill*         0x08002432        0x2 
 .text.HAL_RCC_OscConfig
                0x08002434      0x6bc Drivers\STM32WBxx_HAL_Driver\Src\stm32wbxx_hal_rcc.o
                0x08002434                HAL_RCC_OscConfig
 .text.HAL_RCC_ClockConfig
                0x08002af0      0x278 Drivers\STM32WBxx_HAL_Driver\Src\stm32wbxx_hal_rcc.o
                0x08002af0                HAL_RCC_ClockConfig
 .text.HAL_RCC_GetSysClockFreq
                0x08002d68       0xd4 Drivers\STM32WBxx_HAL_Driver\Src\stm32wbxx_hal_rcc.o
                0x08002d68                HAL_RCC_GetSysClockFreq
 .text.HAL_RCC_GetHCLKFreq
                0x08002e3c       0x28 Drivers\STM32WBxx_HAL_Driver\Src\stm32wbxx_hal_rcc.o
                0x08002e3c                HAL_RCC_GetHCLKFreq
 .text.HAL_RCC_GetPCLK1Freq
                0x08002e64       0x2c Drivers\STM32WBxx_HAL_Driver\Src\stm32wbxx_hal_rcc.o
                0x08002e64                HAL_RCC_GetPCLK1Freq
 .text.HAL_RCC_GetPCLK2Freq
                0x08002e90       0x2c Drivers\STM32WBxx_HAL_Driver\Src\stm32wbxx_hal_rcc.o
                0x08002e90                HAL_RCC_GetPCLK2Freq
 .text.RCC_SetFlashLatencyFromMSIRange
                0x08002ebc       0x70 Drivers\STM32WBxx_HAL_Driver\Src\stm32wbxx_hal_rcc.o
 .text.RCC_SetFlashLatency
                0x08002f2c      0x100 Drivers\STM32WBxx_HAL_Driver\Src\stm32wbxx_hal_rcc.o
 .text.LL_RCC_LSE_IsEnabled
                0x0800302c       0x24 Drivers\STM32WBxx_HAL_Driver\Src\stm32wbxx_hal_rcc_ex.o
 .text.LL_RCC_LSE_IsReady
                0x08003050       0x24 Drivers\STM32WBxx_HAL_Driver\Src\stm32wbxx_hal_rcc_ex.o
 .text.LL_RCC_SetRFWKPClockSource
                0x08003074       0x2c Drivers\STM32WBxx_HAL_Driver\Src\stm32wbxx_hal_rcc_ex.o
 .text.LL_RCC_SetSMPSClockSource
                0x080030a0       0x28 Drivers\STM32WBxx_HAL_Driver\Src\stm32wbxx_hal_rcc_ex.o
 .text.LL_RCC_SetSMPSPrescaler
                0x080030c8       0x28 Drivers\STM32WBxx_HAL_Driver\Src\stm32wbxx_hal_rcc_ex.o
 .text.LL_RCC_SetUSARTClockSource
                0x080030f0       0x2c Drivers\STM32WBxx_HAL_Driver\Src\stm32wbxx_hal_rcc_ex.o
 .text.LL_RCC_SetLPUARTClockSource
                0x0800311c       0x2c Drivers\STM32WBxx_HAL_Driver\Src\stm32wbxx_hal_rcc_ex.o
 .text.LL_RCC_SetI2CClockSource
                0x08003148       0x3a Drivers\STM32WBxx_HAL_Driver\Src\stm32wbxx_hal_rcc_ex.o
 .text.LL_RCC_SetLPTIMClockSource
                0x08003182       0x34 Drivers\STM32WBxx_HAL_Driver\Src\stm32wbxx_hal_rcc_ex.o
 .text.LL_RCC_SetSAIClockSource
                0x080031b6       0x2c Drivers\STM32WBxx_HAL_Driver\Src\stm32wbxx_hal_rcc_ex.o
 .text.LL_RCC_SetRNGClockSource
                0x080031e2       0x2c Drivers\STM32WBxx_HAL_Driver\Src\stm32wbxx_hal_rcc_ex.o
 .text.LL_RCC_SetCLK48ClockSource
                0x0800320e       0x2c Drivers\STM32WBxx_HAL_Driver\Src\stm32wbxx_hal_rcc_ex.o
 .text.LL_RCC_SetUSBClockSource
                0x0800323a       0x16 Drivers\STM32WBxx_HAL_Driver\Src\stm32wbxx_hal_rcc_ex.o
 .text.LL_RCC_SetADCClockSource
                0x08003250       0x2c Drivers\STM32WBxx_HAL_Driver\Src\stm32wbxx_hal_rcc_ex.o
 .text.LL_RCC_SetRTCClockSource
                0x0800327c       0x2c Drivers\STM32WBxx_HAL_Driver\Src\stm32wbxx_hal_rcc_ex.o
 .text.LL_RCC_GetRTCClockSource
                0x080032a8       0x1a Drivers\STM32WBxx_HAL_Driver\Src\stm32wbxx_hal_rcc_ex.o
 .text.LL_RCC_ForceBackupDomainReset
                0x080032c2       0x22 Drivers\STM32WBxx_HAL_Driver\Src\stm32wbxx_hal_rcc_ex.o
 .text.LL_RCC_ReleaseBackupDomainReset
                0x080032e4       0x22 Drivers\STM32WBxx_HAL_Driver\Src\stm32wbxx_hal_rcc_ex.o
 .text.LL_RCC_PLLSAI1_Enable
                0x08003306       0x1e Drivers\STM32WBxx_HAL_Driver\Src\stm32wbxx_hal_rcc_ex.o
 .text.LL_RCC_PLLSAI1_Disable
                0x08003324       0x1e Drivers\STM32WBxx_HAL_Driver\Src\stm32wbxx_hal_rcc_ex.o
 .text.LL_RCC_PLLSAI1_IsReady
                0x08003342       0x24 Drivers\STM32WBxx_HAL_Driver\Src\stm32wbxx_hal_rcc_ex.o
 .text.HAL_RCCEx_PeriphCLKConfig
                0x08003366      0x2ea Drivers\STM32WBxx_HAL_Driver\Src\stm32wbxx_hal_rcc_ex.o
                0x08003366                HAL_RCCEx_PeriphCLKConfig
 .text.RCCEx_PLLSAI1_ConfigNP
                0x08003650       0xb6 Drivers\STM32WBxx_HAL_Driver\Src\stm32wbxx_hal_rcc_ex.o
 .text.RCCEx_PLLSAI1_ConfigNQ
                0x08003706       0xb6 Drivers\STM32WBxx_HAL_Driver\Src\stm32wbxx_hal_rcc_ex.o
 .text.RCCEx_PLLSAI1_ConfigNR
                0x080037bc       0xb6 Drivers\STM32WBxx_HAL_Driver\Src\stm32wbxx_hal_rcc_ex.o
 .text.HAL_TIM_Base_Init
                0x08003872       0x56 Drivers\STM32WBxx_HAL_Driver\Src\stm32wbxx_hal_tim.o
                0x08003872                HAL_TIM_Base_Init
 .text.HAL_TIM_Base_Start
                0x080038c8       0x54 Drivers\STM32WBxx_HAL_Driver\Src\stm32wbxx_hal_tim.o
                0x080038c8                HAL_TIM_Base_Start
 .text.TIM_Base_SetConfig
                0x0800391c       0xc8 Drivers\STM32WBxx_HAL_Driver\Src\stm32wbxx_hal_tim.o
                0x0800391c                TIM_Base_SetConfig
 .text.LL_RCC_GetUSARTClockSource
                0x080039e4       0x20 Drivers\STM32WBxx_HAL_Driver\Src\stm32wbxx_hal_uart.o
 .text.LL_RCC_GetLPUARTClockSource
                0x08003a04       0x20 Drivers\STM32WBxx_HAL_Driver\Src\stm32wbxx_hal_uart.o
 .text.HAL_UART_Init
                0x08003a24       0xa0 Drivers\STM32WBxx_HAL_Driver\Src\stm32wbxx_hal_uart.o
                0x08003a24                HAL_UART_Init
 .text.HAL_UART_Transmit
                0x08003ac4      0x12a Drivers\STM32WBxx_HAL_Driver\Src\stm32wbxx_hal_uart.o
                0x08003ac4                HAL_UART_Transmit
 *fill*         0x08003bee        0x2 
 .text.HAL_UART_IRQHandler
                0x08003bf0      0x300 Drivers\STM32WBxx_HAL_Driver\Src\stm32wbxx_hal_uart.o
                0x08003bf0                HAL_UART_IRQHandler
 .text.HAL_UART_TxCpltCallback
                0x08003ef0       0x14 Drivers\STM32WBxx_HAL_Driver\Src\stm32wbxx_hal_uart.o
                0x08003ef0                HAL_UART_TxCpltCallback
 .text.HAL_UART_ErrorCallback
                0x08003f04       0x14 Drivers\STM32WBxx_HAL_Driver\Src\stm32wbxx_hal_uart.o
                0x08003f04                HAL_UART_ErrorCallback
 .text.UART_SetConfig
                0x08003f18     0x10a0 Drivers\STM32WBxx_HAL_Driver\Src\stm32wbxx_hal_uart.o
                0x08003f18                UART_SetConfig
 .text.UART_AdvFeatureConfig
                0x08004fb8      0x144 Drivers\STM32WBxx_HAL_Driver\Src\stm32wbxx_hal_uart.o
                0x08004fb8                UART_AdvFeatureConfig
 .text.UART_CheckIdleState
                0x080050fc       0x90 Drivers\STM32WBxx_HAL_Driver\Src\stm32wbxx_hal_uart.o
                0x080050fc                UART_CheckIdleState
 .text.UART_WaitOnFlagUntilTimeout
                0x0800518c      0x100 Drivers\STM32WBxx_HAL_Driver\Src\stm32wbxx_hal_uart.o
                0x0800518c                UART_WaitOnFlagUntilTimeout
 .text.UART_EndRxTransfer
                0x0800528c       0x46 Drivers\STM32WBxx_HAL_Driver\Src\stm32wbxx_hal_uart.o
 .text.UART_DMAAbortOnError
                0x080052d2       0x2c Drivers\STM32WBxx_HAL_Driver\Src\stm32wbxx_hal_uart.o
 .text.UART_EndTransmit_IT
                0x080052fe       0x34 Drivers\STM32WBxx_HAL_Driver\Src\stm32wbxx_hal_uart.o
 .text.HAL_UARTEx_WakeupCallback
                0x08005332       0x14 Drivers\STM32WBxx_HAL_Driver\Src\stm32wbxx_hal_uart_ex.o
                0x08005332                HAL_UARTEx_WakeupCallback
 .text.HAL_UARTEx_RxFifoFullCallback
                0x08005346       0x14 Drivers\STM32WBxx_HAL_Driver\Src\stm32wbxx_hal_uart_ex.o
                0x08005346                HAL_UARTEx_RxFifoFullCallback
 .text.HAL_UARTEx_TxFifoEmptyCallback
                0x0800535a       0x14 Drivers\STM32WBxx_HAL_Driver\Src\stm32wbxx_hal_uart_ex.o
                0x0800535a                HAL_UARTEx_TxFifoEmptyCallback
 .text.HAL_UARTEx_DisableFifoMode
                0x0800536e       0x72 Drivers\STM32WBxx_HAL_Driver\Src\stm32wbxx_hal_uart_ex.o
                0x0800536e                HAL_UARTEx_DisableFifoMode
 .text.HAL_UARTEx_SetTxFifoThreshold
                0x080053e0       0x7c Drivers\STM32WBxx_HAL_Driver\Src\stm32wbxx_hal_uart_ex.o
                0x080053e0                HAL_UARTEx_SetTxFifoThreshold
 .text.HAL_UARTEx_SetRxFifoThreshold
                0x0800545c       0x7c Drivers\STM32WBxx_HAL_Driver\Src\stm32wbxx_hal_uart_ex.o
                0x0800545c                HAL_UARTEx_SetRxFifoThreshold
 .text.UARTEx_SetNbDataToProcess
                0x080054d8       0xd0 Drivers\STM32WBxx_HAL_Driver\Src\stm32wbxx_hal_uart_ex.o
 .text.UART_Send_Start
                0x080055a8       0x30 Src\UART_Print.o
                0x080055a8                UART_Send_Start
 .text.UART_Print_float
                0x080055d8       0x2c Src\UART_Print.o
                0x080055d8                UART_Print_float
 .text.empty    0x08005604       0x2a Src\circular_buffer.o
                0x08005604                empty
 .text.front    0x0800562e       0x22 Src\circular_buffer.o
                0x0800562e                front
 .text.pop_front
                0x08005650       0x40 Src\circular_buffer.o
                0x08005650                pop_front
 .text.append_back
                0x08005690       0x34 Src\circular_buffer.o
                0x08005690                append_back
 .text.process_pulse_lengths
                0x080056c4       0xd4 Src\cycle_phase_classifier.o
                0x080056c4                process_pulse_lengths
 .text.get_phase
                0x08005798       0x30 Src\cycle_phase_classifier.o
                0x08005798                get_phase
 .text.reset    0x080057c8       0x34 Src\cycle_phase_classifier.o
                0x080057c8                reset
 .text.consume_angles
                0x080057fc      0x14e Src\geometry.o
                0x080057fc                consume_angles
 .text.vec_cross_product
                0x0800594a       0xaa Src\geometry.o
                0x0800594a                vec_cross_product
 .text.vec_length
                0x080059f4       0x5a Src\geometry.o
                0x080059f4                vec_length
 .text.calc_ray_vec
                0x08005a4e      0x10c Src\geometry.o
                0x08005a4e                calc_ray_vec
 *fill*         0x08005b5a        0x2 
 .text.intersect_lines
                0x08005b5c      0x1bc Src\geometry.o
                0x08005b5c                intersect_lines
 .text.LL_AHB2_GRP1_EnableClock
                0x08005d18       0x32 Src\gpio.o
 *fill*         0x08005d4a        0x2 
 .text.MX_GPIO_Init
                0x08005d4c       0xe8 Src\gpio.o
                0x08005d4c                MX_GPIO_Init
 .text.do_work_input
                0x08005e34       0x44 Src\input.o
                0x08005e34                do_work_input
 .text.enqueue_pulse
                0x08005e78       0x42 Src\input.o
                0x08005e78                enqueue_pulse
 *fill*         0x08005eba        0x2 
 .text.main     0x08005ebc      0x18c Src\main.o
                0x08005ebc                main
 .text.SystemClock_Config
                0x08006048       0xe4 Src\main.o
                0x08006048                SystemClock_Config
 .text.HAL_GPIO_EXTI_Callback
                0x0800612c       0xa0 Src\main.o
                0x0800612c                HAL_GPIO_EXTI_Callback
 .text.Error_Handler
                0x080061cc        0xe Src\main.o
                0x080061cc                Error_Handler
 .text._PulseProcessor
                0x080061da       0xa0 Src\pulse_processor.o
                0x080061da                _PulseProcessor
 .text.consume_pulse
                0x0800627a       0x36 Src\pulse_processor.o
                0x0800627a                consume_pulse
 .text.process_long_pulse
                0x080062b0      0x118 Src\pulse_processor.o
                0x080062b0                process_long_pulse
 .text.process_short_pulse
                0x080063c8       0x32 Src\pulse_processor.o
                0x080063c8                process_short_pulse
 *fill*         0x080063fa        0x2 
 .text.process_cycle_fix
                0x080063fc      0x3c0 Src\pulse_processor.o
                0x080063fc                process_cycle_fix
 .text.reset_cycle_long_pulses
                0x080067bc       0x92 Src\pulse_processor.o
                0x080067bc                reset_cycle_long_pulses
 .text.reset_unclassified_long_pulses
                0x0800684e       0x4e Src\pulse_processor.o
                0x0800684e                reset_unclassified_long_pulses
 .text.reset_cycle_short_pulses
                0x0800689c       0x4e Src\pulse_processor.o
                0x0800689c                reset_cycle_short_pulses
 .text.do_work_pulse_processor
                0x080068ea       0x5e Src\pulse_processor.o
                0x080068ea                do_work_pulse_processor
 .text.HAL_MspInit
                0x08006948        0xe Src\stm32wbxx_hal_msp.o
                0x08006948                HAL_MspInit
 .text.NMI_Handler
                0x08006956        0xe Src\stm32wbxx_it.o
                0x08006956                NMI_Handler
 .text.HardFault_Handler
                0x08006964        0x6 Src\stm32wbxx_it.o
                0x08006964                HardFault_Handler
 .text.MemManage_Handler
                0x0800696a        0x6 Src\stm32wbxx_it.o
                0x0800696a                MemManage_Handler
 .text.BusFault_Handler
                0x08006970        0x6 Src\stm32wbxx_it.o
                0x08006970                BusFault_Handler
 .text.UsageFault_Handler
                0x08006976        0x6 Src\stm32wbxx_it.o
                0x08006976                UsageFault_Handler
 .text.SVC_Handler
                0x0800697c        0xe Src\stm32wbxx_it.o
                0x0800697c                SVC_Handler
 .text.DebugMon_Handler
                0x0800698a        0xe Src\stm32wbxx_it.o
                0x0800698a                DebugMon_Handler
 .text.PendSV_Handler
                0x08006998        0xe Src\stm32wbxx_it.o
                0x08006998                PendSV_Handler
 .text.SysTick_Handler
                0x080069a6        0xc Src\stm32wbxx_it.o
                0x080069a6                SysTick_Handler
 .text.EXTI0_IRQHandler
                0x080069b2        0xe Src\stm32wbxx_it.o
                0x080069b2                EXTI0_IRQHandler
 .text.USART1_IRQHandler
                0x080069c0       0x14 Src\stm32wbxx_it.o
                0x080069c0                USART1_IRQHandler
 .text._sbrk    0x080069d4       0x58 Src\syscalls.o
                0x080069d4                _sbrk
 .text.SystemInit
                0x08006a2c       0xac Src\system_stm32wbxx.o
                0x08006a2c                SystemInit
 .text.SystemCoreClockUpdate
                0x08006ad8      0x144 Src\system_stm32wbxx.o
                0x08006ad8                SystemCoreClockUpdate
 .text.LL_APB2_GRP1_EnableClock
                0x08006c1c       0x32 Src\tim.o
 *fill*         0x08006c4e        0x2 
 .text.MX_TIM16_Init
                0x08006c50       0x4c Src\tim.o
                0x08006c50                MX_TIM16_Init
 .text.HAL_TIM_Base_MspInit
                0x08006c9c       0x28 Src\tim.o
                0x08006c9c                HAL_TIM_Base_MspInit
 .text.LL_AHB2_GRP1_EnableClock
                0x08006cc4       0x32 Src\usart.o
 .text.LL_APB2_GRP1_EnableClock
                0x08006cf6       0x32 Src\usart.o
 .text.MX_USART1_UART_Init
                0x08006d28       0x98 Src\usart.o
                0x08006d28                MX_USART1_UART_Init
 .text.HAL_UART_MspInit
                0x08006dc0       0x9c Src\usart.o
                0x08006dc0                HAL_UART_MspInit
 .text.vector_init
                0x08006e5c       0x30 Src\vector.o
                0x08006e5c                vector_init
 .text.vector_resize
                0x08006e8c       0x36 Src\vector.o
                0x08006e8c                vector_resize
 .text.vector_push
                0x08006ec2       0x42 Src\vector.o
                0x08006ec2                vector_push
 .text.vector_get
                0x08006f04       0x36 Src\vector.o
                0x08006f04                vector_get
 .text.vector_pop
                0x08006f3a       0x6c Src\vector.o
                0x08006f3a                vector_pop
 .text.vector_free
                0x08006fa6       0x1a Src\vector.o
                0x08006fa6                vector_free
 .text.Reset_Handler
                0x08006fc0       0x50 startup\startup_stm32wb55xx_cm4.o
                0x08006fc0                Reset_Handler
 .text.Default_Handler
                0x08007010        0x2 startup\startup_stm32wb55xx_cm4.o
                0x08007010                RTC_Alarm_IRQHandler
                0x08007010                EXTI2_IRQHandler
                0x08007010                TIM1_CC_IRQHandler
                0x08007010                TSC_IRQHandler
                0x08007010                USB_HP_IRQHandler
                0x08007010                EXTI3_IRQHandler
                0x08007010                LPTIM2_IRQHandler
                0x08007010                I2C3_ER_IRQHandler
                0x08007010                FPU_IRQHandler
                0x08007010                TIM1_UP_TIM16_IRQHandler
                0x08007010                AES1_IRQHandler
                0x08007010                SPI1_IRQHandler
                0x08007010                PWR_SOTF_BLEACT_802ACT_RFPHASE_IRQHandler
                0x08007010                DMA2_Channel2_IRQHandler
                0x08007010                DMA1_Channel4_IRQHandler
                0x08007010                ADC1_IRQHandler
                0x08007010                PKA_IRQHandler
                0x08007010                DMA1_Channel7_IRQHandler
                0x08007010                LCD_IRQHandler
                0x08007010                IPCC_C1_TX_IRQHandler
                0x08007010                DMA2_Channel1_IRQHandler
                0x08007010                QUADSPI_IRQHandler
                0x08007010                I2C1_EV_IRQHandler
                0x08007010                DMAMUX1_OVR_IRQHandler
                0x08007010                DMA1_Channel6_IRQHandler
                0x08007010                DMA2_Channel4_IRQHandler
                0x08007010                RCC_IRQHandler
                0x08007010                DMA1_Channel1_IRQHandler
                0x08007010                Default_Handler
                0x08007010                DMA2_Channel7_IRQHandler
                0x08007010                EXTI15_10_IRQHandler
                0x08007010                IPCC_C1_RX_IRQHandler
                0x08007010                C2SEV_PWR_C2H_IRQHandler
                0x08007010                AES2_IRQHandler
                0x08007010                I2C3_EV_IRQHandler
                0x08007010                EXTI9_5_IRQHandler
                0x08007010                RTC_WKUP_IRQHandler
                0x08007010                PVD_PVM_IRQHandler
                0x08007010                SPI2_IRQHandler
                0x08007010                DMA2_Channel5_IRQHandler
                0x08007010                CRS_IRQHandler
                0x08007010                DMA1_Channel5_IRQHandler
                0x08007010                USB_LP_IRQHandler
                0x08007010                EXTI4_IRQHandler
                0x08007010                RNG_IRQHandler
                0x08007010                TIM1_TRG_COM_TIM17_IRQHandler
                0x08007010                TAMP_STAMP_LSECSS_IRQHandler
                0x08007010                DMA1_Channel3_IRQHandler
                0x08007010                COMP_IRQHandler
                0x08007010                HSEM_IRQHandler
                0x08007010                WWDG_IRQHandler
                0x08007010                LPUART1_IRQHandler
                0x08007010                DMA2_Channel6_IRQHandler
                0x08007010                TIM2_IRQHandler
                0x08007010                TIM1_BRK_IRQHandler
                0x08007010                EXTI1_IRQHandler
                0x08007010                DMA1_Channel2_IRQHandler
                0x08007010                FLASH_IRQHandler
                0x08007010                I2C1_ER_IRQHandler
                0x08007010                LPTIM1_IRQHandler
                0x08007010                SAI1_IRQHandler
                0x08007010                DMA2_Channel3_IRQHandler
 *fill*         0x08007012        0x2 
 .text.__errno  0x08007014        0xc c:/program files (x86)/atollic/truestudio for stm32 9.3.0/armtools/bin/../lib/gcc/arm-atollic-eabi/6.3.1/../../../../arm-atollic-eabi/lib/armv7e-m/fpu\libc_nano.a(lib_a-errno.o)
                0x08007014                __errno
 .text.__libc_init_array
                0x08007020       0x48 c:/program files (x86)/atollic/truestudio for stm32 9.3.0/armtools/bin/../lib/gcc/arm-atollic-eabi/6.3.1/../../../../arm-atollic-eabi/lib/armv7e-m/fpu\libc_nano.a(lib_a-init.o)
                0x08007020                __libc_init_array
 .text.malloc   0x08007068       0x10 c:/program files (x86)/atollic/truestudio for stm32 9.3.0/armtools/bin/../lib/gcc/arm-atollic-eabi/6.3.1/../../../../arm-atollic-eabi/lib/armv7e-m/fpu\libc_nano.a(lib_a-malloc.o)
                0x08007068                malloc
 .text.free     0x08007078       0x10 c:/program files (x86)/atollic/truestudio for stm32 9.3.0/armtools/bin/../lib/gcc/arm-atollic-eabi/6.3.1/../../../../arm-atollic-eabi/lib/armv7e-m/fpu\libc_nano.a(lib_a-malloc.o)
                0x08007078                free
 .text.memcpy   0x08007088       0x16 c:/program files (x86)/atollic/truestudio for stm32 9.3.0/armtools/bin/../lib/gcc/arm-atollic-eabi/6.3.1/../../../../arm-atollic-eabi/lib/armv7e-m/fpu\libc_nano.a(lib_a-memcpy-stub.o)
                0x08007088                memcpy
 .text.memset   0x0800709e       0x10 c:/program files (x86)/atollic/truestudio for stm32 9.3.0/armtools/bin/../lib/gcc/arm-atollic-eabi/6.3.1/../../../../arm-atollic-eabi/lib/armv7e-m/fpu\libc_nano.a(lib_a-memset.o)
                0x0800709e                memset
 *fill*         0x080070ae        0x2 
 .text._free_r  0x080070b0       0x9c c:/program files (x86)/atollic/truestudio for stm32 9.3.0/armtools/bin/../lib/gcc/arm-atollic-eabi/6.3.1/../../../../arm-atollic-eabi/lib/armv7e-m/fpu\libc_nano.a(lib_a-nano-freer.o)
                0x080070b0                _free_r
 .text._malloc_r
                0x0800714c       0xbc c:/program files (x86)/atollic/truestudio for stm32 9.3.0/armtools/bin/../lib/gcc/arm-atollic-eabi/6.3.1/../../../../arm-atollic-eabi/lib/armv7e-m/fpu\libc_nano.a(lib_a-nano-mallocr.o)
                0x0800714c                _malloc_r
 .text.realloc  0x08007208       0x10 c:/program files (x86)/atollic/truestudio for stm32 9.3.0/armtools/bin/../lib/gcc/arm-atollic-eabi/6.3.1/../../../../arm-atollic-eabi/lib/armv7e-m/fpu\libc_nano.a(lib_a-realloc.o)
                0x08007208                realloc
 .text._sbrk_r  0x08007218       0x20 c:/program files (x86)/atollic/truestudio for stm32 9.3.0/armtools/bin/../lib/gcc/arm-atollic-eabi/6.3.1/../../../../arm-atollic-eabi/lib/armv7e-m/fpu\libc_nano.a(lib_a-sbrkr.o)
                0x08007218                _sbrk_r
 .text.__malloc_lock
                0x08007238        0x2 c:/program files (x86)/atollic/truestudio for stm32 9.3.0/armtools/bin/../lib/gcc/arm-atollic-eabi/6.3.1/../../../../arm-atollic-eabi/lib/armv7e-m/fpu\libc_nano.a(lib_a-mlock.o)
                0x08007238                __malloc_lock
 .text.__malloc_unlock
                0x0800723a        0x2 c:/program files (x86)/atollic/truestudio for stm32 9.3.0/armtools/bin/../lib/gcc/arm-atollic-eabi/6.3.1/../../../../arm-atollic-eabi/lib/armv7e-m/fpu\libc_nano.a(lib_a-mlock.o)
                0x0800723a                __malloc_unlock
 .text._realloc_r
                0x0800723c       0x4c c:/program files (x86)/atollic/truestudio for stm32 9.3.0/armtools/bin/../lib/gcc/arm-atollic-eabi/6.3.1/../../../../arm-atollic-eabi/lib/armv7e-m/fpu\libc_nano.a(lib_a-nano-reallocr.o)
                0x0800723c                _realloc_r
 .text._malloc_usable_size_r
                0x08007288       0x12 c:/program files (x86)/atollic/truestudio for stm32 9.3.0/armtools/bin/../lib/gcc/arm-atollic-eabi/6.3.1/../../../../arm-atollic-eabi/lib/armv7e-m/fpu\libc_nano.a(lib_a-nano-msizer.o)
                0x08007288                _malloc_usable_size_r
 *fill*         0x0800729a        0x2 
 .text.sqrtf    0x0800729c       0xa0 c:/program files (x86)/atollic/truestudio for stm32 9.3.0/armtools/bin/../lib/gcc/arm-atollic-eabi/6.3.1/../../../../arm-atollic-eabi/lib/armv7e-m/fpu\libm.a(lib_a-wf_sqrt.o)
                0x0800729c                sqrtf
 .text.__ieee754_sqrtf
                0x0800733c       0x8e c:/program files (x86)/atollic/truestudio for stm32 9.3.0/armtools/bin/../lib/gcc/arm-atollic-eabi/6.3.1/../../../../arm-atollic-eabi/lib/armv7e-m/fpu\libm.a(lib_a-ef_sqrt.o)
                0x0800733c                __ieee754_sqrtf
 .text.matherr  0x080073ca        0x4 c:/program files (x86)/atollic/truestudio for stm32 9.3.0/armtools/bin/../lib/gcc/arm-atollic-eabi/6.3.1/../../../../arm-atollic-eabi/lib/armv7e-m/fpu\libm.a(lib_a-s_matherr.o)
                0x080073ca                matherr
 *(.glue_7)
 .glue_7        0x080073ce        0x0 linker stubs
 *(.glue_7t)
 .glue_7t       0x080073ce        0x0 linker stubs
 *(.eh_frame)
 *fill*         0x080073ce        0x2 
 .eh_frame      0x080073d0        0x0 c:/program files (x86)/atollic/truestudio for stm32 9.3.0/armtools/bin/../lib/gcc/arm-atollic-eabi/6.3.1/armv7e-m/fpu/crtbegin.o
 *(.init)
 .init          0x080073d0        0x4 c:/program files (x86)/atollic/truestudio for stm32 9.3.0/armtools/bin/../lib/gcc/arm-atollic-eabi/6.3.1/armv7e-m/fpu/crti.o
                0x080073d0                _init
 .init          0x080073d4        0x8 c:/program files (x86)/atollic/truestudio for stm32 9.3.0/armtools/bin/../lib/gcc/arm-atollic-eabi/6.3.1/armv7e-m/fpu/crtn.o
 *(.fini)
 .fini          0x080073dc        0x4 c:/program files (x86)/atollic/truestudio for stm32 9.3.0/armtools/bin/../lib/gcc/arm-atollic-eabi/6.3.1/armv7e-m/fpu/crti.o
                0x080073dc                _fini
 .fini          0x080073e0        0x8 c:/program files (x86)/atollic/truestudio for stm32 9.3.0/armtools/bin/../lib/gcc/arm-atollic-eabi/6.3.1/armv7e-m/fpu/crtn.o
                0x080073e8                . = ALIGN (0x4)
                0x080073e8                _etext = .

.vfp11_veneer   0x080073e8        0x0
 .vfp11_veneer  0x080073e8        0x0 linker stubs

.v4_bx          0x080073e8        0x0
 .v4_bx         0x080073e8        0x0 linker stubs

.iplt           0x080073e8        0x0
 .iplt          0x080073e8        0x0 c:/program files (x86)/atollic/truestudio for stm32 9.3.0/armtools/bin/../lib/gcc/arm-atollic-eabi/6.3.1/armv7e-m/fpu/crtbegin.o

.rodata         0x080073e8      0xa18
                0x080073e8                . = ALIGN (0x4)
 *(.rodata)
 .rodata        0x080073e8       0x2c Drivers\STM32WBxx_HAL_Driver\Src\stm32wbxx_hal_rcc.o
 .rodata        0x08007414       0x10 Drivers\STM32WBxx_HAL_Driver\Src\stm32wbxx_hal_uart_ex.o
 .rodata        0x08007424        0x7 Src\UART_Print.o
 *fill*         0x0800742b        0x1 
 .rodata        0x0800742c      0x120 Src\main.o
 *(.rodata*)
 .rodata.sinTable_f32
                0x0800754c      0x804 Drivers\CMSIS\DSP\Source\CommonTables\arm_common_tables.o
                0x0800754c                sinTable_f32
 .rodata.phases.10887
                0x08007d50        0x4 Src\cycle_phase_classifier.o
 .rodata.long_pulse_starts
                0x08007d54        0x4 Src\pulse_processor.o
                0x08007d54                long_pulse_starts
 .rodata.AHBPrescTable
                0x08007d58       0x40 Src\system_stm32wbxx.o
                0x08007d58                AHBPrescTable
 .rodata.APBPrescTable
                0x08007d98       0x20 Src\system_stm32wbxx.o
                0x08007d98                APBPrescTable
 .rodata.MSIRangeTable
                0x08007db8       0x40 Src\system_stm32wbxx.o
                0x08007db8                MSIRangeTable
 .rodata.sqrtf.str1.1
                0x08007df8        0x6 c:/program files (x86)/atollic/truestudio for stm32 9.3.0/armtools/bin/../lib/gcc/arm-atollic-eabi/6.3.1/../../../../arm-atollic-eabi/lib/armv7e-m/fpu\libm.a(lib_a-wf_sqrt.o)
                0x08007e00                . = ALIGN (0x4)
 *fill*         0x08007dfe        0x2 

.ARM.extab
 *(.ARM.extab* .gnu.linkonce.armextab.*)

.ARM            0x08007e00        0x8
                0x08007e00                __exidx_start = .
 *(.ARM.exidx*)
 .ARM.exidx     0x08007e00        0x8 c:/program files (x86)/atollic/truestudio for stm32 9.3.0/armtools/bin/../lib/gcc/arm-atollic-eabi/6.3.1/armv7e-m/fpu\libgcc.a(_udivmoddi4.o)
                0x08007e08                __exidx_end = .

.rel.dyn        0x08007e08        0x0
 .rel.iplt      0x08007e08        0x0 c:/program files (x86)/atollic/truestudio for stm32 9.3.0/armtools/bin/../lib/gcc/arm-atollic-eabi/6.3.1/armv7e-m/fpu/crtbegin.o

.preinit_array  0x08007e08        0x0
                0x08007e08                PROVIDE (__preinit_array_start, .)
 *(.preinit_array*)
                0x08007e08                PROVIDE (__preinit_array_end, .)

.init_array     0x08007e08        0x4
                0x08007e08                PROVIDE (__init_array_start, .)
 *(SORT(.init_array.*))
 *(.init_array*)
 .init_array    0x08007e08        0x4 c:/program files (x86)/atollic/truestudio for stm32 9.3.0/armtools/bin/../lib/gcc/arm-atollic-eabi/6.3.1/armv7e-m/fpu/crtbegin.o
                0x08007e0c                PROVIDE (__init_array_end, .)

.fini_array     0x08007e0c        0x4
                [!provide]                PROVIDE (__fini_array_start, .)
 *(SORT(.fini_array.*))
 *(.fini_array*)
 .fini_array    0x08007e0c        0x4 c:/program files (x86)/atollic/truestudio for stm32 9.3.0/armtools/bin/../lib/gcc/arm-atollic-eabi/6.3.1/armv7e-m/fpu/crtbegin.o
                [!provide]                PROVIDE (__fini_array_end, .)
                0x08007e10                _sidata = LOADADDR (.data)

.data           0x20000004       0x74 load address 0x08007e10
                0x20000004                . = ALIGN (0x4)
                0x20000004                _sdata = .
 *(.data)
 *(.data*)
 .data.uwTickPrio
                0x20000004        0x4 Drivers\STM32WBxx_HAL_Driver\Src\stm32wbxx_hal.o
                0x20000004                uwTickPrio
 .data.uwTickFreq
                0x20000008        0x4 Drivers\STM32WBxx_HAL_Driver\Src\stm32wbxx_hal.o
                0x20000008                uwTickFreq
 .data.SystemCoreClock
                0x2000000c        0x4 Src\system_stm32wbxx.o
                0x2000000c                SystemCoreClock
 .data._impure_ptr
                0x20000010        0x4 c:/program files (x86)/atollic/truestudio for stm32 9.3.0/armtools/bin/../lib/gcc/arm-atollic-eabi/6.3.1/../../../../arm-atollic-eabi/lib/armv7e-m/fpu\libc_nano.a(lib_a-impure.o)
                0x20000010                _impure_ptr
 .data.impure_data
                0x20000014       0x60 c:/program files (x86)/atollic/truestudio for stm32 9.3.0/armtools/bin/../lib/gcc/arm-atollic-eabi/6.3.1/../../../../arm-atollic-eabi/lib/armv7e-m/fpu\libc_nano.a(lib_a-impure.o)
 .data.__fdlib_version
                0x20000074        0x1 c:/program files (x86)/atollic/truestudio for stm32 9.3.0/armtools/bin/../lib/gcc/arm-atollic-eabi/6.3.1/../../../../arm-atollic-eabi/lib/armv7e-m/fpu\libm.a(lib_a-s_lib_ver.o)
                0x20000074                __fdlib_version
                0x20000078                . = ALIGN (0x4)
 *fill*         0x20000075        0x3 
                0x20000078                _edata = .

.igot.plt       0x20000078        0x0 load address 0x08007e84
 .igot.plt      0x20000078        0x0 c:/program files (x86)/atollic/truestudio for stm32 9.3.0/armtools/bin/../lib/gcc/arm-atollic-eabi/6.3.1/armv7e-m/fpu/crtbegin.o
                0x20000078                . = ALIGN (0x4)

.bss            0x20000078      0x51c load address 0x08007e84
                0x20000078                _sbss = .
                0x20000078                __bss_start__ = _sbss
 *(.bss)
 .bss           0x20000078       0x1c c:/program files (x86)/atollic/truestudio for stm32 9.3.0/armtools/bin/../lib/gcc/arm-atollic-eabi/6.3.1/armv7e-m/fpu/crtbegin.o
 *(.bss*)
 .bss.heap_end.7010
                0x20000094        0x4 Src\syscalls.o
 .bss.__malloc_free_list
                0x20000098        0x4 c:/program files (x86)/atollic/truestudio for stm32 9.3.0/armtools/bin/../lib/gcc/arm-atollic-eabi/6.3.1/../../../../arm-atollic-eabi/lib/armv7e-m/fpu\libc_nano.a(lib_a-nano-mallocr.o)
                0x20000098                __malloc_free_list
 .bss.__malloc_sbrk_start
                0x2000009c        0x4 c:/program files (x86)/atollic/truestudio for stm32 9.3.0/armtools/bin/../lib/gcc/arm-atollic-eabi/6.3.1/../../../../arm-atollic-eabi/lib/armv7e-m/fpu\libc_nano.a(lib_a-nano-mallocr.o)
                0x2000009c                __malloc_sbrk_start
 *(COMMON)
 COMMON         0x200000a0        0x4 Drivers\STM32WBxx_HAL_Driver\Src\stm32wbxx_hal.o
                0x200000a0                uwTick
 COMMON         0x200000a4      0x420 Src\main.o
                0x200000a4                timestamp
                0x200000a8                input
 COMMON         0x200004c4       0x40 Src\tim.o
                0x200004c4                htim16
 COMMON         0x20000504       0x8c Src\usart.o
                0x20000504                huart1
 COMMON         0x20000590        0x4 c:/program files (x86)/atollic/truestudio for stm32 9.3.0/armtools/bin/../lib/gcc/arm-atollic-eabi/6.3.1/../../../../arm-atollic-eabi/lib/armv7e-m/fpu\libc_nano.a(lib_a-reent.o)
                0x20000590                errno
                0x20000594                . = ALIGN (0x4)
                0x20000594                _ebss = .
                0x20000594                __bss_end__ = _ebss

._user_heap_stack
                0x20000594      0x604 load address 0x08007e84
                0x20000598                . = ALIGN (0x8)
 *fill*         0x20000594        0x4 
                0x20000598                PROVIDE (end, .)
                [!provide]                PROVIDE (_end, .)
                0x20000798                . = (. + _Min_Heap_Size)
 *fill*         0x20000598      0x200 
                0x20000b98                . = (. + _Min_Stack_Size)
 *fill*         0x20000798      0x400 
                0x20000b98                . = ALIGN (0x8)

/DISCARD/
 libc.a(*)
 libm.a(*)
 libgcc.a(*)

.ARM.attributes
                0x00000000       0x30
 *(.ARM.attributes)
 .ARM.attributes
                0x00000000       0x22 c:/program files (x86)/atollic/truestudio for stm32 9.3.0/armtools/bin/../lib/gcc/arm-atollic-eabi/6.3.1/armv7e-m/fpu/crti.o
 .ARM.attributes
                0x00000022       0x34 c:/program files (x86)/atollic/truestudio for stm32 9.3.0/armtools/bin/../lib/gcc/arm-atollic-eabi/6.3.1/armv7e-m/fpu/crtbegin.o
 .ARM.attributes
                0x00000056       0x39 Drivers\CMSIS\DSP\Source\BasicMathFunctions\arm_add_f32.o
 .ARM.attributes
                0x0000008f       0x39 Drivers\CMSIS\DSP\Source\BasicMathFunctions\arm_dot_prod_f32.o
 .ARM.attributes
                0x000000c8       0x39 Drivers\CMSIS\DSP\Source\BasicMathFunctions\arm_scale_f32.o
 .ARM.attributes
                0x00000101       0x39 Drivers\CMSIS\DSP\Source\BasicMathFunctions\arm_sub_f32.o
 .ARM.attributes
                0x0000013a       0x39 Drivers\CMSIS\DSP\Source\CommonTables\arm_common_tables.o
 .ARM.attributes
                0x00000173       0x39 Drivers\CMSIS\DSP\Source\FastMathFunctions\arm_cos_f32.o
 .ARM.attributes
                0x000001ac       0x39 Drivers\CMSIS\DSP\Source\FastMathFunctions\arm_sin_f32.o
 .ARM.attributes
                0x000001e5       0x39 Drivers\CMSIS\DSP\Source\MatrixFunctions\arm_mat_mult_f32.o
 .ARM.attributes
                0x0000021e       0x39 Drivers\CMSIS\DSP\Source\StatisticsFunctions\arm_power_f32.o
 .ARM.attributes
                0x00000257       0x39 Drivers\STM32WBxx_HAL_Driver\Src\stm32wbxx_hal.o
 .ARM.attributes
                0x00000290       0x39 Drivers\STM32WBxx_HAL_Driver\Src\stm32wbxx_hal_cortex.o
 .ARM.attributes
                0x000002c9       0x39 Drivers\STM32WBxx_HAL_Driver\Src\stm32wbxx_hal_dma.o
 .ARM.attributes
                0x00000302       0x39 Drivers\STM32WBxx_HAL_Driver\Src\stm32wbxx_hal_gpio.o
 .ARM.attributes
                0x0000033b       0x39 Drivers\STM32WBxx_HAL_Driver\Src\stm32wbxx_hal_pwr.o
 .ARM.attributes
                0x00000374       0x39 Drivers\STM32WBxx_HAL_Driver\Src\stm32wbxx_hal_pwr_ex.o
 .ARM.attributes
                0x000003ad       0x39 Drivers\STM32WBxx_HAL_Driver\Src\stm32wbxx_hal_rcc.o
 .ARM.attributes
                0x000003e6       0x39 Drivers\STM32WBxx_HAL_Driver\Src\stm32wbxx_hal_rcc_ex.o
 .ARM.attributes
                0x0000041f       0x39 Drivers\STM32WBxx_HAL_Driver\Src\stm32wbxx_hal_tim.o
 .ARM.attributes
                0x00000458       0x39 Drivers\STM32WBxx_HAL_Driver\Src\stm32wbxx_hal_uart.o
 .ARM.attributes
                0x00000491       0x39 Drivers\STM32WBxx_HAL_Driver\Src\stm32wbxx_hal_uart_ex.o
 .ARM.attributes
                0x000004ca       0x39 Src\UART_Print.o
 .ARM.attributes
                0x00000503       0x39 Src\circular_buffer.o
 .ARM.attributes
                0x0000053c       0x39 Src\cycle_phase_classifier.o
 .ARM.attributes
                0x00000575       0x39 Src\geometry.o
 .ARM.attributes
                0x000005ae       0x39 Src\gpio.o
 .ARM.attributes
                0x000005e7       0x39 Src\input.o
 .ARM.attributes
                0x00000620       0x39 Src\main.o
 .ARM.attributes
                0x00000659       0x39 Src\pulse_processor.o
 .ARM.attributes
                0x00000692       0x39 Src\stm32wbxx_hal_msp.o
 .ARM.attributes
                0x000006cb       0x39 Src\stm32wbxx_it.o
 .ARM.attributes
                0x00000704       0x39 Src\syscalls.o
 .ARM.attributes
                0x0000073d       0x39 Src\system_stm32wbxx.o
 .ARM.attributes
                0x00000776       0x39 Src\tim.o
 .ARM.attributes
                0x000007af       0x39 Src\usart.o
 .ARM.attributes
                0x000007e8       0x39 Src\vector.o
 .ARM.attributes
                0x00000821       0x21 startup\startup_stm32wb55xx_cm4.o
 .ARM.attributes
                0x00000842       0x34 c:/program files (x86)/atollic/truestudio for stm32 9.3.0/armtools/bin/../lib/gcc/arm-atollic-eabi/6.3.1/../../../../arm-atollic-eabi/lib/armv7e-m/fpu\libc_nano.a(lib_a-errno.o)
 .ARM.attributes
                0x00000876       0x34 c:/program files (x86)/atollic/truestudio for stm32 9.3.0/armtools/bin/../lib/gcc/arm-atollic-eabi/6.3.1/../../../../arm-atollic-eabi/lib/armv7e-m/fpu\libc_nano.a(lib_a-impure.o)
 .ARM.attributes
                0x000008aa       0x34 c:/program files (x86)/atollic/truestudio for stm32 9.3.0/armtools/bin/../lib/gcc/arm-atollic-eabi/6.3.1/../../../../arm-atollic-eabi/lib/armv7e-m/fpu\libc_nano.a(lib_a-init.o)
 .ARM.attributes
                0x000008de       0x34 c:/program files (x86)/atollic/truestudio for stm32 9.3.0/armtools/bin/../lib/gcc/arm-atollic-eabi/6.3.1/../../../../arm-atollic-eabi/lib/armv7e-m/fpu\libc_nano.a(lib_a-malloc.o)
 .ARM.attributes
                0x00000912       0x34 c:/program files (x86)/atollic/truestudio for stm32 9.3.0/armtools/bin/../lib/gcc/arm-atollic-eabi/6.3.1/../../../../arm-atollic-eabi/lib/armv7e-m/fpu\libc_nano.a(lib_a-memcpy-stub.o)
 .ARM.attributes
                0x00000946       0x34 c:/program files (x86)/atollic/truestudio for stm32 9.3.0/armtools/bin/../lib/gcc/arm-atollic-eabi/6.3.1/../../../../arm-atollic-eabi/lib/armv7e-m/fpu\libc_nano.a(lib_a-memset.o)
 .ARM.attributes
                0x0000097a       0x34 c:/program files (x86)/atollic/truestudio for stm32 9.3.0/armtools/bin/../lib/gcc/arm-atollic-eabi/6.3.1/../../../../arm-atollic-eabi/lib/armv7e-m/fpu\libc_nano.a(lib_a-nano-freer.o)
 .ARM.attributes
                0x000009ae       0x34 c:/program files (x86)/atollic/truestudio for stm32 9.3.0/armtools/bin/../lib/gcc/arm-atollic-eabi/6.3.1/../../../../arm-atollic-eabi/lib/armv7e-m/fpu\libc_nano.a(lib_a-nano-mallocr.o)
 .ARM.attributes
                0x000009e2       0x34 c:/program files (x86)/atollic/truestudio for stm32 9.3.0/armtools/bin/../lib/gcc/arm-atollic-eabi/6.3.1/../../../../arm-atollic-eabi/lib/armv7e-m/fpu\libc_nano.a(lib_a-realloc.o)
 .ARM.attributes
                0x00000a16       0x34 c:/program files (x86)/atollic/truestudio for stm32 9.3.0/armtools/bin/../lib/gcc/arm-atollic-eabi/6.3.1/../../../../arm-atollic-eabi/lib/armv7e-m/fpu\libc_nano.a(lib_a-sbrkr.o)
 .ARM.attributes
                0x00000a4a       0x1b c:/program files (x86)/atollic/truestudio for stm32 9.3.0/armtools/bin/../lib/gcc/arm-atollic-eabi/6.3.1/../../../../arm-atollic-eabi/lib/armv7e-m/fpu\libc_nano.a(lib_a-strlen.o)
 .ARM.attributes
                0x00000a65       0x34 c:/program files (x86)/atollic/truestudio for stm32 9.3.0/armtools/bin/../lib/gcc/arm-atollic-eabi/6.3.1/../../../../arm-atollic-eabi/lib/armv7e-m/fpu\libc_nano.a(lib_a-mlock.o)
 .ARM.attributes
                0x00000a99       0x34 c:/program files (x86)/atollic/truestudio for stm32 9.3.0/armtools/bin/../lib/gcc/arm-atollic-eabi/6.3.1/../../../../arm-atollic-eabi/lib/armv7e-m/fpu\libc_nano.a(lib_a-nano-reallocr.o)
 .ARM.attributes
                0x00000acd       0x34 c:/program files (x86)/atollic/truestudio for stm32 9.3.0/armtools/bin/../lib/gcc/arm-atollic-eabi/6.3.1/../../../../arm-atollic-eabi/lib/armv7e-m/fpu\libc_nano.a(lib_a-reent.o)
 .ARM.attributes
                0x00000b01       0x34 c:/program files (x86)/atollic/truestudio for stm32 9.3.0/armtools/bin/../lib/gcc/arm-atollic-eabi/6.3.1/../../../../arm-atollic-eabi/lib/armv7e-m/fpu\libc_nano.a(lib_a-nano-msizer.o)
 .ARM.attributes
                0x00000b35       0x34 c:/program files (x86)/atollic/truestudio for stm32 9.3.0/armtools/bin/../lib/gcc/arm-atollic-eabi/6.3.1/../../../../arm-atollic-eabi/lib/armv7e-m/fpu\libm.a(lib_a-wf_sqrt.o)
 .ARM.attributes
                0x00000b69       0x34 c:/program files (x86)/atollic/truestudio for stm32 9.3.0/armtools/bin/../lib/gcc/arm-atollic-eabi/6.3.1/../../../../arm-atollic-eabi/lib/armv7e-m/fpu\libm.a(lib_a-ef_sqrt.o)
 .ARM.attributes
                0x00000b9d       0x34 c:/program files (x86)/atollic/truestudio for stm32 9.3.0/armtools/bin/../lib/gcc/arm-atollic-eabi/6.3.1/../../../../arm-atollic-eabi/lib/armv7e-m/fpu\libm.a(lib_a-s_lib_ver.o)
 .ARM.attributes
                0x00000bd1       0x34 c:/program files (x86)/atollic/truestudio for stm32 9.3.0/armtools/bin/../lib/gcc/arm-atollic-eabi/6.3.1/../../../../arm-atollic-eabi/lib/armv7e-m/fpu\libm.a(lib_a-s_matherr.o)
 .ARM.attributes
                0x00000c05       0x22 c:/program files (x86)/atollic/truestudio for stm32 9.3.0/armtools/bin/../lib/gcc/arm-atollic-eabi/6.3.1/armv7e-m/fpu\libgcc.a(_arm_addsubdf3.o)
 .ARM.attributes
                0x00000c27       0x22 c:/program files (x86)/atollic/truestudio for stm32 9.3.0/armtools/bin/../lib/gcc/arm-atollic-eabi/6.3.1/armv7e-m/fpu\libgcc.a(_arm_muldivdf3.o)
 .ARM.attributes
                0x00000c49       0x22 c:/program files (x86)/atollic/truestudio for stm32 9.3.0/armtools/bin/../lib/gcc/arm-atollic-eabi/6.3.1/armv7e-m/fpu\libgcc.a(_arm_truncdfsf2.o)
 .ARM.attributes
                0x00000c6b       0x22 c:/program files (x86)/atollic/truestudio for stm32 9.3.0/armtools/bin/../lib/gcc/arm-atollic-eabi/6.3.1/armv7e-m/fpu\libgcc.a(_aeabi_uldivmod.o)
 .ARM.attributes
                0x00000c8d       0x34 c:/program files (x86)/atollic/truestudio for stm32 9.3.0/armtools/bin/../lib/gcc/arm-atollic-eabi/6.3.1/armv7e-m/fpu\libgcc.a(_udivmoddi4.o)
 .ARM.attributes
                0x00000cc1       0x22 c:/program files (x86)/atollic/truestudio for stm32 9.3.0/armtools/bin/../lib/gcc/arm-atollic-eabi/6.3.1/armv7e-m/fpu\libgcc.a(_dvmd_tls.o)
 .ARM.attributes
                0x00000ce3       0x22 c:/program files (x86)/atollic/truestudio for stm32 9.3.0/armtools/bin/../lib/gcc/arm-atollic-eabi/6.3.1/armv7e-m/fpu/crtn.o

MAPPING_TABLE
 *(MAPPING_TABLE)

MB_MEM1
 *(MB_MEM1)

MB_MEM2
 *(MB_MEM2)
OUTPUT(irq_test.elf elf32-littlearm)

.debug_info     0x00000000    0x20d1e
 .debug_info    0x00000000      0x9c0 Drivers\CMSIS\DSP\Source\BasicMathFunctions\arm_add_f32.o
 .debug_info    0x000009c0      0x95e Drivers\CMSIS\DSP\Source\BasicMathFunctions\arm_dot_prod_f32.o
 .debug_info    0x0000131e      0x988 Drivers\CMSIS\DSP\Source\BasicMathFunctions\arm_scale_f32.o
 .debug_info    0x00001ca6      0x9c0 Drivers\CMSIS\DSP\Source\BasicMathFunctions\arm_sub_f32.o
 .debug_info    0x00002666     0x1322 Drivers\CMSIS\DSP\Source\CommonTables\arm_common_tables.o
 .debug_info    0x00003988     0x107e Drivers\CMSIS\DSP\Source\FastMathFunctions\arm_cos_f32.o
 .debug_info    0x00004a06     0x107e Drivers\CMSIS\DSP\Source\FastMathFunctions\arm_sin_f32.o
 .debug_info    0x00005a84      0xad8 Drivers\CMSIS\DSP\Source\MatrixFunctions\arm_mat_mult_f32.o
 .debug_info    0x0000655c      0x95d Drivers\CMSIS\DSP\Source\StatisticsFunctions\arm_power_f32.o
 .debug_info    0x00006eb9     0x12f3 Drivers\STM32WBxx_HAL_Driver\Src\stm32wbxx_hal.o
 .debug_info    0x000081ac      0xde4 Drivers\STM32WBxx_HAL_Driver\Src\stm32wbxx_hal_cortex.o
 .debug_info    0x00008f90      0x976 Drivers\STM32WBxx_HAL_Driver\Src\stm32wbxx_hal_dma.o
 .debug_info    0x00009906      0x7d5 Drivers\STM32WBxx_HAL_Driver\Src\stm32wbxx_hal_gpio.o
 .debug_info    0x0000a0db      0x9db Drivers\STM32WBxx_HAL_Driver\Src\stm32wbxx_hal_pwr.o
 .debug_info    0x0000aab6     0x112e Drivers\STM32WBxx_HAL_Driver\Src\stm32wbxx_hal_pwr_ex.o
 .debug_info    0x0000bbe4     0x1549 Drivers\STM32WBxx_HAL_Driver\Src\stm32wbxx_hal_rcc.o
 .debug_info    0x0000d12d     0x1c98 Drivers\STM32WBxx_HAL_Driver\Src\stm32wbxx_hal_rcc_ex.o
 .debug_info    0x0000edc5     0x26e9 Drivers\STM32WBxx_HAL_Driver\Src\stm32wbxx_hal_tim.o
 .debug_info    0x000114ae     0x1b94 Drivers\STM32WBxx_HAL_Driver\Src\stm32wbxx_hal_uart.o
 .debug_info    0x00013042      0xc2d Drivers\STM32WBxx_HAL_Driver\Src\stm32wbxx_hal_uart_ex.o
 .debug_info    0x00013c6f     0x11cc Src\UART_Print.o
 .debug_info    0x00014e3b      0xb43 Src\circular_buffer.o
 .debug_info    0x0001597e      0x424 Src\cycle_phase_classifier.o
 .debug_info    0x00015da2     0x10f7 Src\geometry.o
 .debug_info    0x00016e99      0x877 Src\gpio.o
 .debug_info    0x00017710     0x1540 Src\input.o
 .debug_info    0x00018c50     0x1e27 Src\main.o
 .debug_info    0x0001aa77     0x190c Src\pulse_processor.o
 .debug_info    0x0001c383      0x1fe Src\stm32wbxx_hal_msp.o
 .debug_info    0x0001c581      0x8f3 Src\stm32wbxx_it.o
 .debug_info    0x0001ce74      0xf16 Src\syscalls.o
 .debug_info    0x0001dd8a      0x7b6 Src\system_stm32wbxx.o
 .debug_info    0x0001e540      0xbf2 Src\tim.o
 .debug_info    0x0001f132      0xf69 Src\usart.o
 .debug_info    0x0002009b      0xbfc Src\vector.o
 .debug_info    0x00020c97       0x87 startup\startup_stm32wb55xx_cm4.o

.debug_abbrev   0x00000000     0x445b
 .debug_abbrev  0x00000000      0x1a1 Drivers\CMSIS\DSP\Source\BasicMathFunctions\arm_add_f32.o
 .debug_abbrev  0x000001a1      0x1b0 Drivers\CMSIS\DSP\Source\BasicMathFunctions\arm_dot_prod_f32.o
 .debug_abbrev  0x00000351      0x1b0 Drivers\CMSIS\DSP\Source\BasicMathFunctions\arm_scale_f32.o
 .debug_abbrev  0x00000501      0x1a1 Drivers\CMSIS\DSP\Source\BasicMathFunctions\arm_sub_f32.o
 .debug_abbrev  0x000006a2      0x19b Drivers\CMSIS\DSP\Source\CommonTables\arm_common_tables.o
 .debug_abbrev  0x0000083d      0x1cc Drivers\CMSIS\DSP\Source\FastMathFunctions\arm_cos_f32.o
 .debug_abbrev  0x00000a09      0x1cc Drivers\CMSIS\DSP\Source\FastMathFunctions\arm_sin_f32.o
 .debug_abbrev  0x00000bd5      0x1d0 Drivers\CMSIS\DSP\Source\MatrixFunctions\arm_mat_mult_f32.o
 .debug_abbrev  0x00000da5      0x1b0 Drivers\CMSIS\DSP\Source\StatisticsFunctions\arm_power_f32.o
 .debug_abbrev  0x00000f55      0x2da Drivers\STM32WBxx_HAL_Driver\Src\stm32wbxx_hal.o
 .debug_abbrev  0x0000122f      0x2ec Drivers\STM32WBxx_HAL_Driver\Src\stm32wbxx_hal_cortex.o
 .debug_abbrev  0x0000151b      0x1d4 Drivers\STM32WBxx_HAL_Driver\Src\stm32wbxx_hal_dma.o
 .debug_abbrev  0x000016ef      0x1ce Drivers\STM32WBxx_HAL_Driver\Src\stm32wbxx_hal_gpio.o
 .debug_abbrev  0x000018bd      0x1b4 Drivers\STM32WBxx_HAL_Driver\Src\stm32wbxx_hal_pwr.o
 .debug_abbrev  0x00001a71      0x2d1 Drivers\STM32WBxx_HAL_Driver\Src\stm32wbxx_hal_pwr_ex.o
 .debug_abbrev  0x00001d42      0x245 Drivers\STM32WBxx_HAL_Driver\Src\stm32wbxx_hal_rcc.o
 .debug_abbrev  0x00001f87      0x2d4 Drivers\STM32WBxx_HAL_Driver\Src\stm32wbxx_hal_rcc_ex.o
 .debug_abbrev  0x0000225b      0x229 Drivers\STM32WBxx_HAL_Driver\Src\stm32wbxx_hal_tim.o
 .debug_abbrev  0x00002484      0x234 Drivers\STM32WBxx_HAL_Driver\Src\stm32wbxx_hal_uart.o
 .debug_abbrev  0x000026b8      0x1dd Drivers\STM32WBxx_HAL_Driver\Src\stm32wbxx_hal_uart_ex.o
 .debug_abbrev  0x00002895      0x1ed Src\UART_Print.o
 .debug_abbrev  0x00002a82      0x1f3 Src\circular_buffer.o
 .debug_abbrev  0x00002c75      0x13e Src\cycle_phase_classifier.o
 .debug_abbrev  0x00002db3      0x2b2 Src\geometry.o
 .debug_abbrev  0x00003065      0x176 Src\gpio.o
 .debug_abbrev  0x000031db      0x1e4 Src\input.o
 .debug_abbrev  0x000033bf      0x230 Src\main.o
 .debug_abbrev  0x000035ef      0x286 Src\pulse_processor.o
 .debug_abbrev  0x00003875       0xc5 Src\stm32wbxx_hal_msp.o
 .debug_abbrev  0x0000393a      0x144 Src\stm32wbxx_it.o
 .debug_abbrev  0x00003a7e      0x271 Src\syscalls.o
 .debug_abbrev  0x00003cef      0x15e Src\system_stm32wbxx.o
 .debug_abbrev  0x00003e4d      0x1d9 Src\tim.o
 .debug_abbrev  0x00004026      0x1f1 Src\usart.o
 .debug_abbrev  0x00004217      0x232 Src\vector.o
 .debug_abbrev  0x00004449       0x12 startup\startup_stm32wb55xx_cm4.o

.debug_aranges  0x00000000     0x19e0
 .debug_aranges
                0x00000000       0x20 Drivers\CMSIS\DSP\Source\BasicMathFunctions\arm_add_f32.o
 .debug_aranges
                0x00000020       0x20 Drivers\CMSIS\DSP\Source\BasicMathFunctions\arm_dot_prod_f32.o
 .debug_aranges
                0x00000040       0x20 Drivers\CMSIS\DSP\Source\BasicMathFunctions\arm_scale_f32.o
 .debug_aranges
                0x00000060       0x20 Drivers\CMSIS\DSP\Source\BasicMathFunctions\arm_sub_f32.o
 .debug_aranges
                0x00000080       0x18 Drivers\CMSIS\DSP\Source\CommonTables\arm_common_tables.o
 .debug_aranges
                0x00000098       0x20 Drivers\CMSIS\DSP\Source\FastMathFunctions\arm_cos_f32.o
 .debug_aranges
                0x000000b8       0x20 Drivers\CMSIS\DSP\Source\FastMathFunctions\arm_sin_f32.o
 .debug_aranges
                0x000000d8       0x20 Drivers\CMSIS\DSP\Source\MatrixFunctions\arm_mat_mult_f32.o
 .debug_aranges
                0x000000f8       0x20 Drivers\CMSIS\DSP\Source\StatisticsFunctions\arm_power_f32.o
 .debug_aranges
                0x00000118      0x280 Drivers\STM32WBxx_HAL_Driver\Src\stm32wbxx_hal.o
 .debug_aranges
                0x00000398      0x108 Drivers\STM32WBxx_HAL_Driver\Src\stm32wbxx_hal_cortex.o
 .debug_aranges
                0x000004a0       0x90 Drivers\STM32WBxx_HAL_Driver\Src\stm32wbxx_hal_dma.o
 .debug_aranges
                0x00000530       0x58 Drivers\STM32WBxx_HAL_Driver\Src\stm32wbxx_hal_gpio.o
 .debug_aranges
                0x00000588       0xd0 Drivers\STM32WBxx_HAL_Driver\Src\stm32wbxx_hal_pwr.o
 .debug_aranges
                0x00000658      0x288 Drivers\STM32WBxx_HAL_Driver\Src\stm32wbxx_hal_pwr_ex.o
 .debug_aranges
                0x000008e0      0x298 Drivers\STM32WBxx_HAL_Driver\Src\stm32wbxx_hal_rcc.o
 .debug_aranges
                0x00000b78      0x390 Drivers\STM32WBxx_HAL_Driver\Src\stm32wbxx_hal_rcc_ex.o
 .debug_aranges
                0x00000f08      0x3b8 Drivers\STM32WBxx_HAL_Driver\Src\stm32wbxx_hal_tim.o
 .debug_aranges
                0x000012c0      0x240 Drivers\STM32WBxx_HAL_Driver\Src\stm32wbxx_hal_uart.o
 .debug_aranges
                0x00001500       0x88 Drivers\STM32WBxx_HAL_Driver\Src\stm32wbxx_hal_uart_ex.o
 .debug_aranges
                0x00001588       0x48 Src\UART_Print.o
 .debug_aranges
                0x000015d0       0x40 Src\circular_buffer.o
 .debug_aranges
                0x00001610       0x38 Src\cycle_phase_classifier.o
 .debug_aranges
                0x00001648       0x40 Src\geometry.o
 .debug_aranges
                0x00001688       0x28 Src\gpio.o
 .debug_aranges
                0x000016b0       0x28 Src\input.o
 .debug_aranges
                0x000016d8       0x38 Src\main.o
 .debug_aranges
                0x00001710       0x60 Src\pulse_processor.o
 .debug_aranges
                0x00001770       0x20 Src\stm32wbxx_hal_msp.o
 .debug_aranges
                0x00001790       0x70 Src\stm32wbxx_it.o
 .debug_aranges
                0x00001800       0xb0 Src\syscalls.o
 .debug_aranges
                0x000018b0       0x28 Src\system_stm32wbxx.o
 .debug_aranges
                0x000018d8       0x40 Src\tim.o
 .debug_aranges
                0x00001918       0x48 Src\usart.o
 .debug_aranges
                0x00001960       0x58 Src\vector.o
 .debug_aranges
                0x000019b8       0x28 startup\startup_stm32wb55xx_cm4.o

.debug_ranges   0x00000000     0x17b8
 .debug_ranges  0x00000000       0x10 Drivers\CMSIS\DSP\Source\BasicMathFunctions\arm_add_f32.o
 .debug_ranges  0x00000010       0x10 Drivers\CMSIS\DSP\Source\BasicMathFunctions\arm_dot_prod_f32.o
 .debug_ranges  0x00000020       0x10 Drivers\CMSIS\DSP\Source\BasicMathFunctions\arm_scale_f32.o
 .debug_ranges  0x00000030       0x10 Drivers\CMSIS\DSP\Source\BasicMathFunctions\arm_sub_f32.o
 .debug_ranges  0x00000040       0x10 Drivers\CMSIS\DSP\Source\FastMathFunctions\arm_cos_f32.o
 .debug_ranges  0x00000050       0x10 Drivers\CMSIS\DSP\Source\FastMathFunctions\arm_sin_f32.o
 .debug_ranges  0x00000060       0x10 Drivers\CMSIS\DSP\Source\MatrixFunctions\arm_mat_mult_f32.o
 .debug_ranges  0x00000070       0x10 Drivers\CMSIS\DSP\Source\StatisticsFunctions\arm_power_f32.o
 .debug_ranges  0x00000080      0x270 Drivers\STM32WBxx_HAL_Driver\Src\stm32wbxx_hal.o
 .debug_ranges  0x000002f0       0xf8 Drivers\STM32WBxx_HAL_Driver\Src\stm32wbxx_hal_cortex.o
 .debug_ranges  0x000003e8       0x80 Drivers\STM32WBxx_HAL_Driver\Src\stm32wbxx_hal_dma.o
 .debug_ranges  0x00000468       0x48 Drivers\STM32WBxx_HAL_Driver\Src\stm32wbxx_hal_gpio.o
 .debug_ranges  0x000004b0       0xc0 Drivers\STM32WBxx_HAL_Driver\Src\stm32wbxx_hal_pwr.o
 .debug_ranges  0x00000570      0x278 Drivers\STM32WBxx_HAL_Driver\Src\stm32wbxx_hal_pwr_ex.o
 .debug_ranges  0x000007e8      0x288 Drivers\STM32WBxx_HAL_Driver\Src\stm32wbxx_hal_rcc.o
 .debug_ranges  0x00000a70      0x380 Drivers\STM32WBxx_HAL_Driver\Src\stm32wbxx_hal_rcc_ex.o
 .debug_ranges  0x00000df0      0x3a8 Drivers\STM32WBxx_HAL_Driver\Src\stm32wbxx_hal_tim.o
 .debug_ranges  0x00001198      0x230 Drivers\STM32WBxx_HAL_Driver\Src\stm32wbxx_hal_uart.o
 .debug_ranges  0x000013c8       0x78 Drivers\STM32WBxx_HAL_Driver\Src\stm32wbxx_hal_uart_ex.o
 .debug_ranges  0x00001440       0x38 Src\UART_Print.o
 .debug_ranges  0x00001478       0x30 Src\circular_buffer.o
 .debug_ranges  0x000014a8       0x28 Src\cycle_phase_classifier.o
 .debug_ranges  0x000014d0       0x48 Src\geometry.o
 .debug_ranges  0x00001518       0x18 Src\gpio.o
 .debug_ranges  0x00001530       0x18 Src\input.o
 .debug_ranges  0x00001548       0x28 Src\main.o
 .debug_ranges  0x00001570       0x50 Src\pulse_processor.o
 .debug_ranges  0x000015c0       0x10 Src\stm32wbxx_hal_msp.o
 .debug_ranges  0x000015d0       0x60 Src\stm32wbxx_it.o
 .debug_ranges  0x00001630       0xa0 Src\syscalls.o
 .debug_ranges  0x000016d0       0x18 Src\system_stm32wbxx.o
 .debug_ranges  0x000016e8       0x30 Src\tim.o
 .debug_ranges  0x00001718       0x38 Src\usart.o
 .debug_ranges  0x00001750       0x48 Src\vector.o
 .debug_ranges  0x00001798       0x20 startup\startup_stm32wb55xx_cm4.o

.debug_line     0x00000000     0xbbb9
 .debug_line    0x00000000      0x2a0 Drivers\CMSIS\DSP\Source\BasicMathFunctions\arm_add_f32.o
 .debug_line    0x000002a0      0x29e Drivers\CMSIS\DSP\Source\BasicMathFunctions\arm_dot_prod_f32.o
 .debug_line    0x0000053e      0x29e Drivers\CMSIS\DSP\Source\BasicMathFunctions\arm_scale_f32.o
 .debug_line    0x000007dc      0x2a0 Drivers\CMSIS\DSP\Source\BasicMathFunctions\arm_sub_f32.o
 .debug_line    0x00000a7c      0x281 Drivers\CMSIS\DSP\Source\CommonTables\arm_common_tables.o
 .debug_line    0x00000cfd      0x2a0 Drivers\CMSIS\DSP\Source\FastMathFunctions\arm_cos_f32.o